Archive member included to satisfy reference by file (symbol)

C:/ST/STM32CubeIDE_1.17.0/STM32CubeIDE/plugins/com.st.stm32cube.ide.mcu.externaltools.gnu-tools-for-stm32.12.3.rel1.win32_1.1.0.202410251130/tools/bin/../lib/gcc/arm-none-eabi/12.3.1/../../../../arm-none-eabi/lib/thumb/v8-m.main+fp/hard\libc_nano.a(libc_a-exit.o)
                              C:/ST/STM32CubeIDE_1.17.0/STM32CubeIDE/plugins/com.st.stm32cube.ide.mcu.externaltools.gnu-tools-for-stm32.12.3.rel1.win32_1.1.0.202410251130/tools/bin/../lib/gcc/arm-none-eabi/12.3.1/../../../../arm-none-eabi/lib/thumb/v8-m.main+fp/hard/crt0.o (exit)
C:/ST/STM32CubeIDE_1.17.0/STM32CubeIDE/plugins/com.st.stm32cube.ide.mcu.externaltools.gnu-tools-for-stm32.12.3.rel1.win32_1.1.0.202410251130/tools/bin/../lib/gcc/arm-none-eabi/12.3.1/../../../../arm-none-eabi/lib/thumb/v8-m.main+fp/hard\libc_nano.a(libc_a-findfp.o)
                              C:/ST/STM32CubeIDE_1.17.0/STM32CubeIDE/plugins/com.st.stm32cube.ide.mcu.externaltools.gnu-tools-for-stm32.12.3.rel1.win32_1.1.0.202410251130/tools/bin/../lib/gcc/arm-none-eabi/12.3.1/../../../../arm-none-eabi/lib/thumb/v8-m.main+fp/hard\libc_nano.a(libc_a-exit.o) (__stdio_exit_handler)
C:/ST/STM32CubeIDE_1.17.0/STM32CubeIDE/plugins/com.st.stm32cube.ide.mcu.externaltools.gnu-tools-for-stm32.12.3.rel1.win32_1.1.0.202410251130/tools/bin/../lib/gcc/arm-none-eabi/12.3.1/../../../../arm-none-eabi/lib/thumb/v8-m.main+fp/hard\libc_nano.a(libc_a-fwalk.o)
                              C:/ST/STM32CubeIDE_1.17.0/STM32CubeIDE/plugins/com.st.stm32cube.ide.mcu.externaltools.gnu-tools-for-stm32.12.3.rel1.win32_1.1.0.202410251130/tools/bin/../lib/gcc/arm-none-eabi/12.3.1/../../../../arm-none-eabi/lib/thumb/v8-m.main+fp/hard\libc_nano.a(libc_a-findfp.o) (_fwalk_sglue)
C:/ST/STM32CubeIDE_1.17.0/STM32CubeIDE/plugins/com.st.stm32cube.ide.mcu.externaltools.gnu-tools-for-stm32.12.3.rel1.win32_1.1.0.202410251130/tools/bin/../lib/gcc/arm-none-eabi/12.3.1/../../../../arm-none-eabi/lib/thumb/v8-m.main+fp/hard\libc_nano.a(libc_a-stdio.o)
                              C:/ST/STM32CubeIDE_1.17.0/STM32CubeIDE/plugins/com.st.stm32cube.ide.mcu.externaltools.gnu-tools-for-stm32.12.3.rel1.win32_1.1.0.202410251130/tools/bin/../lib/gcc/arm-none-eabi/12.3.1/../../../../arm-none-eabi/lib/thumb/v8-m.main+fp/hard\libc_nano.a(libc_a-findfp.o) (__sread)
C:/ST/STM32CubeIDE_1.17.0/STM32CubeIDE/plugins/com.st.stm32cube.ide.mcu.externaltools.gnu-tools-for-stm32.12.3.rel1.win32_1.1.0.202410251130/tools/bin/../lib/gcc/arm-none-eabi/12.3.1/../../../../arm-none-eabi/lib/thumb/v8-m.main+fp/hard\libc_nano.a(libc_a-memset.o)
                              C:/ST/STM32CubeIDE_1.17.0/STM32CubeIDE/plugins/com.st.stm32cube.ide.mcu.externaltools.gnu-tools-for-stm32.12.3.rel1.win32_1.1.0.202410251130/tools/bin/../lib/gcc/arm-none-eabi/12.3.1/../../../../arm-none-eabi/lib/thumb/v8-m.main+fp/hard/crt0.o (memset)
C:/ST/STM32CubeIDE_1.17.0/STM32CubeIDE/plugins/com.st.stm32cube.ide.mcu.externaltools.gnu-tools-for-stm32.12.3.rel1.win32_1.1.0.202410251130/tools/bin/../lib/gcc/arm-none-eabi/12.3.1/../../../../arm-none-eabi/lib/thumb/v8-m.main+fp/hard\libc_nano.a(libc_a-closer.o)
                              C:/ST/STM32CubeIDE_1.17.0/STM32CubeIDE/plugins/com.st.stm32cube.ide.mcu.externaltools.gnu-tools-for-stm32.12.3.rel1.win32_1.1.0.202410251130/tools/bin/../lib/gcc/arm-none-eabi/12.3.1/../../../../arm-none-eabi/lib/thumb/v8-m.main+fp/hard\libc_nano.a(libc_a-stdio.o) (_close_r)
C:/ST/STM32CubeIDE_1.17.0/STM32CubeIDE/plugins/com.st.stm32cube.ide.mcu.externaltools.gnu-tools-for-stm32.12.3.rel1.win32_1.1.0.202410251130/tools/bin/../lib/gcc/arm-none-eabi/12.3.1/../../../../arm-none-eabi/lib/thumb/v8-m.main+fp/hard\libc_nano.a(libc_a-reent.o)
                              C:/ST/STM32CubeIDE_1.17.0/STM32CubeIDE/plugins/com.st.stm32cube.ide.mcu.externaltools.gnu-tools-for-stm32.12.3.rel1.win32_1.1.0.202410251130/tools/bin/../lib/gcc/arm-none-eabi/12.3.1/../../../../arm-none-eabi/lib/thumb/v8-m.main+fp/hard\libc_nano.a(libc_a-closer.o) (errno)
C:/ST/STM32CubeIDE_1.17.0/STM32CubeIDE/plugins/com.st.stm32cube.ide.mcu.externaltools.gnu-tools-for-stm32.12.3.rel1.win32_1.1.0.202410251130/tools/bin/../lib/gcc/arm-none-eabi/12.3.1/../../../../arm-none-eabi/lib/thumb/v8-m.main+fp/hard\libc_nano.a(libc_a-impure.o)
                              C:/ST/STM32CubeIDE_1.17.0/STM32CubeIDE/plugins/com.st.stm32cube.ide.mcu.externaltools.gnu-tools-for-stm32.12.3.rel1.win32_1.1.0.202410251130/tools/bin/../lib/gcc/arm-none-eabi/12.3.1/../../../../arm-none-eabi/lib/thumb/v8-m.main+fp/hard\libc_nano.a(libc_a-reent.o) (_impure_ptr)
C:/ST/STM32CubeIDE_1.17.0/STM32CubeIDE/plugins/com.st.stm32cube.ide.mcu.externaltools.gnu-tools-for-stm32.12.3.rel1.win32_1.1.0.202410251130/tools/bin/../lib/gcc/arm-none-eabi/12.3.1/../../../../arm-none-eabi/lib/thumb/v8-m.main+fp/hard\libc_nano.a(libc_a-lseekr.o)
[...]
Memory Configuration

Name             Origin             Length             Attributes
RAM              0x20000000         0x000a0000         xrw
FLASH            0x08000000         0x0000c000         xr
*default*        0x00000000         0xffffffff

Linker script and memory map

LOAD C:/ST/STM32CubeIDE_1.17.0/STM32CubeIDE/plugins/com.st.stm32cube.ide.mcu.externaltools.gnu-tools-for-stm32.12.3.rel1.win32_1.1.0.202410251130/tools/bin/../lib/gcc/arm-none-eabi/12.3.1/thumb/v8-m.main+fp/hard/crti.o
LOAD C:/ST/STM32CubeIDE_1.17.0/STM32CubeIDE/plugins/com.st.stm32cube.ide.mcu.externaltools.gnu-tools-for-stm32.12.3.rel1.win32_1.1.0.202410251130/tools/bin/../lib/gcc/arm-none-eabi/12.3.1/thumb/v8-m.main+fp/hard/crtbegin.o
LOAD C:/ST/STM32CubeIDE_1.17.0/STM32CubeIDE/plugins/com.st.stm32cube.ide.mcu.externaltools.gnu-tools-for-stm32.12.3.rel1.win32_1.1.0.202410251130/tools/bin/../lib/gcc/arm-none-eabi/12.3.1/../../../../arm-none-eabi/lib/thumb/v8-m.main+fp/hard/crt0.o
LOAD ./Core/Src/flash.o
LOAD ./Core/Src/main.o
LOAD ./Core/Src/stm32h5xx_hal_msp.o
LOAD ./Core/Src/stm32h5xx_it.o
LOAD ./Core/Src/syscalls.o
LOAD ./Core/Src/sysmem.o
LOAD ./Core/Src/system_stm32h5xx.o
LOAD ./Core/Src/uart.o
LOAD ./Core/Src/xmodem.o
LOAD ./Core/Startup/startup_stm32h573zitxq.o
LOAD ./Drivers/STM32H5xx_HAL_Driver/Src/stm32h5xx_hal.o
LOAD ./Drivers/STM32H5xx_HAL_Driver/Src/stm32h5xx_hal_cortex.o
LOAD ./Drivers/STM32H5xx_HAL_Driver/Src/stm32h5xx_hal_dma.o
LOAD ./Drivers/STM32H5xx_HAL_Driver/Src/stm32h5xx_hal_dma_ex.o
LOAD ./Drivers/STM32H5xx_HAL_Driver/Src/stm32h5xx_hal_exti.o
LOAD ./Drivers/STM32H5xx_HAL_Driver/Src/stm32h5xx_hal_flash.o
LOAD ./Drivers/STM32H5xx_HAL_Driver/Src/stm32h5xx_hal_flash_ex.o
LOAD ./Drivers/STM32H5xx_HAL_Driver/Src/stm32h5xx_hal_gpio.o
LOAD ./Drivers/STM32H5xx_HAL_Driver/Src/stm32h5xx_hal_pwr.o
LOAD ./Drivers/STM32H5xx_HAL_Driver/Src/stm32h5xx_hal_pwr_ex.o
LOAD ./Drivers/STM32H5xx_HAL_Driver/Src/stm32h5xx_hal_rcc.o
LOAD ./Drivers/STM32H5xx_HAL_Driver/Src/stm32h5xx_hal_rcc_ex.o
LOAD ./Drivers/STM32H5xx_HAL_Driver/Src/stm32h5xx_hal_tim.o
LOAD ./Drivers/STM32H5xx_HAL_Driver/Src/stm32h5xx_hal_tim_ex.o
LOAD ./Drivers/STM32H5xx_HAL_Driver/Src/stm32h5xx_hal_uart.o
LOAD ./Drivers/STM32H5xx_HAL_Driver/Src/stm32h5xx_hal_uart_ex.o
START GROUP
LOAD C:/ST/STM32CubeIDE_1.17.0/STM32CubeIDE/plugins/com.st.stm32cube.ide.mcu.externaltools.gnu-tools-for-stm32.12.3.rel1.win32_1.1.0.202410251130/tools/bin/../lib/gcc/arm-none-eabi/12.3.1/../../../../arm-none-eabi/lib/thumb/v8-m.main+fp/hard\libc_nano.a
LOAD C:/ST/STM32CubeIDE_1.17.0/STM32CubeIDE/plugins/com.st.stm32cube.ide.mcu.externaltools.gnu-tools-for-stm32.12.3.rel1.win32_1.1.0.202410251130/tools/bin/../lib/gcc/arm-none-eabi/12.3.1/../../../../arm-none-eabi/lib/thumb/v8-m.main+fp/hard\libm.a
END GROUP
START GROUP
LOAD C:/ST/STM32CubeIDE_1.17.0/STM32CubeIDE/plugins/com.st.stm32cube.ide.mcu.externaltools.gnu-tools-for-stm32.12.3.rel1.win32_1.1.0.202410251130/tools/bin/../lib/gcc/arm-none-eabi/12.3.1/thumb/v8-m.main+fp/hard\libgcc.a
LOAD C:/ST/STM32CubeIDE_1.17.0/STM32CubeIDE/plugins/com.st.stm32cube.ide.mcu.externaltools.gnu-tools-for-stm32.12.3.rel1.win32_1.1.0.202410251130/tools/bin/../lib/gcc/arm-none-eabi/12.3.1/../../../../arm-none-eabi/lib/thumb/v8-m.main+fp/hard\libc_nano.a
END GROUP
START GROUP
LOAD C:/ST/STM32CubeIDE_1.17.0/STM32CubeIDE/plugins/com.st.stm32cube.ide.mcu.externaltools.gnu-tools-for-stm32.12.3.rel1.win32_1.1.0.202410251130/tools/bin/../lib/gcc/arm-none-eabi/12.3.1/thumb/v8-m.main+fp/hard\libgcc.a
LOAD C:/ST/STM32CubeIDE_1.17.0/STM32CubeIDE/plugins/com.st.stm32cube.ide.mcu.externaltools.gnu-tools-for-stm32.12.3.rel1.win32_1.1.0.202410251130/tools/bin/../lib/gcc/arm-none-eabi/12.3.1/../../../../arm-none-eabi/lib/thumb/v8-m.main+fp/hard\libc_nano.a
LOAD C:/ST/STM32CubeIDE_1.17.0/STM32CubeIDE/plugins/com.st.stm32cube.ide.mcu.externaltools.gnu-tools-for-stm32.12.3.rel1.win32_1.1.0.202410251130/tools/bin/../lib/gcc/arm-none-eabi/12.3.1/../../../../arm-none-eabi/lib/thumb/v8-m.main+fp/hard\libnosys.a
END GROUP
START GROUP
LOAD C:/ST/STM32CubeIDE_1.17.0/STM32CubeIDE/plugins/com.st.stm32cube.ide.mcu.externaltools.gnu-tools-for-stm32.12.3.rel1.win32_1.1.0.202410251130/tools/bin/../lib/gcc/arm-none-eabi/12.3.1/thumb/v8-m.main+fp/hard\libgcc.a
LOAD C:/ST/STM32CubeIDE_1.17.0/STM32CubeIDE/plugins/com.st.stm32cube.ide.mcu.externaltools.gnu-tools-for-stm32.12.3.rel1.win32_1.1.0.202410251130/tools/bin/../lib/gcc/arm-none-eabi/12.3.1/../../../../arm-none-eabi/lib/thumb/v8-m.main+fp/hard\libc_nano.a
LOAD C:/ST/STM32CubeIDE_1.17.0/STM32CubeIDE/plugins/com.st.stm32cube.ide.mcu.externaltools.gnu-tools-for-stm32.12.3.rel1.win32_1.1.0.202410251130/tools/bin/../lib/gcc/arm-none-eabi/12.3.1/../../../../arm-none-eabi/lib/thumb/v8-m.main+fp/hard\libnosys.a
END GROUP
LOAD C:/ST/STM32CubeIDE_1.17.0/STM32CubeIDE/plugins/com.st.stm32cube.ide.mcu.externaltools.gnu-tools-for-stm32.12.3.rel1.win32_1.1.0.202410251130/tools/bin/../lib/gcc/arm-none-eabi/12.3.1/thumb/v8-m.main+fp/hard/crtend.o
LOAD C:/ST/STM32CubeIDE_1.17.0/STM32CubeIDE/plugins/com.st.stm32cube.ide.mcu.externaltools.gnu-tools-for-stm32.12.3.rel1.win32_1.1.0.202410251130/tools/bin/../lib/gcc/arm-none-eabi/12.3.1/thumb/v8-m.main+fp/hard/crtn.o
                0x200a0000                        _estack = (ORIGIN (RAM) + LENGTH (RAM))
                0x00000200                        _Min_Heap_Size = 0x200
                0x00000400                        _Min_Stack_Size = 0x400

.isr_vector     0x08000000      0x24c
                0x08000000                        . = ALIGN (0x4)
 *(.isr_vector)
 .isr_vector    0x08000000      0x24c ./Core/Startup/startup_stm32h573zitxq.o
                0x08000000                g_pfnVectors
                0x0800024c                        . = ALIGN (0x4)

.text           0x0800024c     0x9f9c
                0x0800024c                        . = ALIGN (0x4)
 *(.text)
 .text          0x0800024c       0x40 C:/ST/STM32CubeIDE_1.17.0/STM32CubeIDE/plugins/com.st.stm32cube.ide.mcu.externaltools.gnu-tools-for-stm32.12.3.rel1.win32_1.1.0.202410251130/tools/bin/../lib/gcc/arm-none-eabi/12.3.1/thumb/v8-m.main+fp/hard/crtbegin.o
 .text          0x0800028c       0x30 C:/ST/STM32CubeIDE_1.17.0/STM32CubeIDE/plugins/com.st.stm32cube.ide.mcu.externaltools.gnu-tools-for-stm32.12.3.rel1.win32_1.1.0.202410251130/tools/bin/../lib/gcc/arm-none-eabi/12.3.1/thumb/v8-m.main+fp/hard\libgcc.a(_aeabi_uldivmod.o)
                0x0800028c                __aeabi_uldivmod
 .text          0x080002bc      0x2e4 C:/ST/STM32CubeIDE_1.17.0/STM32CubeIDE/plugins/com.st.stm32cube.ide.mcu.externaltools.gnu-tools-for-stm32.12.3.rel1.win32_1.1.0.202410251130/tools/bin/../lib/gcc/arm-none-eabi/12.3.1/thumb/v8-m.main+fp/hard\libgcc.a(_udivmoddi4.o)
                0x080002bc                __udivmoddi4
 .text          0x080005a0        0x4 C:/ST/STM32CubeIDE_1.17.0/STM32CubeIDE/plugins/com.st.stm32cube.ide.mcu.externaltools.gnu-tools-for-stm32.12.3.rel1.win32_1.1.0.202410251130/tools/bin/../lib/gcc/arm-none-eabi/12.3.1/thumb/v8-m.main+fp/hard\libgcc.a(_dvmd_tls.o)
                0x080005a0                __aeabi_idiv0
                0x080005a0                __aeabi_ldiv0
 *(.text*)
 .text.GetSectorAndBank
                0x080005a4       0x46 ./Core/Src/flash.o
                0x080005a4                GetSectorAndBank
 .text.flash_erase
                0x080005ea       0x9e ./Core/Src/flash.o
                0x080005ea                flash_erase
 .text.flash_jump_to_app
                0x08000688       0x34 ./Core/Src/flash.o
                0x08000688                flash_jump_to_app
 .text.main     0x080006bc       0xb0 ./Core/Src/main.o
                0x080006bc                main
 .text.SystemClock_Config
                0x0800076c       0xe0 ./Core/Src/main.o
                0x0800076c                SystemClock_Config
 .text.MX_UART5_Init
                0x0800084c       0x98 ./Core/Src/main.o
 .text.MX_GPIO_Init
                0x080008e4       0xf0 ./Core/Src/main.o
 .text.UART_InitAllHandlers
                0x080009d4       0x1c ./Core/Src/main.o
                0x080009d4                UART_InitAllHandlers
 .text.IsBootloaderMode
                0x080009f0       0x34 ./Core/Src/main.o
                0x080009f0                IsBootloaderMode
 .text.HAL_UART_RxCpltCallback
                0x08000a24       0x40 ./Core/Src/main.o
                0x08000a24                HAL_UART_RxCpltCallback
 .text.circular_buffer_init
                0x08000a64       0x2c ./Core/Src/main.o
                0x08000a64                circular_buffer_init
 .text.circular_buffer_write
                0x08000a90       0x6a ./Core/Src/main.o
                0x08000a90                circular_buffer_write
 .text.Error_Handler
                0x08000afa        0xc ./Core/Src/main.o
                0x08000afa                Error_Handler
 .text.HAL_MspInit
                0x08000b06        0xe ./Core/Src/stm32h5xx_hal_msp.o
                0x08000b06                HAL_MspInit
 .text.HAL_UART_MspInit
                0x08000b14      0x128 ./Core/Src/stm32h5xx_hal_msp.o
                0x08000b14                HAL_UART_MspInit
 .text.NMI_Handler
                0x08000c3c       0x1a ./Core/Src/stm32h5xx_it.o
                0x08000c3c                NMI_Handler
 *fill*         0x08000c56        0x2 
 .text.HardFault_Handler
                0x08000c58       0x10 ./Core/Src/stm32h5xx_it.o
                0x08000c58                HardFault_Handler
 .text.MemManage_Handler
                0x08000c68        0x8 ./Core/Src/stm32h5xx_it.o
                0x08000c68                MemManage_Handler
 .text.BusFault_Handler
                0x08000c70        0x8 ./Core/Src/stm32h5xx_it.o
                0x08000c70                BusFault_Handler
 .text.UsageFault_Handler
                0x08000c78        0x8 ./Core/Src/stm32h5xx_it.o
                0x08000c78                UsageFault_Handler
 .text.SVC_Handler
                0x08000c80        0xe ./Core/Src/stm32h5xx_it.o
                0x08000c80                SVC_Handler
 .text.DebugMon_Handler
                0x08000c8e        0xe ./Core/Src/stm32h5xx_it.o
                0x08000c8e                DebugMon_Handler
 .text.PendSV_Handler
                0x08000c9c        0xe ./Core/Src/stm32h5xx_it.o
                0x08000c9c                PendSV_Handler
 .text.SysTick_Handler
                0x08000caa        0xc ./Core/Src/stm32h5xx_it.o
                0x08000caa                SysTick_Handler
 *fill*         0x08000cb6        0x2 
 .text.UART5_IRQHandler
                0x08000cb8       0x14 ./Core/Src/stm32h5xx_it.o
                0x08000cb8                UART5_IRQHandler
 .text.SystemInit
                0x08000ccc       0xf8 ./Core/Src/system_stm32h5xx.o
                0x08000ccc                SystemInit
 .text.uart_transmit_str
                0x08000dc4       0x4c ./Core/Src/uart.o
                0x08000dc4                uart_transmit_str
 .text.calculate_crc
                0x08000e10       0x7c ./Core/Src/xmodem.o
 .text.xmodem_receive_packet
                0x08000e8c       0x84 ./Core/Src/xmodem.o
 .text.xmodem_receive
                0x08000f10      0x168 ./Core/Src/xmodem.o
                0x08000f10                xmodem_receive
 .text.circular_buffer_read_length
                0x08001078       0xe2 ./Core/Src/xmodem.o
                0x08001078                circular_buffer_read_length
 .text.circular_buffer_is_empty
                0x0800115a       0x3a ./Core/Src/xmodem.o
                0x0800115a                circular_buffer_is_empty
 .text.Reset_Handler
                0x08001194       0x50 ./Core/Startup/startup_stm32h573zitxq.o
                0x08001194                Reset_Handler
 .text.Default_Handler
                0x080011e4        0x2 ./Core/Startup/startup_stm32h573zitxq.o
                0x080011e4                EXTI2_IRQHandler
                0x080011e4                TIM8_TRG_COM_IRQHandler
                0x080011e4                TIM8_CC_IRQHandler
                0x080011e4                EXTI5_IRQHandler
                0x080011e4                I3C1_ER_IRQHandler
                0x080011e4                UART8_IRQHandler
                0x080011e4                SPI4_IRQHandler
                0x080011e4                GPDMA2_Channel1_IRQHandler
                0x080011e4                FLASH_S_IRQHandler
                0x080011e4                EXTI13_IRQHandler
                0x080011e4                TIM1_CC_IRQHandler
                0x080011e4                GPDMA2_Channel3_IRQHandler
                0x080011e4                TAMP_IRQHandler
                0x080011e4                TIM6_IRQHandler
                0x080011e4                EXTI12_IRQHandler
                0x080011e4                CORDIC_IRQHandler
                0x080011e4                USB_DRD_FS_IRQHandler
                0x080011e4                EXTI3_IRQHandler
                0x080011e4                LPTIM4_IRQHandler
                0x080011e4                GPDMA1_Channel5_IRQHandler
                0x080011e4                EXTI8_IRQHandler
                0x080011e4                GPDMA2_Channel5_IRQHandler
                0x080011e4                LPTIM2_IRQHandler
                0x080011e4                I2C3_ER_IRQHandler
                0x080011e4                GPDMA2_Channel2_IRQHandler
                0x080011e4                USART10_IRQHandler
                0x080011e4                LPTIM3_IRQHandler
                0x080011e4                EXTI0_IRQHandler
                0x080011e4                I2C2_EV_IRQHandler
                0x080011e4                FPU_IRQHandler
                0x080011e4                GPDMA1_Channel3_IRQHandler
                0x080011e4                GPDMA1_Channel7_IRQHandler
                0x080011e4                FDCAN1_IT1_IRQHandler
                0x080011e4                RAMCFG_IRQHandler
                0x080011e4                DCACHE1_IRQHandler
                0x080011e4                SPI1_IRQHandler
                0x080011e4                OCTOSPI1_IRQHandler
                0x080011e4                GPDMA1_Channel2_IRQHandler
                0x080011e4                TIM8_UP_IRQHandler
                0x080011e4                RCC_S_IRQHandler
                0x080011e4                SAI2_IRQHandler
                0x080011e4                ADC1_IRQHandler
                0x080011e4                PKA_IRQHandler
                0x080011e4                USART6_IRQHandler
                0x080011e4                EXTI15_IRQHandler
                0x080011e4                TIM17_IRQHandler
                0x080011e4                USART3_IRQHandler
                0x080011e4                RTC_IRQHandler
                0x080011e4                EXTI9_IRQHandler
                0x080011e4                LPTIM5_IRQHandler
                0x080011e4                TIM4_IRQHandler
                0x080011e4                I2C1_EV_IRQHandler
                0x080011e4                GPDMA1_Channel1_IRQHandler
                0x080011e4                TIM16_IRQHandler
                0x080011e4                UART4_IRQHandler
                0x080011e4                SecureFault_Handler
                0x080011e4                TIM3_IRQHandler
                0x080011e4                RCC_IRQHandler
                0x080011e4                UART9_IRQHandler
                0x080011e4                TIM1_TRG_COM_IRQHandler
                0x080011e4                Default_Handler
                0x080011e4                FMAC_IRQHandler
                0x080011e4                CEC_IRQHandler
                0x080011e4                USART11_IRQHandler
                0x080011e4                TIM14_IRQHandler
                0x080011e4                TIM13_IRQHandler
                0x080011e4                OTFDEC1_IRQHandler
                0x080011e4                GPDMA2_Channel4_IRQHandler
                0x080011e4                SPI5_IRQHandler
                0x080011e4                TIM12_IRQHandler
                0x080011e4                TIM7_IRQHandler
                0x080011e4                SDMMC1_IRQHandler
                0x080011e4                SAES_IRQHandler
                0x080011e4                TIM5_IRQHandler
                0x080011e4                UCPD1_IRQHandler
                0x080011e4                GPDMA1_Channel0_IRQHandler
                0x080011e4                I3C1_EV_IRQHandler
                0x080011e4                TIM15_IRQHandler
                0x080011e4                PVD_AVD_IRQHandler
                0x080011e4                I2C3_EV_IRQHandler
                0x080011e4                ETH_WKUP_IRQHandler
                0x080011e4                ADC2_IRQHandler
                0x080011e4                SPI2_IRQHandler
                0x080011e4                EXTI14_IRQHandler
                0x080011e4                EXTI11_IRQHandler
                0x080011e4                CRS_IRQHandler
                0x080011e4                EXTI4_IRQHandler
                0x080011e4                GPDMA2_Channel0_IRQHandler
                0x080011e4                RTC_S_IRQHandler
                0x080011e4                RNG_IRQHandler
                0x080011e4                FDCAN2_IT1_IRQHandler
                0x080011e4                ETH_IRQHandler
                0x080011e4                GPDMA2_Channel6_IRQHandler
                0x080011e4                TIM1_UP_IRQHandler
                0x080011e4                UART12_IRQHandler
                0x080011e4                WWDG_IRQHandler
                0x080011e4                SPI6_IRQHandler
                0x080011e4                I2C4_EV_IRQHandler
                0x080011e4                FDCAN2_IT0_IRQHandler
                0x080011e4                IWDG_IRQHandler
                0x080011e4                LPUART1_IRQHandler
                0x080011e4                FDCAN1_IT0_IRQHandler
                0x080011e4                TIM2_IRQHandler
                0x080011e4                GPDMA1_Channel4_IRQHandler
                0x080011e4                EXTI7_IRQHandler
                0x080011e4                TIM1_BRK_IRQHandler
                0x080011e4                EXTI1_IRQHandler
                0x080011e4                SDMMC2_IRQHandler
                0x080011e4                AES_IRQHandler
                0x080011e4                LPTIM6_IRQHandler
                0x080011e4                DAC1_IRQHandler
                0x080011e4                DTS_IRQHandler
                0x080011e4                UART7_IRQHandler
                0x080011e4                GTZC_IRQHandler
                0x080011e4                USART2_IRQHandler
                0x080011e4                GPDMA1_Channel6_IRQHandler
                0x080011e4                GPDMA2_Channel7_IRQHandler
                0x080011e4                I2C2_ER_IRQHandler
                0x080011e4                TIM8_BRK_IRQHandler
                0x080011e4                FLASH_IRQHandler
                0x080011e4                USART1_IRQHandler
                0x080011e4                EXTI10_IRQHandler
                0x080011e4                SPI3_IRQHandler
                0x080011e4                I2C1_ER_IRQHandler
                0x080011e4                FMC_IRQHandler
                0x080011e4                EXTI6_IRQHandler
                0x080011e4                LPTIM1_IRQHandler
                0x080011e4                DCMI_PSSI_IRQHandler
                0x080011e4                I2C4_ER_IRQHandler
                0x080011e4                ICACHE_IRQHandler
                0x080011e4                SAI1_IRQHandler
                0x080011e4                HASH_IRQHandler
 *fill*         0x080011e6        0x2 
 .text.HAL_Init
                0x080011e8       0x50 ./Drivers/STM32H5xx_HAL_Driver/Src/stm32h5xx_hal.o
                0x080011e8                HAL_Init
 .text.HAL_DeInit
                0x08001238       0x88 ./Drivers/STM32H5xx_HAL_Driver/Src/stm32h5xx_hal.o
                0x08001238                HAL_DeInit
 .text.HAL_MspDeInit
                0x080012c0        0xe ./Drivers/STM32H5xx_HAL_Driver/Src/stm32h5xx_hal.o
                0x080012c0                HAL_MspDeInit
 *fill*         0x080012ce        0x2 
 .text.HAL_InitTick
                0x080012d0       0xec ./Drivers/STM32H5xx_HAL_Driver/Src/stm32h5xx_hal.o
                0x080012d0                HAL_InitTick
 .text.HAL_IncTick
                0x080013bc       0x28 ./Drivers/STM32H5xx_HAL_Driver/Src/stm32h5xx_hal.o
                0x080013bc                HAL_IncTick
 .text.HAL_GetTick
                0x080013e4       0x18 ./Drivers/STM32H5xx_HAL_Driver/Src/stm32h5xx_hal.o
                0x080013e4                HAL_GetTick
 .text.HAL_Delay
                0x080013fc       0x48 ./Drivers/STM32H5xx_HAL_Driver/Src/stm32h5xx_hal.o
                0x080013fc                HAL_Delay
 .text.__NVIC_SetPriorityGrouping
                0x08001444       0x48 ./Drivers/STM32H5xx_HAL_Driver/Src/stm32h5xx_hal_cortex.o
 .text.__NVIC_GetPriorityGrouping
                0x0800148c       0x1c ./Drivers/STM32H5xx_HAL_Driver/Src/stm32h5xx_hal_cortex.o
 .text.__NVIC_EnableIRQ
                0x080014a8       0x3c ./Drivers/STM32H5xx_HAL_Driver/Src/stm32h5xx_hal_cortex.o
 .text.__NVIC_SetPriority
                0x080014e4       0x54 ./Drivers/STM32H5xx_HAL_Driver/Src/stm32h5xx_hal_cortex.o
 .text.NVIC_EncodePriority
                0x08001538       0x66 ./Drivers/STM32H5xx_HAL_Driver/Src/stm32h5xx_hal_cortex.o
 .text.HAL_NVIC_SetPriorityGrouping
                0x0800159e       0x16 ./Drivers/STM32H5xx_HAL_Driver/Src/stm32h5xx_hal_cortex.o
                0x0800159e                HAL_NVIC_SetPriorityGrouping
 .text.HAL_NVIC_SetPriority
                0x080015b4       0x34 ./Drivers/STM32H5xx_HAL_Driver/Src/stm32h5xx_hal_cortex.o
                0x080015b4                HAL_NVIC_SetPriority
 .text.HAL_NVIC_EnableIRQ
                0x080015e8       0x1c ./Drivers/STM32H5xx_HAL_Driver/Src/stm32h5xx_hal_cortex.o
                0x080015e8                HAL_NVIC_EnableIRQ
 .text.HAL_SYSTICK_Config
                0x08001604       0x44 ./Drivers/STM32H5xx_HAL_Driver/Src/stm32h5xx_hal_cortex.o
                0x08001604                HAL_SYSTICK_Config
 .text.HAL_SYSTICK_CLKSourceConfig
                0x08001648       0xb0 ./Drivers/STM32H5xx_HAL_Driver/Src/stm32h5xx_hal_cortex.o
                0x08001648                HAL_SYSTICK_CLKSourceConfig
 .text.HAL_SYSTICK_GetCLKSourceConfig
                0x080016f8       0x6c ./Drivers/STM32H5xx_HAL_Driver/Src/stm32h5xx_hal_cortex.o
                0x080016f8                HAL_SYSTICK_GetCLKSourceConfig
 .text.HAL_DMA_Abort
                0x08001764       0xf8 ./Drivers/STM32H5xx_HAL_Driver/Src/stm32h5xx_hal_dma.o
                0x08001764                HAL_DMA_Abort
 .text.HAL_DMA_Abort_IT
                0x0800185c       0x52 ./Drivers/STM32H5xx_HAL_Driver/Src/stm32h5xx_hal_dma.o
                0x0800185c                HAL_DMA_Abort_IT
 *fill*         0x080018ae        0x2 
 .text.HAL_FLASH_Program
                0x080018b0       0xf8 ./Drivers/STM32H5xx_HAL_Driver/Src/stm32h5xx_hal_flash.o
                0x080018b0                HAL_FLASH_Program
 .text.HAL_FLASH_Unlock
                0x080019a8       0x4c ./Drivers/STM32H5xx_HAL_Driver/Src/stm32h5xx_hal_flash.o
                0x080019a8                HAL_FLASH_Unlock
 .text.HAL_FLASH_Lock
                0x080019f4       0x38 ./Drivers/STM32H5xx_HAL_Driver/Src/stm32h5xx_hal_flash.o
                0x080019f4                HAL_FLASH_Lock
 .text.FLASH_WaitForLastOperation
                0x08001a2c       0x9c ./Drivers/STM32H5xx_HAL_Driver/Src/stm32h5xx_hal_flash.o
                0x08001a2c                FLASH_WaitForLastOperation
 .text.FLASH_Program_QuadWord
                0x08001ac8      0x100 ./Drivers/STM32H5xx_HAL_Driver/Src/stm32h5xx_hal_flash.o
 .text.FLASH_Program_QuadWord_OBK
                0x08001bc8       0x98 ./Drivers/STM32H5xx_HAL_Driver/Src/stm32h5xx_hal_flash.o
 .text.FLASH_Program_HalfWord
                0x08001c60       0x34 ./Drivers/STM32H5xx_HAL_Driver/Src/stm32h5xx_hal_flash.o
 .text.HAL_FLASHEx_Erase
                0x08001c94      0x100 ./Drivers/STM32H5xx_HAL_Driver/Src/stm32h5xx_hal_flash_ex.o
                0x08001c94                HAL_FLASHEx_Erase
 .text.FLASH_MassErase
                0x08001d94       0x70 ./Drivers/STM32H5xx_HAL_Driver/Src/stm32h5xx_hal_flash_ex.o
 .text.FLASH_Erase_Sector
                0x08001e04       0x70 ./Drivers/STM32H5xx_HAL_Driver/Src/stm32h5xx_hal_flash_ex.o
                0x08001e04                FLASH_Erase_Sector
 .text.FLASH_OBKErase
                0x08001e74       0x28 ./Drivers/STM32H5xx_HAL_Driver/Src/stm32h5xx_hal_flash_ex.o
 .text.HAL_GPIO_Init
                0x08001e9c      0x2a4 ./Drivers/STM32H5xx_HAL_Driver/Src/stm32h5xx_hal_gpio.o
                0x08001e9c                HAL_GPIO_Init
 .text.HAL_GPIO_ReadPin
                0x08002140       0x30 ./Drivers/STM32H5xx_HAL_Driver/Src/stm32h5xx_hal_gpio.o
                0x08002140                HAL_GPIO_ReadPin
 .text.HAL_RCC_OscConfig
                0x08002170      0x870 ./Drivers/STM32H5xx_HAL_Driver/Src/stm32h5xx_hal_rcc.o
                0x08002170                HAL_RCC_OscConfig
 .text.HAL_RCC_ClockConfig
                0x080029e0      0x370 ./Drivers/STM32H5xx_HAL_Driver/Src/stm32h5xx_hal_rcc.o
                0x080029e0                HAL_RCC_ClockConfig
 .text.HAL_RCC_GetSysClockFreq
                0x08002d50      0x258 ./Drivers/STM32H5xx_HAL_Driver/Src/stm32h5xx_hal_rcc.o
                0x08002d50                HAL_RCC_GetSysClockFreq
 .text.HAL_RCC_GetHCLKFreq
                0x08002fa8       0x38 ./Drivers/STM32H5xx_HAL_Driver/Src/stm32h5xx_hal_rcc.o
                0x08002fa8                HAL_RCC_GetHCLKFreq
 .text.HAL_RCC_GetPCLK1Freq
                0x08002fe0       0x2c ./Drivers/STM32H5xx_HAL_Driver/Src/stm32h5xx_hal_rcc.o
                0x08002fe0                HAL_RCC_GetPCLK1Freq
 .text.HAL_RCC_GetPCLK2Freq
                0x0800300c       0x2c ./Drivers/STM32H5xx_HAL_Driver/Src/stm32h5xx_hal_rcc.o
                0x0800300c                HAL_RCC_GetPCLK2Freq
 .text.HAL_RCC_GetPCLK3Freq
                0x08003038       0x2c ./Drivers/STM32H5xx_HAL_Driver/Src/stm32h5xx_hal_rcc.o
                0x08003038                HAL_RCC_GetPCLK3Freq
 .text.HAL_RCCEx_PeriphCLKConfig
                0x08003064     0x1f14 ./Drivers/STM32H5xx_HAL_Driver/Src/stm32h5xx_hal_rcc_ex.o
                0x08003064                HAL_RCCEx_PeriphCLKConfig
 .text.HAL_RCCEx_GetPLL1ClockFreq
                0x08004f78      0x2d4 ./Drivers/STM32H5xx_HAL_Driver/Src/stm32h5xx_hal_rcc_ex.o
                0x08004f78                HAL_RCCEx_GetPLL1ClockFreq
 .text.HAL_RCCEx_GetPLL2ClockFreq
                0x0800524c      0x2d4 ./Drivers/STM32H5xx_HAL_Driver/Src/stm32h5xx_hal_rcc_ex.o
                0x0800524c                HAL_RCCEx_GetPLL2ClockFreq
 .text.HAL_RCCEx_GetPLL3ClockFreq
                0x08005520      0x2d4 ./Drivers/STM32H5xx_HAL_Driver/Src/stm32h5xx_hal_rcc_ex.o
                0x08005520                HAL_RCCEx_GetPLL3ClockFreq
 .text.HAL_RCCEx_GetPeriphCLKFreq
                0x080057f4     0x26b4 ./Drivers/STM32H5xx_HAL_Driver/Src/stm32h5xx_hal_rcc_ex.o
                0x080057f4                HAL_RCCEx_GetPeriphCLKFreq
 .text.RCCEx_PLL2_Config
                0x08007ea8      0x130 ./Drivers/STM32H5xx_HAL_Driver/Src/stm32h5xx_hal_rcc_ex.o
 .text.RCCEx_PLL3_Config
                0x08007fd8      0x130 ./Drivers/STM32H5xx_HAL_Driver/Src/stm32h5xx_hal_rcc_ex.o
 .text.HAL_UART_Init
                0x08008108       0xa0 ./Drivers/STM32H5xx_HAL_Driver/Src/stm32h5xx_hal_uart.o
                0x08008108                HAL_UART_Init
 .text.HAL_UART_Transmit
                0x080081a8      0x13c ./Drivers/STM32H5xx_HAL_Driver/Src/stm32h5xx_hal_uart.o
                0x080081a8                HAL_UART_Transmit
 .text.HAL_UART_Receive_IT
                0x080082e4       0xc4 ./Drivers/STM32H5xx_HAL_Driver/Src/stm32h5xx_hal_uart.o
                0x080082e4                HAL_UART_Receive_IT
 .text.HAL_UART_IRQHandler
                0x080083a8      0x5dc ./Drivers/STM32H5xx_HAL_Driver/Src/stm32h5xx_hal_uart.o
                0x080083a8                HAL_UART_IRQHandler
 .text.HAL_UART_TxCpltCallback
                0x08008984       0x14 ./Drivers/STM32H5xx_HAL_Driver/Src/stm32h5xx_hal_uart.o
                0x08008984                HAL_UART_TxCpltCallback
 .text.HAL_UART_ErrorCallback
                0x08008998       0x14 ./Drivers/STM32H5xx_HAL_Driver/Src/stm32h5xx_hal_uart.o
                0x08008998                HAL_UART_ErrorCallback
 .text.HAL_UARTEx_RxEventCallback
                0x080089ac       0x18 ./Drivers/STM32H5xx_HAL_Driver/Src/stm32h5xx_hal_uart.o
                0x080089ac                HAL_UARTEx_RxEventCallback
 .text.UART_SetConfig
                0x080089c4      0x3dc ./Drivers/STM32H5xx_HAL_Driver/Src/stm32h5xx_hal_uart.o
                0x080089c4                UART_SetConfig
 .text.UART_AdvFeatureConfig
                0x08008da0      0x144 ./Drivers/STM32H5xx_HAL_Driver/Src/stm32h5xx_hal_uart.o
                0x08008da0                UART_AdvFeatureConfig
 .text.UART_CheckIdleState
                0x08008ee4      0x154 ./Drivers/STM32H5xx_HAL_Driver/Src/stm32h5xx_hal_uart.o
                0x08008ee4                UART_CheckIdleState
 .text.UART_WaitOnFlagUntilTimeout
                0x08009038       0xda ./Drivers/STM32H5xx_HAL_Driver/Src/stm32h5xx_hal_uart.o
                0x08009038                UART_WaitOnFlagUntilTimeout
 *fill*         0x08009112        0x2 
 .text.UART_Start_Receive_IT
                0x08009114      0x244 ./Drivers/STM32H5xx_HAL_Driver/Src/stm32h5xx_hal_uart.o
                0x08009114                UART_Start_Receive_IT
 .text.UART_EndRxTransfer
                0x08009358       0xcc ./Drivers/STM32H5xx_HAL_Driver/Src/stm32h5xx_hal_uart.o
 .text.UART_DMAAbortOnError
                0x08009424       0x2c ./Drivers/STM32H5xx_HAL_Driver/Src/stm32h5xx_hal_uart.o
 .text.UART_EndTransmit_IT
                0x08009450       0x56 ./Drivers/STM32H5xx_HAL_Driver/Src/stm32h5xx_hal_uart.o
 *fill*         0x080094a6        0x2 
 .text.UART_RxISR_8BIT
                0x080094a8      0x1c4 ./Drivers/STM32H5xx_HAL_Driver/Src/stm32h5xx_hal_uart.o
 .text.UART_RxISR_16BIT
                0x0800966c      0x1c4 ./Drivers/STM32H5xx_HAL_Driver/Src/stm32h5xx_hal_uart.o
 .text.UART_RxISR_8BIT_FIFOEN
                0x08009830      0x370 ./Drivers/STM32H5xx_HAL_Driver/Src/stm32h5xx_hal_uart.o
 .text.UART_RxISR_16BIT_FIFOEN
                0x08009ba0      0x378 ./Drivers/STM32H5xx_HAL_Driver/Src/stm32h5xx_hal_uart.o
 .text.HAL_UARTEx_WakeupCallback
                0x08009f18       0x14 ./Drivers/STM32H5xx_HAL_Driver/Src/stm32h5xx_hal_uart_ex.o
                0x08009f18                HAL_UARTEx_WakeupCallback
 .text.HAL_UARTEx_RxFifoFullCallback
                0x08009f2c       0x14 ./Drivers/STM32H5xx_HAL_Driver/Src/stm32h5xx_hal_uart_ex.o
                0x08009f2c                HAL_UARTEx_RxFifoFullCallback
 .text.HAL_UARTEx_TxFifoEmptyCallback
                0x08009f40       0x14 ./Drivers/STM32H5xx_HAL_Driver/Src/stm32h5xx_hal_uart_ex.o
                0x08009f40                HAL_UARTEx_TxFifoEmptyCallback
 .text.HAL_UARTEx_DisableFifoMode
                0x08009f54       0x72 ./Drivers/STM32H5xx_HAL_Driver/Src/stm32h5xx_hal_uart_ex.o
                0x08009f54                HAL_UARTEx_DisableFifoMode
 .text.HAL_UARTEx_SetTxFifoThreshold
                0x08009fc6       0x7c ./Drivers/STM32H5xx_HAL_Driver/Src/stm32h5xx_hal_uart_ex.o
                0x08009fc6                HAL_UARTEx_SetTxFifoThreshold
 .text.HAL_UARTEx_SetRxFifoThreshold
                0x0800a042       0x7c ./Drivers/STM32H5xx_HAL_Driver/Src/stm32h5xx_hal_uart_ex.o
                0x0800a042                HAL_UARTEx_SetRxFifoThreshold
 *fill*         0x0800a0be        0x2 
 .text.UARTEx_SetNbDataToProcess
                0x0800a0c0       0x9c ./Drivers/STM32H5xx_HAL_Driver/Src/stm32h5xx_hal_uart_ex.o
 .text.memset   0x0800a15c       0x10 C:/ST/STM32CubeIDE_1.17.0/STM32CubeIDE/plugins/com.st.stm32cube.ide.mcu.externaltools.gnu-tools-for-stm32.12.3.rel1.win32_1.1.0.202410251130/tools/bin/../lib/gcc/arm-none-eabi/12.3.1/../../../../arm-none-eabi/lib/thumb/v8-m.main+fp/hard\libc_nano.a(libc_a-memset.o)
                0x0800a15c                memset
 .text.__libc_init_array
                0x0800a16c       0x48 C:/ST/STM32CubeIDE_1.17.0/STM32CubeIDE/plugins/com.st.stm32cube.ide.mcu.externaltools.gnu-tools-for-stm32.12.3.rel1.win32_1.1.0.202410251130/tools/bin/../lib/gcc/arm-none-eabi/12.3.1/../../../../arm-none-eabi/lib/thumb/v8-m.main+fp/hard\libc_nano.a(libc_a-init.o)
                0x0800a16c                __libc_init_array
 .text.memcpy   0x0800a1b4       0x1a C:/ST/STM32CubeIDE_1.17.0/STM32CubeIDE/plugins/com.st.stm32cube.ide.mcu.externaltools.gnu-tools-for-stm32.12.3.rel1.win32_1.1.0.202410251130/tools/bin/../lib/gcc/arm-none-eabi/12.3.1/../../../../arm-none-eabi/lib/thumb/v8-m.main+fp/hard\libc_nano.a(libc_a-memcpy-stub.o)
                0x0800a1b4                memcpy
 *(.glue_7)
 .glue_7        0x0800a1ce        0x0 linker stubs
 *(.glue_7t)
 .glue_7t       0x0800a1ce        0x0 linker stubs
 *(.eh_frame)
 *fill*         0x0800a1ce        0x2 
 .eh_frame      0x0800a1d0        0x0 C:/ST/STM32CubeIDE_1.17.0/STM32CubeIDE/plugins/com.st.stm32cube.ide.mcu.externaltools.gnu-tools-for-stm32.12.3.rel1.win32_1.1.0.202410251130/tools/bin/../lib/gcc/arm-none-eabi/12.3.1/thumb/v8-m.main+fp/hard/crtbegin.o
 *(.init)
 .init          0x0800a1d0        0x4 C:/ST/STM32CubeIDE_1.17.0/STM32CubeIDE/plugins/com.st.stm32cube.ide.mcu.externaltools.gnu-tools-for-stm32.12.3.rel1.win32_1.1.0.202410251130/tools/bin/../lib/gcc/arm-none-eabi/12.3.1/thumb/v8-m.main+fp/hard/crti.o
                0x0800a1d0                _init
 .init          0x0800a1d4        0x8 C:/ST/STM32CubeIDE_1.17.0/STM32CubeIDE/plugins/com.st.stm32cube.ide.mcu.externaltools.gnu-tools-for-stm32.12.3.rel1.win32_1.1.0.202410251130/tools/bin/../lib/gcc/arm-none-eabi/12.3.1/thumb/v8-m.main+fp/hard/crtn.o
 *(.fini)
 .fini          0x0800a1dc        0x4 C:/ST/STM32CubeIDE_1.17.0/STM32CubeIDE/plugins/com.st.stm32cube.ide.mcu.externaltools.gnu-tools-for-stm32.12.3.rel1.win32_1.1.0.202410251130/tools/bin/../lib/gcc/arm-none-eabi/12.3.1/thumb/v8-m.main+fp/hard/crti.o
                0x0800a1dc                _fini
 .fini          0x0800a1e0        0x8 C:/ST/STM32CubeIDE_1.17.0/STM32CubeIDE/plugins/com.st.stm32cube.ide.mcu.externaltools.gnu-tools-for-stm32.12.3.rel1.win32_1.1.0.202410251130/tools/bin/../lib/gcc/arm-none-eabi/12.3.1/thumb/v8-m.main+fp/hard/crtn.o
                0x0800a1e8                        . = ALIGN (0x4)
                0x0800a1e8                        _etext = .

.vfp11_veneer   0x0800a1e8        0x0
 .vfp11_veneer  0x0800a1e8        0x0 linker stubs

.v4_bx          0x0800a1e8        0x0
 .v4_bx         0x0800a1e8        0x0 linker stubs

.iplt           0x0800a1e8        0x0
 .iplt          0x0800a1e8        0x0 C:/ST/STM32CubeIDE_1.17.0/STM32CubeIDE/plugins/com.st.stm32cube.ide.mcu.externaltools.gnu-tools-for-stm32.12.3.rel1.win32_1.1.0.202410251130/tools/bin/../lib/gcc/arm-none-eabi/12.3.1/thumb/v8-m.main+fp/hard/crtbegin.o

.rodata         0x0800a1e8      0x204
                0x0800a1e8                        . = ALIGN (0x4)
 *(.rodata)
 .rodata        0x0800a1e8      0x182 ./Core/Src/main.o
 *fill*         0x0800a36a        0x2 
 .rodata        0x0800a36c        0xb ./Core/Src/stm32h5xx_it.o
 *fill*         0x0800a377        0x1 
 .rodata        0x0800a378       0x33 ./Core/Src/xmodem.o
 *(.rodata*)
 *fill*         0x0800a3ab        0x1 
 .rodata.AHBPrescTable
                0x0800a3ac       0x10 ./Core/Src/system_stm32h5xx.o
                0x0800a3ac                AHBPrescTable
 .rodata.APBPrescTable
                0x0800a3bc        0x8 ./Core/Src/system_stm32h5xx.o
                0x0800a3bc                APBPrescTable
 .rodata.UARTPrescTable
                0x0800a3c4       0x18 ./Drivers/STM32H5xx_HAL_Driver/Src/stm32h5xx_hal_uart.o
                0x0800a3c4                UARTPrescTable
 .rodata.numerator.1
                0x0800a3dc        0x8 ./Drivers/STM32H5xx_HAL_Driver/Src/stm32h5xx_hal_uart_ex.o
 .rodata.denominator.0
                0x0800a3e4        0x8 ./Drivers/STM32H5xx_HAL_Driver/Src/stm32h5xx_hal_uart_ex.o
                0x0800a3ec                        . = ALIGN (0x4)

.ARM.extab      0x0800a3ec        0x0
                0x0800a3ec                        . = ALIGN (0x4)
 *(.ARM.extab* .gnu.linkonce.armextab.*)
                0x0800a3ec                        . = ALIGN (0x4)

.ARM            0x0800a3ec        0x8
                0x0800a3ec                        . = ALIGN (0x4)
                0x0800a3ec                        __exidx_start = .
 *(.ARM.exidx*)
 .ARM.exidx     0x0800a3ec        0x8 C:/ST/STM32CubeIDE_1.17.0/STM32CubeIDE/plugins/com.st.stm32cube.ide.mcu.externaltools.gnu-tools-for-stm32.12.3.rel1.win32_1.1.0.202410251130/tools/bin/../lib/gcc/arm-none-eabi/12.3.1/thumb/v8-m.main+fp/hard\libgcc.a(_udivmoddi4.o)
                0x0800a3f4                        __exidx_end = .
                0x0800a3f4                        . = ALIGN (0x4)

.preinit_array  0x0800a3f4        0x0
                0x0800a3f4                        . = ALIGN (0x4)
                0x0800a3f4                        PROVIDE (__preinit_array_start = .)
 *(.preinit_array*)
                0x0800a3f4                        PROVIDE (__preinit_array_end = .)
                0x0800a3f4                        . = ALIGN (0x4)

.init_array     0x0800a3f4        0x4
                0x0800a3f4                        . = ALIGN (0x4)
                0x0800a3f4                        PROVIDE (__init_array_start = .)
 *(SORT_BY_NAME(.init_array.*))
 *(.init_array*)
 .init_array    0x0800a3f4        0x4 C:/ST/STM32CubeIDE_1.17.0/STM32CubeIDE/plugins/com.st.stm32cube.ide.mcu.externaltools.gnu-tools-for-stm32.12.3.rel1.win32_1.1.0.202410251130/tools/bin/../lib/gcc/arm-none-eabi/12.3.1/thumb/v8-m.main+fp/hard/crtbegin.o
                0x0800a3f8                        PROVIDE (__init_array_end = .)
                0x0800a3f8                        . = ALIGN (0x4)

.fini_array     0x0800a3f8        0x4
                0x0800a3f8                        . = ALIGN (0x4)
                [!provide]                        PROVIDE (__fini_array_start = .)
 *(SORT_BY_NAME(.fini_array.*))
 *(.fini_array*)
 .fini_array    0x0800a3f8        0x4 C:/ST/STM32CubeIDE_1.17.0/STM32CubeIDE/plugins/com.st.stm32cube.ide.mcu.externaltools.gnu-tools-for-stm32.12.3.rel1.win32_1.1.0.202410251130/tools/bin/../lib/gcc/arm-none-eabi/12.3.1/thumb/v8-m.main+fp/hard/crtbegin.o
                [!provide]                        PROVIDE (__fini_array_end = .)
                0x0800a3fc                        . = ALIGN (0x4)
                0x0800a3fc                        _sidata = LOADADDR (.data)

.rel.dyn        0x0800a3fc        0x0
 .rel.iplt      0x0800a3fc        0x0 C:/ST/STM32CubeIDE_1.17.0/STM32CubeIDE/plugins/com.st.stm32cube.ide.mcu.externaltools.gnu-tools-for-stm32.12.3.rel1.win32_1.1.0.202410251130/tools/bin/../lib/gcc/arm-none-eabi/12.3.1/thumb/v8-m.main+fp/hard/crtbegin.o

.data           0x20000000       0x28 load address 0x0800a3fc
                0x20000000                        . = ALIGN (0x4)
                0x20000000                        _sdata = .
 *(.data)
 *(.data*)
 .data.SystemCoreClock
                0x20000000        0x4 ./Core/Src/system_stm32h5xx.o
                0x20000000                SystemCoreClock
 .data.uwTickPrio
                0x20000004        0x4 ./Drivers/STM32H5xx_HAL_Driver/Src/stm32h5xx_hal.o
                0x20000004                uwTickPrio
 .data.uwTickFreq
                0x20000008        0x1 ./Drivers/STM32H5xx_HAL_Driver/Src/stm32h5xx_hal.o
                0x20000008                uwTickFreq
 *fill*         0x20000009        0x3 
 .data.pFlash   0x2000000c       0x1c ./Drivers/STM32H5xx_HAL_Driver/Src/stm32h5xx_hal_flash.o
                0x2000000c                pFlash
 *(.RamFunc)
 *(.RamFunc*)
                0x20000028                        . = ALIGN (0x4)
                0x20000028                        _edata = .

.igot.plt       0x20000028        0x0 load address 0x0800a424
 .igot.plt      0x20000028        0x0 C:/ST/STM32CubeIDE_1.17.0/STM32CubeIDE/plugins/com.st.stm32cube.ide.mcu.externaltools.gnu-tools-for-stm32.12.3.rel1.win32_1.1.0.202410251130/tools/bin/../lib/gcc/arm-none-eabi/12.3.1/thumb/v8-m.main+fp/hard/crtbegin.o
                0x20000028                        . = ALIGN (0x4)

.bss            0x20000028      0x1c4 load address 0x0800a424
                0x20000028                        _sbss = .
                0x20000028                        __bss_start__ = _sbss
 *(.bss)
 .bss           0x20000028       0x1c C:/ST/STM32CubeIDE_1.17.0/STM32CubeIDE/plugins/com.st.stm32cube.ide.mcu.externaltools.gnu-tools-for-stm32.12.3.rel1.win32_1.1.0.202410251130/tools/bin/../lib/gcc/arm-none-eabi/12.3.1/thumb/v8-m.main+fp/hard/crtbegin.o
 *(.bss*)
 .bss.huart5    0x20000044       0x94 ./Core/Src/main.o
                0x20000044                huart5
 .bss.uart5_rx_buffer
                0x200000d8        0x1 ./Core/Src/main.o
                0x200000d8                uart5_rx_buffer
 *fill*         0x200000d9        0x3 
 .bss.uart_buffer
                0x200000dc      0x10c ./Core/Src/main.o
                0x200000dc                uart_buffer
 .bss.uwTick    0x200001e8        0x4 ./Drivers/STM32H5xx_HAL_Driver/Src/stm32h5xx_hal.o
                0x200001e8                uwTick
 *(COMMON)
                0x200001ec                        . = ALIGN (0x4)
                0x200001ec                        _ebss = .
                0x200001ec                        __bss_end__ = _ebss

._user_heap_stack
                0x200001ec      0x604 load address 0x0800a424
                0x200001f0                        . = ALIGN (0x8)
 *fill*         0x200001ec        0x4 
                [!provide]                        PROVIDE (end = .)
                0x200001f0                        PROVIDE (_end = .)
                0x200003f0                        . = (. + _Min_Heap_Size)
 *fill*         0x200001f0      0x200 
                0x200007f0                        . = (. + _Min_Stack_Size)
 *fill*         0x200003f0      0x400 
                0x200007f0                        . = ALIGN (0x8)

/DISCARD/
 libc.a(*)
 libm.a(*)
 libgcc.a(*)

.ARM.attributes
                0x00000000       0x36
 *(.ARM.attributes)
 .ARM.attributes
                0x00000000       0x26 C:/ST/STM32CubeIDE_1.17.0/STM32CubeIDE/plugins/com.st.stm32cube.ide.mcu.externaltools.gnu-tools-for-stm32.12.3.rel1.win32_1.1.0.202410251130/tools/bin/../lib/gcc/arm-none-eabi/12.3.1/thumb/v8-m.main+fp/hard/crti.o
 .ARM.attributes
                0x00000026       0x38 C:/ST/STM32CubeIDE_1.17.0/STM32CubeIDE/plugins/com.st.stm32cube.ide.mcu.externaltools.gnu-tools-for-stm32.12.3.rel1.win32_1.1.0.202410251130/tools/bin/../lib/gcc/arm-none-eabi/12.3.1/thumb/v8-m.main+fp/hard/crtbegin.o
 .ARM.attributes
                0x0000005e       0x3a ./Core/Src/flash.o
 .ARM.attributes
                0x00000098       0x3a ./Core/Src/main.o
 .ARM.attributes
                0x000000d2       0x3a ./Core/Src/stm32h5xx_hal_msp.o
 .ARM.attributes
                0x0000010c       0x3a ./Core/Src/stm32h5xx_it.o
 .ARM.attributes
                0x00000146       0x3a ./Core/Src/system_stm32h5xx.o
 .ARM.attributes
                0x00000180       0x3a ./Core/Src/uart.o
 .ARM.attributes
                0x000001ba       0x3a ./Core/Src/xmodem.o
 .ARM.attributes
                0x000001f4       0x24 ./Core/Startup/startup_stm32h573zitxq.o
 .ARM.attributes
                0x00000218       0x3a ./Drivers/STM32H5xx_HAL_Driver/Src/stm32h5xx_hal.o
 .ARM.attributes
                0x00000252       0x3a ./Drivers/STM32H5xx_HAL_Driver/Src/stm32h5xx_hal_cortex.o
 .ARM.attributes
                0x0000028c       0x3a ./Drivers/STM32H5xx_HAL_Driver/Src/stm32h5xx_hal_dma.o
 .ARM.attributes
                0x000002c6       0x3a ./Drivers/STM32H5xx_HAL_Driver/Src/stm32h5xx_hal_flash.o
 .ARM.attributes
                0x00000300       0x3a ./Drivers/STM32H5xx_HAL_Driver/Src/stm32h5xx_hal_flash_ex.o
 .ARM.attributes
                0x0000033a       0x3a ./Drivers/STM32H5xx_HAL_Driver/Src/stm32h5xx_hal_gpio.o
 .ARM.attributes
                0x00000374       0x3a ./Drivers/STM32H5xx_HAL_Driver/Src/stm32h5xx_hal_rcc.o
 .ARM.attributes
                0x000003ae       0x3a ./Drivers/STM32H5xx_HAL_Driver/Src/stm32h5xx_hal_rcc_ex.o
 .ARM.attributes
                0x000003e8       0x3a ./Drivers/STM32H5xx_HAL_Driver/Src/stm32h5xx_hal_uart.o
 .ARM.attributes
                0x00000422       0x3a ./Drivers/STM32H5xx_HAL_Driver/Src/stm32h5xx_hal_uart_ex.o
 .ARM.attributes
                0x0000045c       0x38 C:/ST/STM32CubeIDE_1.17.0/STM32CubeIDE/plugins/com.st.stm32cube.ide.mcu.externaltools.gnu-tools-for-stm32.12.3.rel1.win32_1.1.0.202410251130/tools/bin/../lib/gcc/arm-none-eabi/12.3.1/../../../../arm-none-eabi/lib/thumb/v8-m.main+fp/hard\libc_nano.a(libc_a-memset.o)
 .ARM.attributes
                0x00000494       0x38 C:/ST/STM32CubeIDE_1.17.0/STM32CubeIDE/plugins/com.st.stm32cube.ide.mcu.externaltools.gnu-tools-for-stm32.12.3.rel1.win32_1.1.0.202410251130/tools/bin/../lib/gcc/arm-none-eabi/12.3.1/../../../../arm-none-eabi/lib/thumb/v8-m.main+fp/hard\libc_nano.a(libc_a-init.o)
 .ARM.attributes
                0x000004cc       0x38 C:/ST/STM32CubeIDE_1.17.0/STM32CubeIDE/plugins/com.st.stm32cube.ide.mcu.externaltools.gnu-tools-for-stm32.12.3.rel1.win32_1.1.0.202410251130/tools/bin/../lib/gcc/arm-none-eabi/12.3.1/../../../../arm-none-eabi/lib/thumb/v8-m.main+fp/hard\libc_nano.a(libc_a-memcpy-stub.o)
 .ARM.attributes
                0x00000504       0x26 C:/ST/STM32CubeIDE_1.17.0/STM32CubeIDE/plugins/com.st.stm32cube.ide.mcu.externaltools.gnu-tools-for-stm32.12.3.rel1.win32_1.1.0.202410251130/tools/bin/../lib/gcc/arm-none-eabi/12.3.1/thumb/v8-m.main+fp/hard\libgcc.a(_aeabi_uldivmod.o)
 .ARM.attributes
                0x0000052a       0x38 C:/ST/STM32CubeIDE_1.17.0/STM32CubeIDE/plugins/com.st.stm32cube.ide.mcu.externaltools.gnu-tools-for-stm32.12.3.rel1.win32_1.1.0.202410251130/tools/bin/../lib/gcc/arm-none-eabi/12.3.1/thumb/v8-m.main+fp/hard\libgcc.a(_udivmoddi4.o)
 .ARM.attributes
                0x00000562       0x26 C:/ST/STM32CubeIDE_1.17.0/STM32CubeIDE/plugins/com.st.stm32cube.ide.mcu.externaltools.gnu-tools-for-stm32.12.3.rel1.win32_1.1.0.202410251130/tools/bin/../lib/gcc/arm-none-eabi/12.3.1/thumb/v8-m.main+fp/hard\libgcc.a(_dvmd_tls.o)
 .ARM.attributes
                0x00000588       0x26 C:/ST/STM32CubeIDE_1.17.0/STM32CubeIDE/plugins/com.st.stm32cube.ide.mcu.externaltools.gnu-tools-for-stm32.12.3.rel1.win32_1.1.0.202410251130/tools/bin/../lib/gcc/arm-none-eabi/12.3.1/thumb/v8-m.main+fp/hard/crtn.o
OUTPUT(bootloader.elf elf32-littlearm)
LOAD linker stubs
LOAD C:/ST/STM32CubeIDE_1.17.0/STM32CubeIDE/plugins/com.st.stm32cube.ide.mcu.externaltools.gnu-tools-for-stm32.12.3.rel1.win32_1.1.0.202410251130/tools/bin/../lib/gcc/arm-none-eabi/12.3.1/../../../../arm-none-eabi/lib/thumb/v8-m.main+fp/hard\libc.a
LOAD C:/ST/STM32CubeIDE_1.17.0/STM32CubeIDE/plugins/com.st.stm32cube.ide.mcu.externaltools.gnu-tools-for-stm32.12.3.rel1.win32_1.1.0.202410251130/tools/bin/../lib/gcc/arm-none-eabi/12.3.1/../../../../arm-none-eabi/lib/thumb/v8-m.main+fp/hard\libm.a
LOAD C:/ST/STM32CubeIDE_1.17.0/STM32CubeIDE/plugins/com.st.stm32cube.ide.mcu.externaltools.gnu-tools-for-stm32.12.3.rel1.win32_1.1.0.202410251130/tools/bin/../lib/gcc/arm-none-eabi/12.3.1/thumb/v8-m.main+fp/hard\libgcc.a

.debug_info     0x00000000    0x12f47
 .debug_info    0x00000000      0x389 ./Core/Src/flash.o
 .debug_info    0x00000389     0x1c78 ./Core/Src/main.o
 .debug_info    0x00002001     0x163b ./Core/Src/stm32h5xx_hal_msp.o
 .debug_info    0x0000363c      0x9ba ./Core/Src/stm32h5xx_it.o
 .debug_info    0x00003ff6      0xd8e ./Core/Src/system_stm32h5xx.o
 .debug_info    0x00004d84      0xa34 ./Core/Src/uart.o
 .debug_info    0x000057b8      0xc9a ./Core/Src/xmodem.o
 .debug_info    0x00006452       0x30 ./Core/Startup/startup_stm32h573zitxq.o
 .debug_info    0x00006482     0x13b1 ./Drivers/STM32H5xx_HAL_Driver/Src/stm32h5xx_hal.o
 .debug_info    0x00007833     0x166a ./Drivers/STM32H5xx_HAL_Driver/Src/stm32h5xx_hal_cortex.o
 .debug_info    0x00008e9d      0xadc ./Drivers/STM32H5xx_HAL_Driver/Src/stm32h5xx_hal_dma.o
 .debug_info    0x00009979      0xabc ./Drivers/STM32H5xx_HAL_Driver/Src/stm32h5xx_hal_flash.o
 .debug_info    0x0000a435      0xfc9 ./Drivers/STM32H5xx_HAL_Driver/Src/stm32h5xx_hal_flash_ex.o
 .debug_info    0x0000b3fe      0x6b6 ./Drivers/STM32H5xx_HAL_Driver/Src/stm32h5xx_hal_gpio.o
 .debug_info    0x0000bab4     0x109f ./Drivers/STM32H5xx_HAL_Driver/Src/stm32h5xx_hal_rcc.o
 .debug_info    0x0000cb53     0x12d7 ./Drivers/STM32H5xx_HAL_Driver/Src/stm32h5xx_hal_rcc_ex.o
 .debug_info    0x0000de2a     0x4030 ./Drivers/STM32H5xx_HAL_Driver/Src/stm32h5xx_hal_uart.o
 .debug_info    0x00011e5a     0x10ed ./Drivers/STM32H5xx_HAL_Driver/Src/stm32h5xx_hal_uart_ex.o

.debug_abbrev   0x00000000     0x28f6
 .debug_abbrev  0x00000000      0x1b5 ./Core/Src/flash.o
 .debug_abbrev  0x000001b5      0x3c9 ./Core/Src/main.o
 .debug_abbrev  0x0000057e      0x207 ./Core/Src/stm32h5xx_hal_msp.o
 .debug_abbrev  0x00000785      0x1c4 ./Core/Src/stm32h5xx_it.o
 .debug_abbrev  0x00000949      0x13a ./Core/Src/system_stm32h5xx.o
 .debug_abbrev  0x00000a83      0x19b ./Core/Src/uart.o
 .debug_abbrev  0x00000c1e      0x258 ./Core/Src/xmodem.o
 .debug_abbrev  0x00000e76       0x24 ./Core/Startup/startup_stm32h573zitxq.o
 .debug_abbrev  0x00000e9a      0x2af ./Drivers/STM32H5xx_HAL_Driver/Src/stm32h5xx_hal.o
 .debug_abbrev  0x00001149      0x311 ./Drivers/STM32H5xx_HAL_Driver/Src/stm32h5xx_hal_cortex.o
 .debug_abbrev  0x0000145a      0x1ff ./Drivers/STM32H5xx_HAL_Driver/Src/stm32h5xx_hal_dma.o
 .debug_abbrev  0x00001659      0x330 ./Drivers/STM32H5xx_HAL_Driver/Src/stm32h5xx_hal_flash.o
 .debug_abbrev  0x00001989      0x2c0 ./Drivers/STM32H5xx_HAL_Driver/Src/stm32h5xx_hal_flash_ex.o
 .debug_abbrev  0x00001c49      0x1db ./Drivers/STM32H5xx_HAL_Driver/Src/stm32h5xx_hal_gpio.o
 .debug_abbrev  0x00001e24      0x290 ./Drivers/STM32H5xx_HAL_Driver/Src/stm32h5xx_hal_rcc.o
 .debug_abbrev  0x000020b4      0x269 ./Drivers/STM32H5xx_HAL_Driver/Src/stm32h5xx_hal_rcc_ex.o
 .debug_abbrev  0x0000231d      0x305 ./Drivers/STM32H5xx_HAL_Driver/Src/stm32h5xx_hal_uart.o
 .debug_abbrev  0x00002622      0x2d4 ./Drivers/STM32H5xx_HAL_Driver/Src/stm32h5xx_hal_uart_ex.o

.debug_aranges  0x00000000      0xce8
 .debug_aranges
                0x00000000       0x38 ./Core/Src/flash.o
 .debug_aranges
                0x00000038       0x88 ./Core/Src/main.o
 .debug_aranges
                0x000000c0       0x30 ./Core/Src/stm32h5xx_hal_msp.o
 .debug_aranges
                0x000000f0       0x68 ./Core/Src/stm32h5xx_it.o
 .debug_aranges
                0x00000158       0x28 ./Core/Src/system_stm32h5xx.o
 .debug_aranges
                0x00000180       0x30 ./Core/Src/uart.o
 .debug_aranges
                0x000001b0       0x48 ./Core/Src/xmodem.o
 .debug_aranges
                0x000001f8       0x28 ./Core/Startup/startup_stm32h573zitxq.o
 .debug_aranges
                0x00000220      0x200 ./Drivers/STM32H5xx_HAL_Driver/Src/stm32h5xx_hal.o
 .debug_aranges
                0x00000420      0x140 ./Drivers/STM32H5xx_HAL_Driver/Src/stm32h5xx_hal_cortex.o
 .debug_aranges
                0x00000560       0xa0 ./Drivers/STM32H5xx_HAL_Driver/Src/stm32h5xx_hal_dma.o
 .debug_aranges
                0x00000600       0x90 ./Drivers/STM32H5xx_HAL_Driver/Src/stm32h5xx_hal_flash.o
 .debug_aranges
                0x00000690      0x148 ./Drivers/STM32H5xx_HAL_Driver/Src/stm32h5xx_hal_flash_ex.o
 .debug_aranges
                0x000007d8       0x78 ./Drivers/STM32H5xx_HAL_Driver/Src/stm32h5xx_hal_gpio.o
 .debug_aranges
                0x00000850       0xa0 ./Drivers/STM32H5xx_HAL_Driver/Src/stm32h5xx_hal_rcc.o
 .debug_aranges
                0x000008f0      0x108 ./Drivers/STM32H5xx_HAL_Driver/Src/stm32h5xx_hal_rcc_ex.o
 .debug_aranges
                0x000009f8      0x248 ./Drivers/STM32H5xx_HAL_Driver/Src/stm32h5xx_hal_uart.o
 .debug_aranges
                0x00000c40       0xa8 ./Drivers/STM32H5xx_HAL_Driver/Src/stm32h5xx_hal_uart_ex.o

.debug_rnglists
                0x00000000      0x9fc
 .debug_rnglists
                0x00000000       0x27 ./Core/Src/flash.o
 .debug_rnglists
                0x00000027       0x74 ./Core/Src/main.o
 .debug_rnglists
                0x0000009b       0x20 ./Core/Src/stm32h5xx_hal_msp.o
 .debug_rnglists
                0x000000bb       0x49 ./Core/Src/stm32h5xx_it.o
 .debug_rnglists
                0x00000104       0x1b ./Core/Src/system_stm32h5xx.o
 .debug_rnglists
                0x0000011f       0x1f ./Core/Src/uart.o
 .debug_rnglists
                0x0000013e       0x40 ./Core/Src/xmodem.o
 .debug_rnglists
                0x0000017e       0x19 ./Core/Startup/startup_stm32h573zitxq.o
 .debug_rnglists
                0x00000197      0x17d ./Drivers/STM32H5xx_HAL_Driver/Src/stm32h5xx_hal.o
 .debug_rnglists
                0x00000314       0xec ./Drivers/STM32H5xx_HAL_Driver/Src/stm32h5xx_hal_cortex.o
 .debug_rnglists
                0x00000400       0x7e ./Drivers/STM32H5xx_HAL_Driver/Src/stm32h5xx_hal_dma.o
 .debug_rnglists
                0x0000047e       0x6d ./Drivers/STM32H5xx_HAL_Driver/Src/stm32h5xx_hal_flash.o
 .debug_rnglists
                0x000004eb       0xf8 ./Drivers/STM32H5xx_HAL_Driver/Src/stm32h5xx_hal_flash_ex.o
 .debug_rnglists
                0x000005e3       0x57 ./Drivers/STM32H5xx_HAL_Driver/Src/stm32h5xx_hal_gpio.o
 .debug_rnglists
                0x0000063a       0x79 ./Drivers/STM32H5xx_HAL_Driver/Src/stm32h5xx_hal_rcc.o
 .debug_rnglists
                0x000006b3       0xcf ./Drivers/STM32H5xx_HAL_Driver/Src/stm32h5xx_hal_rcc_ex.o
 .debug_rnglists
                0x00000782      0x1fb ./Drivers/STM32H5xx_HAL_Driver/Src/stm32h5xx_hal_uart.o
 .debug_rnglists
                0x0000097d       0x7f ./Drivers/STM32H5xx_HAL_Driver/Src/stm32h5xx_hal_uart_ex.o

.debug_macro    0x00000000    0x31d12
 .debug_macro   0x00000000      0x30c ./Core/Src/flash.o
 .debug_macro   0x0000030c      0xaba ./Core/Src/flash.o
 .debug_macro   0x00000dc6      0x1c4 ./Core/Src/flash.o
 .debug_macro   0x00000f8a       0x22 ./Core/Src/flash.o
 .debug_macro   0x00000fac       0x5b ./Core/Src/flash.o
 .debug_macro   0x00001007       0x2a ./Core/Src/flash.o
 .debug_macro   0x00001031       0x94 ./Core/Src/flash.o
 .debug_macro   0x000010c5       0x43 ./Core/Src/flash.o
 .debug_macro   0x00001108       0x34 ./Core/Src/flash.o
 .debug_macro   0x0000113c      0x189 ./Core/Src/flash.o
 .debug_macro   0x000012c5       0x16 ./Core/Src/flash.o
 .debug_macro   0x000012db       0x43 ./Core/Src/flash.o
 .debug_macro   0x0000131e       0x57 ./Core/Src/flash.o
 .debug_macro   0x00001375       0x34 ./Core/Src/flash.o
 .debug_macro   0x000013a9       0x10 ./Core/Src/flash.o
 .debug_macro   0x000013b9       0x58 ./Core/Src/flash.o
 .debug_macro   0x00001411       0x8e ./Core/Src/flash.o
 .debug_macro   0x0000149f       0x1c ./Core/Src/flash.o
 .debug_macro   0x000014bb      0x177 ./Core/Src/flash.o
 .debug_macro   0x00001632      0x369 ./Core/Src/flash.o
 .debug_macro   0x0000199b      0x19b ./Core/Src/flash.o
 .debug_macro   0x00001b36       0x28 ./Core/Src/flash.o
 .debug_macro   0x00001b5e       0x49 ./Core/Src/flash.o
 .debug_macro   0x00001ba7      0x103 ./Core/Src/flash.o
 .debug_macro   0x00001caa       0x6a ./Core/Src/flash.o
 .debug_macro   0x00001d14      0x1df ./Core/Src/flash.o
 .debug_macro   0x00001ef3       0x1c ./Core/Src/flash.o
 .debug_macro   0x00001f0f       0x29 ./Core/Src/flash.o
 .debug_macro   0x00001f38       0xfb ./Core/Src/flash.o
 .debug_macro   0x00002033     0x1685 ./Core/Src/flash.o
 .debug_macro   0x000036b8       0x5e ./Core/Src/flash.o
 .debug_macro   0x00003716    0x21f0c ./Core/Src/flash.o
 .debug_macro   0x00025622       0x6d ./Core/Src/flash.o
 .debug_macro   0x0002568f     0x3891 ./Core/Src/flash.o
 .debug_macro   0x00028f20       0x63 ./Core/Src/flash.o
 .debug_macro   0x00028f83     0x1fae ./Core/Src/flash.o
 .debug_macro   0x0002af31      0xe96 ./Core/Src/flash.o
 .debug_macro   0x0002bdc7      0x166 ./Core/Src/flash.o
 .debug_macro   0x0002bf2d      0x30b ./Core/Src/flash.o
 .debug_macro   0x0002c238      0x94f ./Core/Src/flash.o
 .debug_macro   0x0002cb87      0x478 ./Core/Src/flash.o
 .debug_macro   0x0002cfff       0xd6 ./Core/Src/flash.o
 .debug_macro   0x0002d0d5      0x1ce ./Core/Src/flash.o
 .debug_macro   0x0002d2a3      0x554 ./Core/Src/flash.o
 .debug_macro   0x0002d7f7      0x638 ./Core/Src/flash.o
 .debug_macro   0x0002de2f       0x74 ./Core/Src/flash.o
 .debug_macro   0x0002dea3      0x313 ./Core/Src/flash.o
 .debug_macro   0x0002e1b6      0x1bb ./Core/Src/flash.o
 .debug_macro   0x0002e371      0x693 ./Core/Src/flash.o
 .debug_macro   0x0002ea04       0xa6 ./Core/Src/flash.o
 .debug_macro   0x0002eaaa      0x2a7 ./Core/Src/flash.o
 .debug_macro   0x0002ed51      0x47e ./Core/Src/flash.o
 .debug_macro   0x0002f1cf       0x10 ./Core/Src/flash.o
 .debug_macro   0x0002f1df       0x16 ./Core/Src/flash.o
 .debug_macro   0x0002f1f5       0x35 ./Core/Src/flash.o
 .debug_macro   0x0002f22a       0x20 ./Core/Src/flash.o
 .debug_macro   0x0002f24a       0x22 ./Core/Src/flash.o
 .debug_macro   0x0002f26c       0x28 ./Core/Src/flash.o
 .debug_macro   0x0002f294       0x1c ./Core/Src/flash.o
 .debug_macro   0x0002f2b0       0x10 ./Core/Src/flash.o
 .debug_macro   0x0002f2c0       0x1c ./Core/Src/flash.o
 .debug_macro   0x0002f2dc       0x16 ./Core/Src/flash.o
 .debug_macro   0x0002f2f2      0x146 ./Core/Src/flash.o
 .debug_macro   0x0002f438      0x2e0 ./Core/Src/main.o
 .debug_macro   0x0002f718       0x10 ./Core/Src/main.o
 .debug_macro   0x0002f728       0x16 ./Core/Src/main.o
 .debug_macro   0x0002f73e       0x64 ./Core/Src/main.o
 .debug_macro   0x0002f7a2      0x2a1 ./Core/Src/stm32h5xx_hal_msp.o
 .debug_macro   0x0002fa43      0x2b4 ./Core/Src/stm32h5xx_it.o
 .debug_macro   0x0002fcf7      0x260 ./Core/Src/system_stm32h5xx.o
 .debug_macro   0x0002ff57      0x269 ./Core/Src/uart.o
 .debug_macro   0x000301c0      0x2e0 ./Core/Src/xmodem.o
 .debug_macro   0x000304a0      0x28f ./Drivers/STM32H5xx_HAL_Driver/Src/stm32h5xx_hal.o
 .debug_macro   0x0003072f      0x259 ./Drivers/STM32H5xx_HAL_Driver/Src/stm32h5xx_hal_cortex.o
 .debug_macro   0x00030988      0x25a ./Drivers/STM32H5xx_HAL_Driver/Src/stm32h5xx_hal_dma.o
 .debug_macro   0x00030be2      0x259 ./Drivers/STM32H5xx_HAL_Driver/Src/stm32h5xx_hal_flash.o
 .debug_macro   0x00030e3b      0x259 ./Drivers/STM32H5xx_HAL_Driver/Src/stm32h5xx_hal_flash_ex.o
 .debug_macro   0x00031094      0x28f ./Drivers/STM32H5xx_HAL_Driver/Src/stm32h5xx_hal_gpio.o
 .debug_macro   0x00031323      0x29b ./Drivers/STM32H5xx_HAL_Driver/Src/stm32h5xx_hal_rcc.o
 .debug_macro   0x000315be      0x26b ./Drivers/STM32H5xx_HAL_Driver/Src/stm32h5xx_hal_rcc_ex.o
 .debug_macro   0x00031829      0x284 ./Drivers/STM32H5xx_HAL_Driver/Src/stm32h5xx_hal_uart.o
 .debug_macro   0x00031aad      0x265 ./Drivers/STM32H5xx_HAL_Driver/Src/stm32h5xx_hal_uart_ex.o

.debug_line     0x00000000    0x12c91
 .debug_line    0x00000000      0xa06 ./Core/Src/flash.o
 .debug_line    0x00000a06      0xbd1 ./Core/Src/main.o
 .debug_line    0x000015d7      0x8eb ./Core/Src/stm32h5xx_hal_msp.o
 .debug_line    0x00001ec2      0x972 ./Core/Src/stm32h5xx_it.o
 .debug_line    0x00002834      0x9c5 ./Core/Src/system_stm32h5xx.o
 .debug_line    0x000031f9      0x8a5 ./Core/Src/uart.o
 .debug_line    0x00003a9e      0xb03 ./Core/Src/xmodem.o
 .debug_line    0x000045a1       0x7b ./Core/Startup/startup_stm32h573zitxq.o
 .debug_line    0x0000461c      0xf52 ./Drivers/STM32H5xx_HAL_Driver/Src/stm32h5xx_hal.o
 .debug_line    0x0000556e      0xeba ./Drivers/STM32H5xx_HAL_Driver/Src/stm32h5xx_hal_cortex.o
 .debug_line    0x00006428     0x12fa ./Drivers/STM32H5xx_HAL_Driver/Src/stm32h5xx_hal_dma.o
 .debug_line    0x00007722      0xce5 ./Drivers/STM32H5xx_HAL_Driver/Src/stm32h5xx_hal_flash.o
 .debug_line    0x00008407     0x1285 ./Drivers/STM32H5xx_HAL_Driver/Src/stm32h5xx_hal_flash_ex.o
 .debug_line    0x0000968c      0xc46 ./Drivers/STM32H5xx_HAL_Driver/Src/stm32h5xx_hal_gpio.o
 .debug_line    0x0000a2d2     0x12c5 ./Drivers/STM32H5xx_HAL_Driver/Src/stm32h5xx_hal_rcc.o
 .debug_line    0x0000b597     0x2e18 ./Drivers/STM32H5xx_HAL_Driver/Src/stm32h5xx_hal_rcc_ex.o
 .debug_line    0x0000e3af     0x3a42 ./Drivers/STM32H5xx_HAL_Driver/Src/stm32h5xx_hal_uart.o
 .debug_line    0x00011df1      0xea0 ./Drivers/STM32H5xx_HAL_Driver/Src/stm32h5xx_hal_uart_ex.o

.debug_str      0x00000000   0x135acc
 .debug_str     0x00000000   0x130656 ./Core/Src/flash.o
                             0x1309aa (size before relaxing)
 .debug_str     0x00130656     0x1278 ./Core/Src/main.o
                             0x13159a (size before relaxing)
 .debug_str     0x001318ce      0xc25 ./Core/Src/stm32h5xx_hal_msp.o
                             0x131615 (size before relaxing)
 .debug_str     0x001324f3       0xf9 ./Core/Src/stm32h5xx_it.o
                             0x1307f9 (size before relaxing)
 .debug_str     0x001325ec      0x1bd ./Core/Src/system_stm32h5xx.o
                             0x1305bb (size before relaxing)
 .debug_str     0x001327a9       0x52 ./Core/Src/uart.o
                             0x13066a (size before relaxing)
 .debug_str     0x001327fb      0x14a ./Core/Src/xmodem.o
                             0x130b77 (size before relaxing)
 .debug_str     0x00132945       0x45 ./Core/Startup/startup_stm32h573zitxq.o
                                 0x7f (size before relaxing)
 .debug_str     0x0013298a      0x94d ./Drivers/STM32H5xx_HAL_Driver/Src/stm32h5xx_hal.o
                             0x131427 (size before relaxing)
 .debug_str     0x001332d7      0x3dc ./Drivers/STM32H5xx_HAL_Driver/Src/stm32h5xx_hal_cortex.o
                             0x130fb6 (size before relaxing)
 .debug_str     0x001336b3      0x358 ./Drivers/STM32H5xx_HAL_Driver/Src/stm32h5xx_hal_dma.o
                             0x1306ab (size before relaxing)
 .debug_str     0x00133a0b      0x283 ./Drivers/STM32H5xx_HAL_Driver/Src/stm32h5xx_hal_flash.o
                             0x1305a2 (size before relaxing)
 .debug_str     0x00133c8e      0x5e9 ./Drivers/STM32H5xx_HAL_Driver/Src/stm32h5xx_hal_flash_ex.o
                             0x1309c1 (size before relaxing)
 .debug_str     0x00134277      0x2c7 ./Drivers/STM32H5xx_HAL_Driver/Src/stm32h5xx_hal_gpio.o
                             0x130320 (size before relaxing)
 .debug_str     0x0013453e      0x37f ./Drivers/STM32H5xx_HAL_Driver/Src/stm32h5xx_hal_rcc.o
                             0x130b00 (size before relaxing)
 .debug_str     0x001348bd      0x6e5 ./Drivers/STM32H5xx_HAL_Driver/Src/stm32h5xx_hal_rcc_ex.o
                             0x130e4a (size before relaxing)
 .debug_str     0x00134fa2      0x8bf ./Drivers/STM32H5xx_HAL_Driver/Src/stm32h5xx_hal_uart.o
                             0x131001 (size before relaxing)
 .debug_str     0x00135861      0x26b ./Drivers/STM32H5xx_HAL_Driver/Src/stm32h5xx_hal_uart_ex.o
                             0x1309d2 (size before relaxing)

.comment        0x00000000       0x43
 .comment       0x00000000       0x43 ./Core/Src/flash.o
                                 0x44 (size before relaxing)
 .comment       0x00000043       0x44 ./Core/Src/main.o
 .comment       0x00000043       0x44 ./Core/Src/stm32h5xx_hal_msp.o
 .comment       0x00000043       0x44 ./Core/Src/stm32h5xx_it.o
 .comment       0x00000043       0x44 ./Core/Src/system_stm32h5xx.o
 .comment       0x00000043       0x44 ./Core/Src/uart.o
 .comment       0x00000043       0x44 ./Core/Src/xmodem.o
 .comment       0x00000043       0x44 ./Drivers/STM32H5xx_HAL_Driver/Src/stm32h5xx_hal.o
 .comment       0x00000043       0x44 ./Drivers/STM32H5xx_HAL_Driver/Src/stm32h5xx_hal_cortex.o
 .comment       0x00000043       0x44 ./Drivers/STM32H5xx_HAL_Driver/Src/stm32h5xx_hal_dma.o
 .comment       0x00000043       0x44 ./Drivers/STM32H5xx_HAL_Driver/Src/stm32h5xx_hal_flash.o
 .comment       0x00000043       0x44 ./Drivers/STM32H5xx_HAL_Driver/Src/stm32h5xx_hal_flash_ex.o
 .comment       0x00000043       0x44 ./Drivers/STM32H5xx_HAL_Driver/Src/stm32h5xx_hal_gpio.o
 .comment       0x00000043       0x44 ./Drivers/STM32H5xx_HAL_Driver/Src/stm32h5xx_hal_rcc.o
 .comment       0x00000043       0x44 ./Drivers/STM32H5xx_HAL_Driver/Src/stm32h5xx_hal_rcc_ex.o
 .comment       0x00000043       0x44 ./Drivers/STM32H5xx_HAL_Driver/Src/stm32h5xx_hal_uart.o
 .comment       0x00000043       0x44 ./Drivers/STM32H5xx_HAL_Driver/Src/stm32h5xx_hal_uart_ex.o

.debug_frame    0x00000000     0x34ec
 .debug_frame   0x00000000       0xa4 ./Core/Src/flash.o
 .debug_frame   0x000000a4      0x1e8 ./Core/Src/main.o
 .debug_frame   0x0000028c       0x7c ./Core/Src/stm32h5xx_hal_msp.o
 .debug_frame   0x00000308      0x128 ./Core/Src/stm32h5xx_it.o
 .debug_frame   0x00000430       0x60 ./Core/Src/system_stm32h5xx.o
 .debug_frame   0x00000490       0x7c ./Core/Src/uart.o
 .debug_frame   0x0000050c       0xf8 ./Core/Src/xmodem.o
 .debug_frame   0x00000604      0x828 ./Drivers/STM32H5xx_HAL_Driver/Src/stm32h5xx_hal.o
 .debug_frame   0x00000e2c      0x560 ./Drivers/STM32H5xx_HAL_Driver/Src/stm32h5xx_hal_cortex.o
 .debug_frame   0x0000138c      0x2a0 ./Drivers/STM32H5xx_HAL_Driver/Src/stm32h5xx_hal_dma.o
 .debug_frame   0x0000162c      0x238 ./Drivers/STM32H5xx_HAL_Driver/Src/stm32h5xx_hal_flash.o
 .debug_frame   0x00001864      0x5a4 ./Drivers/STM32H5xx_HAL_Driver/Src/stm32h5xx_hal_flash_ex.o
 .debug_frame   0x00001e08      0x1ec ./Drivers/STM32H5xx_HAL_Driver/Src/stm32h5xx_hal_gpio.o
 .debug_frame   0x00001ff4      0x268 ./Drivers/STM32H5xx_HAL_Driver/Src/stm32h5xx_hal_rcc.o
 .debug_frame   0x0000225c      0x470 ./Drivers/STM32H5xx_HAL_Driver/Src/stm32h5xx_hal_rcc_ex.o
 .debug_frame   0x000026cc      0xa84 ./Drivers/STM32H5xx_HAL_Driver/Src/stm32h5xx_hal_uart.o
 .debug_frame   0x00003150      0x2c4 ./Drivers/STM32H5xx_HAL_Driver/Src/stm32h5xx_hal_uart_ex.o
 .debug_frame   0x00003414       0x20 C:/ST/STM32CubeIDE_1.17.0/STM32CubeIDE/plugins/com.st.stm32cube.ide.mcu.externaltools.gnu-tools-for-stm32.12.3.rel1.win32_1.1.0.202410251130/tools/bin/../lib/gcc/arm-none-eabi/12.3.1/../../../../arm-none-eabi/lib/thumb/v8-m.main+fp/hard\libc_nano.a(libc_a-memset.o)
 .debug_frame   0x00003434       0x2c C:/ST/STM32CubeIDE_1.17.0/STM32CubeIDE/plugins/com.st.stm32cube.ide.mcu.externaltools.gnu-tools-for-stm32.12.3.rel1.win32_1.1.0.202410251130/tools/bin/../lib/gcc/arm-none-eabi/12.3.1/../../../../arm-none-eabi/lib/thumb/v8-m.main+fp/hard\libc_nano.a(libc_a-init.o)
 .debug_frame   0x00003460       0x28 C:/ST/STM32CubeIDE_1.17.0/STM32CubeIDE/plugins/com.st.stm32cube.ide.mcu.externaltools.gnu-tools-for-stm32.12.3.rel1.win32_1.1.0.202410251130/tools/bin/../lib/gcc/arm-none-eabi/12.3.1/../../../../arm-none-eabi/lib/thumb/v8-m.main+fp/hard\libc_nano.a(libc_a-memcpy-stub.o)
 .debug_frame   0x00003488       0x2c C:/ST/STM32CubeIDE_1.17.0/STM32CubeIDE/plugins/com.st.stm32cube.ide.mcu.externaltools.gnu-tools-for-stm32.12.3.rel1.win32_1.1.0.202410251130/tools/bin/../lib/gcc/arm-none-eabi/12.3.1/thumb/v8-m.main+fp/hard\libgcc.a(_aeabi_uldivmod.o)
 .debug_frame   0x000034b4       0x38 C:/ST/STM32CubeIDE_1.17.0/STM32CubeIDE/plugins/com.st.stm32cube.ide.mcu.externaltools.gnu-tools-for-stm32.12.3.rel1.win32_1.1.0.202410251130/tools/bin/../lib/gcc/arm-none-eabi/12.3.1/thumb/v8-m.main+fp/hard\libgcc.a(_udivmoddi4.o)

.debug_line_str
                0x00000000       0x63
 .debug_line_str
                0x00000000       0x63 ./Core/Startup/startup_stm32h573zitxq.o
