../Drivers/STM32H5xx_HAL_Driver/Src/stm32h5xx_hal_rcc_ex.c:154:19:HAL_RCCEx_PeriphCLKConfig	384	static
../Drivers/STM32H5xx_HAL_Driver/Src/stm32h5xx_hal_rcc_ex.c:2454:6:HAL_RCCEx_GetPeriphCLKConfig	224	static
../Drivers/STM32H5xx_HAL_Driver/Src/stm32h5xx_hal_rcc_ex.c:2778:6:HAL_RCCEx_GetPLL1ClockFreq	48	static
../Drivers/STM32H5xx_HAL_Driver/Src/stm32h5xx_hal_rcc_ex.c:2915:6:HAL_RCCEx_GetPLL2ClockFreq	48	static
../Drivers/STM32H5xx_HAL_Driver/Src/stm32h5xx_hal_rcc_ex.c:3049:6:HAL_RCCEx_GetPLL3ClockFreq	48	static
../Drivers/STM32H5xx_HAL_Driver/Src/stm32h5xx_hal_rcc_ex.c:3225:10:HAL_RCCEx_GetPeriphCLKFreq	72	static
../Drivers/STM32H5xx_HAL_Driver/Src/stm32h5xx_hal_rcc_ex.c:5287:19:HAL_RCCEx_EnablePLL2	24	static
../Drivers/STM32H5xx_HAL_Driver/Src/stm32h5xx_hal_rcc_ex.c:5375:19:HAL_RCCEx_DisablePLL2	16	static
../Drivers/STM32H5xx_HAL_Driver/Src/stm32h5xx_hal_rcc_ex.c:5411:19:HAL_RCCEx_EnablePLL3	24	static
../Drivers/STM32H5xx_HAL_Driver/Src/stm32h5xx_hal_rcc_ex.c:5500:19:HAL_RCCEx_DisablePLL3	16	static
../Drivers/STM32H5xx_HAL_Driver/Src/stm32h5xx_hal_rcc_ex.c:5539:6:HAL_RCCEx_WakeUpStopCLKConfig	16	static
../Drivers/STM32H5xx_HAL_Driver/Src/stm32h5xx_hal_rcc_ex.c:5554:6:HAL_RCCEx_KerWakeUpStopCLKConfig	16	static
../Drivers/STM32H5xx_HAL_Driver/Src/stm32h5xx_hal_rcc_ex.c:5568:6:HAL_RCCEx_EnableLSECSS	4	static
../Drivers/STM32H5xx_HAL_Driver/Src/stm32h5xx_hal_rcc_ex.c:5578:6:HAL_RCCEx_DisableLSECSS	4	static
../Drivers/STM32H5xx_HAL_Driver/Src/stm32h5xx_hal_rcc_ex.c:5587:6:HAL_RCCEx_LSECSS_IRQHandler	8	static
../Drivers/STM32H5xx_HAL_Driver/Src/stm32h5xx_hal_rcc_ex.c:5600:13:HAL_RCCEx_LSECSS_Callback	4	static
../Drivers/STM32H5xx_HAL_Driver/Src/stm32h5xx_hal_rcc_ex.c:5615:6:HAL_RCCEx_EnableLSCO	24	static
../Drivers/STM32H5xx_HAL_Driver/Src/stm32h5xx_hal_rcc_ex.c:5641:6:HAL_RCCEx_DisableLSCO	16	static
../Drivers/STM32H5xx_HAL_Driver/Src/stm32h5xx_hal_rcc_ex.c:5738:6:HAL_RCCEx_CRSConfig	24	static
../Drivers/STM32H5xx_HAL_Driver/Src/stm32h5xx_hal_rcc_ex.c:5780:6:HAL_RCCEx_CRSSoftwareSynchronizationGenerate	4	static
../Drivers/STM32H5xx_HAL_Driver/Src/stm32h5xx_hal_rcc_ex.c:5790:6:HAL_RCCEx_CRSGetSynchronizationInfo	16	static
../Drivers/STM32H5xx_HAL_Driver/Src/stm32h5xx_hal_rcc_ex.c:5823:10:HAL_RCCEx_CRSWaitSynchronization	24	static
../Drivers/STM32H5xx_HAL_Driver/Src/stm32h5xx_hal_rcc_ex.c:5906:6:HAL_RCCEx_CRS_IRQHandler	24	static
../Drivers/STM32H5xx_HAL_Driver/Src/stm32h5xx_hal_rcc_ex.c:5971:13:HAL_RCCEx_CRS_SyncOkCallback	4	static
../Drivers/STM32H5xx_HAL_Driver/Src/stm32h5xx_hal_rcc_ex.c:5982:13:HAL_RCCEx_CRS_SyncWarnCallback	4	static
../Drivers/STM32H5xx_HAL_Driver/Src/stm32h5xx_hal_rcc_ex.c:5993:13:HAL_RCCEx_CRS_ExpectedSyncCallback	4	static
../Drivers/STM32H5xx_HAL_Driver/Src/stm32h5xx_hal_rcc_ex.c:6009:13:HAL_RCCEx_CRS_ErrorCallback	16	static
../Drivers/STM32H5xx_HAL_Driver/Src/stm32h5xx_hal_rcc_ex.c:6038:26:RCCEx_PLLSource_Enable	24	static
../Drivers/STM32H5xx_HAL_Driver/Src/stm32h5xx_hal_rcc_ex.c:6126:26:RCCEx_PLL2_Config	24	static
../Drivers/STM32H5xx_HAL_Driver/Src/stm32h5xx_hal_rcc_ex.c:6208:26:RCCEx_PLL3_Config	24	static
