../Core/Src/SRAM_Operations.c:75:9:SRAM_operation	272	static
../Core/Src/SRAM_Operations.c:234:6:get_NAND_data	8208	static
../Core/Src/SRAM_Operations.c:248:9:get_NAND_address	8	static
../Core/Src/SRAM_Operations.c:264:6:update_NAND_addr	8	static
../Core/Src/SRAM_Operations.c:272:6:update_NAND_CyclicAddr	8	static
../Core/Src/SRAM_Operations.c:280:9:get_NAND_CyclicAddr	8	static
../Core/Src/SRAM_Operations.c:289:6:update_SRAM_Addr	8	static
../Core/Src/SRAM_Operations.c:302:10:get_SRAM_Addr	16	static
../Core/Src/SRAM_Operations.c:325:9:Init_NAND_addr	8	static
../Core/Src/SRAM_Operations.c:335:9:Decimal_to_BCD	16	static
../Core/Src/SRAM_Operations.c:343:6:time_setter	8	static
