Archive member included to satisfy reference by file (symbol)

C:/ST/STM32CubeIDE_1.17.0/STM32CubeIDE/plugins/com.st.stm32cube.ide.mcu.externaltools.gnu-tools-for-stm32.12.3.rel1.win32_1.1.0.202410251130/tools/bin/../lib/gcc/arm-none-eabi/12.3.1/../../../../arm-none-eabi/lib/thumb/v8-m.main+fp/hard\libc_nano.a(libc_a-exit.o)
                              C:/ST/STM32CubeIDE_1.17.0/STM32CubeIDE/plugins/com.st.stm32cube.ide.mcu.externaltools.gnu-tools-for-stm32.12.3.rel1.win32_1.1.0.202410251130/tools/bin/../lib/gcc/arm-none-eabi/12.3.1/../../../../arm-none-eabi/lib/thumb/v8-m.main+fp/hard/crt0.o (exit)
C:/ST/STM32CubeIDE_1.17.0/STM32CubeIDE/plugins/com.st.stm32cube.ide.mcu.externaltools.gnu-tools-for-stm32.12.3.rel1.win32_1.1.0.202410251130/tools/bin/../lib/gcc/arm-none-eabi/12.3.1/../../../../arm-none-eabi/lib/thumb/v8-m.main+fp/hard\libc_nano.a(libc_a-nano-vfprintf_float.o)
                              (_printf_float)
C:/ST/STM32CubeIDE_1.17.0/STM32CubeIDE/plugins/com.st.stm32cube.ide.mcu.externaltools.gnu-tools-for-stm32.12.3.rel1.win32_1.1.0.202410251130/tools/bin/../lib/gcc/arm-none-eabi/12.3.1/../../../../arm-none-eabi/lib/thumb/v8-m.main+fp/hard\libc_nano.a(libc_a-nano-vfprintf_i.o)
                              C:/ST/STM32CubeIDE_1.17.0/STM32CubeIDE/plugins/com.st.stm32cube.ide.mcu.externaltools.gnu-tools-for-stm32.12.3.rel1.win32_1.1.0.202410251130/tools/bin/../lib/gcc/arm-none-eabi/12.3.1/../../../../arm-none-eabi/lib/thumb/v8-m.main+fp/hard\libc_nano.a(libc_a-nano-vfprintf_float.o) (_printf_common)
C:/ST/STM32CubeIDE_1.17.0/STM32CubeIDE/plugins/com.st.stm32cube.ide.mcu.externaltools.gnu-tools-for-stm32.12.3.rel1.win32_1.1.0.202410251130/tools/bin/../lib/gcc/arm-none-eabi/12.3.1/../../../../arm-none-eabi/lib/thumb/v8-m.main+fp/hard\libc_nano.a(libc_a-findfp.o)
                              C:/ST/STM32CubeIDE_1.17.0/STM32CubeIDE/plugins/com.st.stm32cube.ide.mcu.externaltools.gnu-tools-for-stm32.12.3.rel1.win32_1.1.0.202410251130/tools/bin/../lib/gcc/arm-none-eabi/12.3.1/../../../../arm-none-eabi/lib/thumb/v8-m.main+fp/hard\libc_nano.a(libc_a-exit.o) (__stdio_exit_handler)
C:/ST/STM32CubeIDE_1.17.0/STM32CubeIDE/plugins/com.st.stm32cube.ide.mcu.externaltools.gnu-tools-for-stm32.12.3.rel1.win32_1.1.0.202410251130/tools/bin/../lib/gcc/arm-none-eabi/12.3.1/../../../../arm-none-eabi/lib/thumb/v8-m.main+fp/hard\libc_nano.a(libc_a-fwalk.o)
                              C:/ST/STM32CubeIDE_1.17.0/STM32CubeIDE/plugins/com.st.stm32cube.ide.mcu.externaltools.gnu-tools-for-stm32.12.3.rel1.win32_1.1.0.202410251130/tools/bin/../lib/gcc/arm-none-eabi/12.3.1/../../../../arm-none-eabi/lib/thumb/v8-m.main+fp/hard\libc_nano.a(libc_a-findfp.o) (_fwalk_sglue)
C:/ST/STM32CubeIDE_1.17.0/STM32CubeIDE/plugins/com.st.stm32cube.ide.mcu.externaltools.gnu-tools-for-stm32.12.3.rel1.win32_1.1.0.202410251130/tools/bin/../lib/gcc/arm-none-eabi/12.3.1/../../../../arm-none-eabi/lib/thumb/v8-m.main+fp/hard\libc_nano.a(libc_a-sprintf.o)
                              ./Core/Src/ATP_Mode.o (sprintf)
C:/ST/STM32CubeIDE_1.17.0/STM32CubeIDE/plugins/com.st.stm32cube.ide.mcu.externaltools.gnu-tools-for-stm32.12.3.rel1.win32_1.1.0.202410251130/tools/bin/../lib/gcc/arm-none-eabi/12.3.1/../../../../arm-none-eabi/lib/thumb/v8-m.main+fp/hard\libc_nano.a(libc_a-stdio.o)
                              C:/ST/STM32CubeIDE_1.17.0/STM32CubeIDE/plugins/com.st.stm32cube.ide.mcu.externaltools.gnu-tools-for-stm32.12.3.rel1.win32_1.1.0.202410251130/tools/bin/../lib/gcc/arm-none-eabi/12.3.1/../../../../arm-none-eabi/lib/thumb/v8-m.main+fp/hard\libc_nano.a(libc_a-findfp.o) (__sread)
C:/ST/STM32CubeIDE_1.17.0/STM32CubeIDE/plugins/com.st.stm32cube.ide.mcu.externaltools.gnu-tools-for-stm32.12.3.rel1.win32_1.1.0.202410251130/tools/bin/../lib/gcc/arm-none-eabi/12.3.1/../../../../arm-none-eabi/lib/thumb/v8-m.main+fp/hard\libc_nano.a(libc_a-memset.o)
                              C:/ST/STM32CubeIDE_1.17.0/STM32CubeIDE/plugins/com.st.stm32cube.ide.mcu.externaltools.gnu-tools-for-stm32.12.3.rel1.win32_1.1.0.202410251130/tools/bin/../lib/gcc/arm-none-eabi/12.3.1/../../../../arm-none-eabi/lib/thumb/v8-m.main+fp/hard/crt0.o (memset)
C:/ST/STM32CubeIDE_1.17.0/STM32CubeIDE/plugins/com.st.stm32cube.ide.mcu.externaltools.gnu-tools-for-stm32.12.3.rel1.win32_1.1.0.202410251130/tools/bin/../lib/gcc/arm-none-eabi/12.3.1/../../../../arm-none-eabi/lib/thumb/v8-m.main+fp/hard\libc_nano.a(libc_a-strstr.o)
                              ./Core/Src/ATP_Mode.o (strstr)
C:/ST/STM32CubeIDE_1.17.0/STM32CubeIDE/plugins/com.st.stm32cube.ide.mcu.externaltools.gnu-tools-for-stm32.12.3.rel1.win32_1.1.0.202410251130/tools/bin/../lib/gcc/arm-none-eabi/12.3.1/../../../../arm-none-eabi/lib/thumb/v8-m.main+fp/hard\libc_nano.a(libc_a-localeconv.o)
[...]
Memory Configuration

Name             Origin             Length             Attributes
RAM              0x20000000         0x000a0000         xrw
FLASH            0x0800c000         0x000f4000         xr
*default*        0x00000000         0xffffffff

Linker script and memory map

LOAD C:/ST/STM32CubeIDE_1.17.0/STM32CubeIDE/plugins/com.st.stm32cube.ide.mcu.externaltools.gnu-tools-for-stm32.12.3.rel1.win32_1.1.0.202410251130/tools/bin/../lib/gcc/arm-none-eabi/12.3.1/thumb/v8-m.main+fp/hard/crti.o
LOAD C:/ST/STM32CubeIDE_1.17.0/STM32CubeIDE/plugins/com.st.stm32cube.ide.mcu.externaltools.gnu-tools-for-stm32.12.3.rel1.win32_1.1.0.202410251130/tools/bin/../lib/gcc/arm-none-eabi/12.3.1/thumb/v8-m.main+fp/hard/crtbegin.o
LOAD C:/ST/STM32CubeIDE_1.17.0/STM32CubeIDE/plugins/com.st.stm32cube.ide.mcu.externaltools.gnu-tools-for-stm32.12.3.rel1.win32_1.1.0.202410251130/tools/bin/../lib/gcc/arm-none-eabi/12.3.1/../../../../arm-none-eabi/lib/thumb/v8-m.main+fp/hard/crt0.o
LOAD ./Core/Src/ADC_Operations.o
LOAD ./Core/Src/ATP_Mode.o
LOAD ./Core/Src/NAND_Operations.o
LOAD ./Core/Src/SRAM_Operations.o
LOAD ./Core/Src/main.o
LOAD ./Core/Src/stm32h5xx_hal_msp.o
LOAD ./Core/Src/stm32h5xx_it.o
LOAD ./Core/Src/syscalls.o
LOAD ./Core/Src/sysmem.o
LOAD ./Core/Src/system_stm32h5xx.o
LOAD ./Core/Startup/startup_stm32h573zitxq.o
LOAD ./Drivers/STM32H5xx_HAL_Driver/Src/stm32h5xx_hal.o
LOAD ./Drivers/STM32H5xx_HAL_Driver/Src/stm32h5xx_hal_cortex.o
LOAD ./Drivers/STM32H5xx_HAL_Driver/Src/stm32h5xx_hal_dma.o
LOAD ./Drivers/STM32H5xx_HAL_Driver/Src/stm32h5xx_hal_dma_ex.o
LOAD ./Drivers/STM32H5xx_HAL_Driver/Src/stm32h5xx_hal_exti.o
LOAD ./Drivers/STM32H5xx_HAL_Driver/Src/stm32h5xx_hal_flash.o
LOAD ./Drivers/STM32H5xx_HAL_Driver/Src/stm32h5xx_hal_flash_ex.o
LOAD ./Drivers/STM32H5xx_HAL_Driver/Src/stm32h5xx_hal_gpio.o
LOAD ./Drivers/STM32H5xx_HAL_Driver/Src/stm32h5xx_hal_icache.o
LOAD ./Drivers/STM32H5xx_HAL_Driver/Src/stm32h5xx_hal_nand.o
LOAD ./Drivers/STM32H5xx_HAL_Driver/Src/stm32h5xx_hal_pwr.o
LOAD ./Drivers/STM32H5xx_HAL_Driver/Src/stm32h5xx_hal_pwr_ex.o
LOAD ./Drivers/STM32H5xx_HAL_Driver/Src/stm32h5xx_hal_rcc.o
LOAD ./Drivers/STM32H5xx_HAL_Driver/Src/stm32h5xx_hal_rcc_ex.o
LOAD ./Drivers/STM32H5xx_HAL_Driver/Src/stm32h5xx_hal_spi.o
LOAD ./Drivers/STM32H5xx_HAL_Driver/Src/stm32h5xx_hal_spi_ex.o
LOAD ./Drivers/STM32H5xx_HAL_Driver/Src/stm32h5xx_hal_sram.o
LOAD ./Drivers/STM32H5xx_HAL_Driver/Src/stm32h5xx_hal_tim.o
LOAD ./Drivers/STM32H5xx_HAL_Driver/Src/stm32h5xx_hal_tim_ex.o
LOAD ./Drivers/STM32H5xx_HAL_Driver/Src/stm32h5xx_hal_uart.o
LOAD ./Drivers/STM32H5xx_HAL_Driver/Src/stm32h5xx_hal_uart_ex.o
LOAD ./Drivers/STM32H5xx_HAL_Driver/Src/stm32h5xx_ll_fmc.o
START GROUP
LOAD C:/ST/STM32CubeIDE_1.17.0/STM32CubeIDE/plugins/com.st.stm32cube.ide.mcu.externaltools.gnu-tools-for-stm32.12.3.rel1.win32_1.1.0.202410251130/tools/bin/../lib/gcc/arm-none-eabi/12.3.1/../../../../arm-none-eabi/lib/thumb/v8-m.main+fp/hard\libc_nano.a
LOAD C:/ST/STM32CubeIDE_1.17.0/STM32CubeIDE/plugins/com.st.stm32cube.ide.mcu.externaltools.gnu-tools-for-stm32.12.3.rel1.win32_1.1.0.202410251130/tools/bin/../lib/gcc/arm-none-eabi/12.3.1/../../../../arm-none-eabi/lib/thumb/v8-m.main+fp/hard\libm.a
END GROUP
START GROUP
LOAD C:/ST/STM32CubeIDE_1.17.0/STM32CubeIDE/plugins/com.st.stm32cube.ide.mcu.externaltools.gnu-tools-for-stm32.12.3.rel1.win32_1.1.0.202410251130/tools/bin/../lib/gcc/arm-none-eabi/12.3.1/thumb/v8-m.main+fp/hard\libgcc.a
LOAD C:/ST/STM32CubeIDE_1.17.0/STM32CubeIDE/plugins/com.st.stm32cube.ide.mcu.externaltools.gnu-tools-for-stm32.12.3.rel1.win32_1.1.0.202410251130/tools/bin/../lib/gcc/arm-none-eabi/12.3.1/../../../../arm-none-eabi/lib/thumb/v8-m.main+fp/hard\libc_nano.a
END GROUP
START GROUP
LOAD C:/ST/STM32CubeIDE_1.17.0/STM32CubeIDE/plugins/com.st.stm32cube.ide.mcu.externaltools.gnu-tools-for-stm32.12.3.rel1.win32_1.1.0.202410251130/tools/bin/../lib/gcc/arm-none-eabi/12.3.1/thumb/v8-m.main+fp/hard\libgcc.a
LOAD C:/ST/STM32CubeIDE_1.17.0/STM32CubeIDE/plugins/com.st.stm32cube.ide.mcu.externaltools.gnu-tools-for-stm32.12.3.rel1.win32_1.1.0.202410251130/tools/bin/../lib/gcc/arm-none-eabi/12.3.1/../../../../arm-none-eabi/lib/thumb/v8-m.main+fp/hard\libc_nano.a
LOAD C:/ST/STM32CubeIDE_1.17.0/STM32CubeIDE/plugins/com.st.stm32cube.ide.mcu.externaltools.gnu-tools-for-stm32.12.3.rel1.win32_1.1.0.202410251130/tools/bin/../lib/gcc/arm-none-eabi/12.3.1/../../../../arm-none-eabi/lib/thumb/v8-m.main+fp/hard\libnosys.a
END GROUP
START GROUP
LOAD C:/ST/STM32CubeIDE_1.17.0/STM32CubeIDE/plugins/com.st.stm32cube.ide.mcu.externaltools.gnu-tools-for-stm32.12.3.rel1.win32_1.1.0.202410251130/tools/bin/../lib/gcc/arm-none-eabi/12.3.1/thumb/v8-m.main+fp/hard\libgcc.a
LOAD C:/ST/STM32CubeIDE_1.17.0/STM32CubeIDE/plugins/com.st.stm32cube.ide.mcu.externaltools.gnu-tools-for-stm32.12.3.rel1.win32_1.1.0.202410251130/tools/bin/../lib/gcc/arm-none-eabi/12.3.1/../../../../arm-none-eabi/lib/thumb/v8-m.main+fp/hard\libc_nano.a
LOAD C:/ST/STM32CubeIDE_1.17.0/STM32CubeIDE/plugins/com.st.stm32cube.ide.mcu.externaltools.gnu-tools-for-stm32.12.3.rel1.win32_1.1.0.202410251130/tools/bin/../lib/gcc/arm-none-eabi/12.3.1/../../../../arm-none-eabi/lib/thumb/v8-m.main+fp/hard\libnosys.a
END GROUP
LOAD C:/ST/STM32CubeIDE_1.17.0/STM32CubeIDE/plugins/com.st.stm32cube.ide.mcu.externaltools.gnu-tools-for-stm32.12.3.rel1.win32_1.1.0.202410251130/tools/bin/../lib/gcc/arm-none-eabi/12.3.1/thumb/v8-m.main+fp/hard/crtend.o
LOAD C:/ST/STM32CubeIDE_1.17.0/STM32CubeIDE/plugins/com.st.stm32cube.ide.mcu.externaltools.gnu-tools-for-stm32.12.3.rel1.win32_1.1.0.202410251130/tools/bin/../lib/gcc/arm-none-eabi/12.3.1/thumb/v8-m.main+fp/hard/crtn.o
                0x200a0000                        _estack = (ORIGIN (RAM) + LENGTH (RAM))
                0x00000200                        _Min_Heap_Size = 0x200
                0x00000400                        _Min_Stack_Size = 0x400

.isr_vector     0x0800c000      0x24c
                0x0800c000                        . = ALIGN (0x4)
 *(.isr_vector)
 .isr_vector    0x0800c000      0x24c ./Core/Startup/startup_stm32h573zitxq.o
                0x0800c000                g_pfnVectors
                0x0800c24c                        . = ALIGN (0x4)

.text           0x0800c250    0x12e8c
                0x0800c250                        . = ALIGN (0x4)
 *(.text)
 .text          0x0800c250       0x40 C:/ST/STM32CubeIDE_1.17.0/STM32CubeIDE/plugins/com.st.stm32cube.ide.mcu.externaltools.gnu-tools-for-stm32.12.3.rel1.win32_1.1.0.202410251130/tools/bin/../lib/gcc/arm-none-eabi/12.3.1/thumb/v8-m.main+fp/hard/crtbegin.o
 .text          0x0800c290       0x10 C:/ST/STM32CubeIDE_1.17.0/STM32CubeIDE/plugins/com.st.stm32cube.ide.mcu.externaltools.gnu-tools-for-stm32.12.3.rel1.win32_1.1.0.202410251130/tools/bin/../lib/gcc/arm-none-eabi/12.3.1/../../../../arm-none-eabi/lib/thumb/v8-m.main+fp/hard\libc_nano.a(libc_a-strlen.o)
                0x0800c290                strlen
 .text          0x0800c2a0      0x378 C:/ST/STM32CubeIDE_1.17.0/STM32CubeIDE/plugins/com.st.stm32cube.ide.mcu.externaltools.gnu-tools-for-stm32.12.3.rel1.win32_1.1.0.202410251130/tools/bin/../lib/gcc/arm-none-eabi/12.3.1/thumb/v8-m.main+fp/hard\libgcc.a(_arm_addsubdf3.o)
                0x0800c2a0                __aeabi_drsub
                0x0800c2a8                __aeabi_dsub
                0x0800c2a8                __subdf3
                0x0800c2ac                __aeabi_dadd
                0x0800c2ac                __adddf3
                0x0800c524                __floatunsidf
                0x0800c524                __aeabi_ui2d
                0x0800c544                __floatsidf
                0x0800c544                __aeabi_i2d
                0x0800c568                __aeabi_f2d
                0x0800c568                __extendsfdf2
                0x0800c5ac                __floatundidf
                0x0800c5ac                __aeabi_ul2d
                0x0800c5bc                __floatdidf
                0x0800c5bc                __aeabi_l2d
 .text          0x0800c618      0x424 C:/ST/STM32CubeIDE_1.17.0/STM32CubeIDE/plugins/com.st.stm32cube.ide.mcu.externaltools.gnu-tools-for-stm32.12.3.rel1.win32_1.1.0.202410251130/tools/bin/../lib/gcc/arm-none-eabi/12.3.1/thumb/v8-m.main+fp/hard\libgcc.a(_arm_muldivdf3.o)
                0x0800c618                __aeabi_dmul
                0x0800c618                __muldf3
                0x0800c86c                __divdf3
                0x0800c86c                __aeabi_ddiv
 .text          0x0800ca3c      0x110 C:/ST/STM32CubeIDE_1.17.0/STM32CubeIDE/plugins/com.st.stm32cube.ide.mcu.externaltools.gnu-tools-for-stm32.12.3.rel1.win32_1.1.0.202410251130/tools/bin/../lib/gcc/arm-none-eabi/12.3.1/thumb/v8-m.main+fp/hard\libgcc.a(_arm_cmpdf2.o)
                0x0800ca3c                __gtdf2
                0x0800ca3c                __gedf2
                0x0800ca44                __ltdf2
                0x0800ca44                __ledf2
                0x0800ca4c                __nedf2
                0x0800ca4c                __eqdf2
                0x0800ca4c                __cmpdf2
                0x0800cac8                __aeabi_cdrcmple
                0x0800cad8                __aeabi_cdcmpeq
                0x0800cad8                __aeabi_cdcmple
                0x0800cae8                __aeabi_dcmpeq
                0x0800cafc                __aeabi_dcmplt
                0x0800cb10                __aeabi_dcmple
                0x0800cb24                __aeabi_dcmpge
                0x0800cb38                __aeabi_dcmpgt
 .text          0x0800cb4c       0x2c C:/ST/STM32CubeIDE_1.17.0/STM32CubeIDE/plugins/com.st.stm32cube.ide.mcu.externaltools.gnu-tools-for-stm32.12.3.rel1.win32_1.1.0.202410251130/tools/bin/../lib/gcc/arm-none-eabi/12.3.1/thumb/v8-m.main+fp/hard\libgcc.a(_arm_unorddf2.o)
                0x0800cb4c                __unorddf2
                0x0800cb4c                __aeabi_dcmpun
 .text          0x0800cb78       0x50 C:/ST/STM32CubeIDE_1.17.0/STM32CubeIDE/plugins/com.st.stm32cube.ide.mcu.externaltools.gnu-tools-for-stm32.12.3.rel1.win32_1.1.0.202410251130/tools/bin/../lib/gcc/arm-none-eabi/12.3.1/thumb/v8-m.main+fp/hard\libgcc.a(_arm_fixdfsi.o)
                0x0800cb78                __aeabi_d2iz
                0x0800cb78                __fixdfsi
 .text          0x0800cbc8       0xa0 C:/ST/STM32CubeIDE_1.17.0/STM32CubeIDE/plugins/com.st.stm32cube.ide.mcu.externaltools.gnu-tools-for-stm32.12.3.rel1.win32_1.1.0.202410251130/tools/bin/../lib/gcc/arm-none-eabi/12.3.1/thumb/v8-m.main+fp/hard\libgcc.a(_arm_truncdfsf2.o)
                0x0800cbc8                __truncdfsf2
                0x0800cbc8                __aeabi_d2f
 .text          0x0800cc68       0x30 C:/ST/STM32CubeIDE_1.17.0/STM32CubeIDE/plugins/com.st.stm32cube.ide.mcu.externaltools.gnu-tools-for-stm32.12.3.rel1.win32_1.1.0.202410251130/tools/bin/../lib/gcc/arm-none-eabi/12.3.1/thumb/v8-m.main+fp/hard\libgcc.a(_aeabi_uldivmod.o)
                0x0800cc68                __aeabi_uldivmod
 .text          0x0800cc98      0x2e4 C:/ST/STM32CubeIDE_1.17.0/STM32CubeIDE/plugins/com.st.stm32cube.ide.mcu.externaltools.gnu-tools-for-stm32.12.3.rel1.win32_1.1.0.202410251130/tools/bin/../lib/gcc/arm-none-eabi/12.3.1/thumb/v8-m.main+fp/hard\libgcc.a(_udivmoddi4.o)
                0x0800cc98                __udivmoddi4
 .text          0x0800cf7c        0x4 C:/ST/STM32CubeIDE_1.17.0/STM32CubeIDE/plugins/com.st.stm32cube.ide.mcu.externaltools.gnu-tools-for-stm32.12.3.rel1.win32_1.1.0.202410251130/tools/bin/../lib/gcc/arm-none-eabi/12.3.1/thumb/v8-m.main+fp/hard\libgcc.a(_dvmd_tls.o)
                0x0800cf7c                __aeabi_idiv0
                0x0800cf7c                __aeabi_ldiv0
 *(.text*)
 .text.ADC_operation
                0x0800cf80       0x58 ./Core/Src/ADC_Operations.o
                0x0800cf80                ADC_operation
 .text.ADC_READ
                0x0800cfd8      0xca8 ./Core/Src/ADC_Operations.o
                0x0800cfd8                ADC_READ
 .text.check_sensor_validity
                0x0800dc80       0x30 ./Core/Src/ADC_Operations.o
                0x0800dc80                check_sensor_validity
 .text.wire_break
                0x0800dcb0       0x80 ./Core/Src/ADC_Operations.o
                0x0800dcb0                wire_break
 .text.ATP_operation
                0x0800dd30      0xd68 ./Core/Src/ATP_Mode.o
                0x0800dd30                ATP_operation
 .text.NAND_operation
                0x0800ea98      0x148 ./Core/Src/NAND_Operations.o
                0x0800ea98                NAND_operation
 .text.get_NAND_block_status
                0x0800ebe0       0x5c ./Core/Src/NAND_Operations.o
                0x0800ebe0                get_NAND_block_status
 .text.set_NAND_block_status
                0x0800ec3c       0x74 ./Core/Src/NAND_Operations.o
                0x0800ec3c                set_NAND_block_status
 .text.count_set_bits
                0x0800ecb0       0x36 ./Core/Src/NAND_Operations.o
                0x0800ecb0                count_set_bits
 .text.calculate_hamming_distance
                0x0800ece6       0x50 ./Core/Src/NAND_Operations.o
                0x0800ece6                calculate_hamming_distance
 *fill*         0x0800ed36        0x2 
 .text.handle_bad_block
                0x0800ed38       0x84 ./Core/Src/NAND_Operations.o
                0x0800ed38                handle_bad_block
 .text.get_Good_NAND_block
                0x0800edbc       0x7c ./Core/Src/NAND_Operations.o
                0x0800edbc                get_Good_NAND_block
 .text.data_fetch
                0x0800ee38       0xac ./Core/Src/NAND_Operations.o
                0x0800ee38                data_fetch
 .text.get_NAND_stored_data
                0x0800eee4       0xa4 ./Core/Src/NAND_Operations.o
                0x0800eee4                get_NAND_stored_data
 .text.SRAM_operation
                0x0800ef88      0x3d8 ./Core/Src/SRAM_Operations.o
                0x0800ef88                SRAM_operation
 .text.get_NAND_data
                0x0800f360       0x84 ./Core/Src/SRAM_Operations.o
                0x0800f360                get_NAND_data
 .text.get_NAND_address
                0x0800f3e4       0x54 ./Core/Src/SRAM_Operations.o
                0x0800f3e4                get_NAND_address
 .text.update_NAND_addr
                0x0800f438       0x28 ./Core/Src/SRAM_Operations.o
                0x0800f438                update_NAND_addr
 .text.update_NAND_CyclicAddr
                0x0800f460       0x24 ./Core/Src/SRAM_Operations.o
                0x0800f460                update_NAND_CyclicAddr
 .text.get_NAND_CyclicAddr
                0x0800f484       0x28 ./Core/Src/SRAM_Operations.o
                0x0800f484                get_NAND_CyclicAddr
 .text.update_SRAM_Addr
                0x0800f4ac       0x3c ./Core/Src/SRAM_Operations.o
                0x0800f4ac                update_SRAM_Addr
 .text.get_SRAM_Addr
                0x0800f4e8       0x70 ./Core/Src/SRAM_Operations.o
                0x0800f4e8                get_SRAM_Addr
 .text.Init_NAND_addr
                0x0800f558       0x24 ./Core/Src/SRAM_Operations.o
                0x0800f558                Init_NAND_addr
 .text.time_setter
                0x0800f57c      0x228 ./Core/Src/SRAM_Operations.o
                0x0800f57c                time_setter
 .text.main     0x0800f7a4      0x114 ./Core/Src/main.o
                0x0800f7a4                main
 .text.SystemClock_Config
                0x0800f8b8       0xe0 ./Core/Src/main.o
                0x0800f8b8                SystemClock_Config
 .text.MX_ICACHE_Init
                0x0800f998       0x26 ./Core/Src/main.o
 *fill*         0x0800f9be        0x2 
 .text.MX_SPI2_Init
                0x0800f9c0       0xac ./Core/Src/main.o
 .text.MX_SPI3_Init
                0x0800fa6c       0xac ./Core/Src/main.o
 .text.MX_SPI5_Init
                0x0800fb18       0xac ./Core/Src/main.o
 .text.MX_UART4_Init
                0x0800fbc4       0x98 ./Core/Src/main.o
 .text.MX_UART5_Init
                0x0800fc5c       0x98 ./Core/Src/main.o
 .text.MX_UART8_Init
                0x0800fcf4       0x9c ./Core/Src/main.o
 .text.MX_USART10_UART_Init
                0x0800fd90       0x98 ./Core/Src/main.o
 .text.MX_FMC_Init
                0x0800fe28      0x198 ./Core/Src/main.o
 .text.MX_GPIO_Init
                0x0800ffc0      0x360 ./Core/Src/main.o
 .text.UART_InitAllHandlers
                0x08010320       0x50 ./Core/Src/main.o
                0x08010320                UART_InitAllHandlers
 .text.HAL_UART_RxCpltCallback
                0x08010370      0x480 ./Core/Src/main.o
                0x08010370                HAL_UART_RxCpltCallback
 .text.HAL_GPIO_EXTI_Falling_Callback
                0x080107f0       0x16 ./Core/Src/main.o
                0x080107f0                HAL_GPIO_EXTI_Falling_Callback
 .text.Error_Handler
                0x08010806        0xc ./Core/Src/main.o
                0x08010806                Error_Handler
 .text.HAL_MspInit
                0x08010812        0xe ./Core/Src/stm32h5xx_hal_msp.o
                0x08010812                HAL_MspInit
 .text.HAL_SPI_MspInit
                0x08010820      0x2d0 ./Core/Src/stm32h5xx_hal_msp.o
                0x08010820                HAL_SPI_MspInit
 .text.HAL_UART_MspInit
                0x08010af0      0x3e0 ./Core/Src/stm32h5xx_hal_msp.o
                0x08010af0                HAL_UART_MspInit
 .text.HAL_FMC_MspInit
                0x08010ed0      0x144 ./Core/Src/stm32h5xx_hal_msp.o
 .text.HAL_SRAM_MspInit
                0x08011014       0x14 ./Core/Src/stm32h5xx_hal_msp.o
                0x08011014                HAL_SRAM_MspInit
 .text.HAL_NAND_MspInit
                0x08011028       0x14 ./Core/Src/stm32h5xx_hal_msp.o
                0x08011028                HAL_NAND_MspInit
 .text.NMI_Handler
                0x0801103c        0x8 ./Core/Src/stm32h5xx_it.o
                0x0801103c                NMI_Handler
 .text.HardFault_Handler
                0x08011044        0x8 ./Core/Src/stm32h5xx_it.o
                0x08011044                HardFault_Handler
 .text.MemManage_Handler
                0x0801104c        0x8 ./Core/Src/stm32h5xx_it.o
                0x0801104c                MemManage_Handler
 .text.BusFault_Handler
                0x08011054        0x8 ./Core/Src/stm32h5xx_it.o
                0x08011054                BusFault_Handler
 .text.UsageFault_Handler
                0x0801105c        0x8 ./Core/Src/stm32h5xx_it.o
                0x0801105c                UsageFault_Handler
 .text.SVC_Handler
                0x08011064        0xe ./Core/Src/stm32h5xx_it.o
                0x08011064                SVC_Handler
 .text.DebugMon_Handler
                0x08011072        0xe ./Core/Src/stm32h5xx_it.o
                0x08011072                DebugMon_Handler
 .text.PendSV_Handler
                0x08011080        0xe ./Core/Src/stm32h5xx_it.o
                0x08011080                PendSV_Handler
 .text.SysTick_Handler
                0x0801108e        0xc ./Core/Src/stm32h5xx_it.o
                0x0801108e                SysTick_Handler
 .text.EXTI1_IRQHandler
                0x0801109a        0xe ./Core/Src/stm32h5xx_it.o
                0x0801109a                EXTI1_IRQHandler
 .text.EXTI7_IRQHandler
                0x080110a8        0xe ./Core/Src/stm32h5xx_it.o
                0x080110a8                EXTI7_IRQHandler
 .text.EXTI11_IRQHandler
                0x080110b6       0x10 ./Core/Src/stm32h5xx_it.o
                0x080110b6                EXTI11_IRQHandler
 *fill*         0x080110c6        0x2 
 .text.UART4_IRQHandler
                0x080110c8       0x14 ./Core/Src/stm32h5xx_it.o
                0x080110c8                UART4_IRQHandler
 .text.UART5_IRQHandler
                0x080110dc       0x14 ./Core/Src/stm32h5xx_it.o
                0x080110dc                UART5_IRQHandler
 .text.UART8_IRQHandler
                0x080110f0       0x14 ./Core/Src/stm32h5xx_it.o
                0x080110f0                UART8_IRQHandler
 .text.USART10_IRQHandler
                0x08011104       0x14 ./Core/Src/stm32h5xx_it.o
                0x08011104                USART10_IRQHandler
 .text._getpid  0x08011118       0x10 ./Core/Src/syscalls.o
                0x08011118                _getpid
 .text._kill    0x08011128       0x20 ./Core/Src/syscalls.o
                0x08011128                _kill
 .text._exit    0x08011148       0x16 ./Core/Src/syscalls.o
                0x08011148                _exit
 .text._read    0x0801115e       0x3a ./Core/Src/syscalls.o
                0x0801115e                _read
 .text._write   0x08011198       0x38 ./Core/Src/syscalls.o
                0x08011198                _write
 .text._close   0x080111d0       0x18 ./Core/Src/syscalls.o
                0x080111d0                _close
 .text._fstat   0x080111e8       0x20 ./Core/Src/syscalls.o
                0x080111e8                _fstat
 .text._isatty  0x08011208       0x16 ./Core/Src/syscalls.o
                0x08011208                _isatty
 .text._lseek   0x0801121e       0x1a ./Core/Src/syscalls.o
                0x0801121e                _lseek
 .text._sbrk    0x08011238       0x6c ./Core/Src/sysmem.o
                0x08011238                _sbrk
 .text.SystemInit
                0x080112a4       0xf8 ./Core/Src/system_stm32h5xx.o
                0x080112a4                SystemInit
 .text.Reset_Handler
                0x0801139c       0x50 ./Core/Startup/startup_stm32h573zitxq.o
                0x0801139c                Reset_Handler
 .text.Default_Handler
                0x080113ec        0x2 ./Core/Startup/startup_stm32h573zitxq.o
                0x080113ec                EXTI2_IRQHandler
                0x080113ec                TIM8_TRG_COM_IRQHandler
                0x080113ec                TIM8_CC_IRQHandler
                0x080113ec                EXTI5_IRQHandler
                0x080113ec                I3C1_ER_IRQHandler
                0x080113ec                SPI4_IRQHandler
                0x080113ec                GPDMA2_Channel1_IRQHandler
                0x080113ec                FLASH_S_IRQHandler
                0x080113ec                EXTI13_IRQHandler
                0x080113ec                TIM1_CC_IRQHandler
                0x080113ec                GPDMA2_Channel3_IRQHandler
                0x080113ec                TAMP_IRQHandler
                0x080113ec                TIM6_IRQHandler
                0x080113ec                EXTI12_IRQHandler
                0x080113ec                CORDIC_IRQHandler
                0x080113ec                USB_DRD_FS_IRQHandler
                0x080113ec                EXTI3_IRQHandler
                0x080113ec                LPTIM4_IRQHandler
                0x080113ec                GPDMA1_Channel5_IRQHandler
                0x080113ec                EXTI8_IRQHandler
                0x080113ec                GPDMA2_Channel5_IRQHandler
                0x080113ec                LPTIM2_IRQHandler
                0x080113ec                I2C3_ER_IRQHandler
                0x080113ec                GPDMA2_Channel2_IRQHandler
                0x080113ec                LPTIM3_IRQHandler
                0x080113ec                EXTI0_IRQHandler
                0x080113ec                I2C2_EV_IRQHandler
                0x080113ec                FPU_IRQHandler
                0x080113ec                GPDMA1_Channel3_IRQHandler
                0x080113ec                GPDMA1_Channel7_IRQHandler
                0x080113ec                FDCAN1_IT1_IRQHandler
                0x080113ec                RAMCFG_IRQHandler
                0x080113ec                DCACHE1_IRQHandler
                0x080113ec                SPI1_IRQHandler
                0x080113ec                OCTOSPI1_IRQHandler
                0x080113ec                GPDMA1_Channel2_IRQHandler
                0x080113ec                TIM8_UP_IRQHandler
                0x080113ec                RCC_S_IRQHandler
                0x080113ec                SAI2_IRQHandler
                0x080113ec                ADC1_IRQHandler
                0x080113ec                PKA_IRQHandler
                0x080113ec                USART6_IRQHandler
                0x080113ec                EXTI15_IRQHandler
                0x080113ec                TIM17_IRQHandler
                0x080113ec                USART3_IRQHandler
                0x080113ec                RTC_IRQHandler
                0x080113ec                EXTI9_IRQHandler
                0x080113ec                LPTIM5_IRQHandler
                0x080113ec                TIM4_IRQHandler
                0x080113ec                I2C1_EV_IRQHandler
                0x080113ec                GPDMA1_Channel1_IRQHandler
                0x080113ec                TIM16_IRQHandler
                0x080113ec                SecureFault_Handler
                0x080113ec                TIM3_IRQHandler
                0x080113ec                RCC_IRQHandler
                0x080113ec                UART9_IRQHandler
                0x080113ec                TIM1_TRG_COM_IRQHandler
                0x080113ec                Default_Handler
                0x080113ec                FMAC_IRQHandler
                0x080113ec                CEC_IRQHandler
                0x080113ec                USART11_IRQHandler
                0x080113ec                TIM14_IRQHandler
                0x080113ec                TIM13_IRQHandler
                0x080113ec                OTFDEC1_IRQHandler
                0x080113ec                GPDMA2_Channel4_IRQHandler
                0x080113ec                SPI5_IRQHandler
                0x080113ec                TIM12_IRQHandler
                0x080113ec                TIM7_IRQHandler
                0x080113ec                SDMMC1_IRQHandler
                0x080113ec                SAES_IRQHandler
                0x080113ec                TIM5_IRQHandler
                0x080113ec                UCPD1_IRQHandler
                0x080113ec                GPDMA1_Channel0_IRQHandler
                0x080113ec                I3C1_EV_IRQHandler
                0x080113ec                TIM15_IRQHandler
                0x080113ec                PVD_AVD_IRQHandler
                0x080113ec                I2C3_EV_IRQHandler
                0x080113ec                ETH_WKUP_IRQHandler
                0x080113ec                ADC2_IRQHandler
                0x080113ec                SPI2_IRQHandler
                0x080113ec                EXTI14_IRQHandler
                0x080113ec                CRS_IRQHandler
                0x080113ec                EXTI4_IRQHandler
                0x080113ec                GPDMA2_Channel0_IRQHandler
                0x080113ec                RTC_S_IRQHandler
                0x080113ec                RNG_IRQHandler
                0x080113ec                FDCAN2_IT1_IRQHandler
                0x080113ec                ETH_IRQHandler
                0x080113ec                GPDMA2_Channel6_IRQHandler
                0x080113ec                TIM1_UP_IRQHandler
                0x080113ec                UART12_IRQHandler
                0x080113ec                WWDG_IRQHandler
                0x080113ec                SPI6_IRQHandler
                0x080113ec                I2C4_EV_IRQHandler
                0x080113ec                FDCAN2_IT0_IRQHandler
                0x080113ec                IWDG_IRQHandler
                0x080113ec                LPUART1_IRQHandler
                0x080113ec                FDCAN1_IT0_IRQHandler
                0x080113ec                TIM2_IRQHandler
                0x080113ec                GPDMA1_Channel4_IRQHandler
                0x080113ec                TIM1_BRK_IRQHandler
                0x080113ec                SDMMC2_IRQHandler
                0x080113ec                AES_IRQHandler
                0x080113ec                LPTIM6_IRQHandler
                0x080113ec                DAC1_IRQHandler
                0x080113ec                DTS_IRQHandler
                0x080113ec                UART7_IRQHandler
                0x080113ec                GTZC_IRQHandler
                0x080113ec                USART2_IRQHandler
                0x080113ec                GPDMA1_Channel6_IRQHandler
                0x080113ec                GPDMA2_Channel7_IRQHandler
                0x080113ec                I2C2_ER_IRQHandler
                0x080113ec                TIM8_BRK_IRQHandler
                0x080113ec                FLASH_IRQHandler
                0x080113ec                USART1_IRQHandler
                0x080113ec                EXTI10_IRQHandler
                0x080113ec                SPI3_IRQHandler
                0x080113ec                I2C1_ER_IRQHandler
                0x080113ec                FMC_IRQHandler
                0x080113ec                EXTI6_IRQHandler
                0x080113ec                LPTIM1_IRQHandler
                0x080113ec                DCMI_PSSI_IRQHandler
                0x080113ec                I2C4_ER_IRQHandler
                0x080113ec                ICACHE_IRQHandler
                0x080113ec                SAI1_IRQHandler
                0x080113ec                HASH_IRQHandler
 *fill*         0x080113ee        0x2 
 .text.HAL_Init
                0x080113f0       0x50 ./Drivers/STM32H5xx_HAL_Driver/Src/stm32h5xx_hal.o
                0x080113f0                HAL_Init
 .text.HAL_InitTick
                0x08011440       0xec ./Drivers/STM32H5xx_HAL_Driver/Src/stm32h5xx_hal.o
                0x08011440                HAL_InitTick
 .text.HAL_IncTick
                0x0801152c       0x28 ./Drivers/STM32H5xx_HAL_Driver/Src/stm32h5xx_hal.o
                0x0801152c                HAL_IncTick
 .text.HAL_GetTick
                0x08011554       0x18 ./Drivers/STM32H5xx_HAL_Driver/Src/stm32h5xx_hal.o
                0x08011554                HAL_GetTick
 .text.HAL_Delay
                0x0801156c       0x48 ./Drivers/STM32H5xx_HAL_Driver/Src/stm32h5xx_hal.o
                0x0801156c                HAL_Delay
 .text.__NVIC_SetPriorityGrouping
                0x080115b4       0x48 ./Drivers/STM32H5xx_HAL_Driver/Src/stm32h5xx_hal_cortex.o
 .text.__NVIC_GetPriorityGrouping
                0x080115fc       0x1c ./Drivers/STM32H5xx_HAL_Driver/Src/stm32h5xx_hal_cortex.o
 .text.__NVIC_EnableIRQ
                0x08011618       0x3c ./Drivers/STM32H5xx_HAL_Driver/Src/stm32h5xx_hal_cortex.o
 .text.__NVIC_SetPriority
                0x08011654       0x54 ./Drivers/STM32H5xx_HAL_Driver/Src/stm32h5xx_hal_cortex.o
 .text.NVIC_EncodePriority
                0x080116a8       0x66 ./Drivers/STM32H5xx_HAL_Driver/Src/stm32h5xx_hal_cortex.o
 .text.HAL_NVIC_SetPriorityGrouping
                0x0801170e       0x16 ./Drivers/STM32H5xx_HAL_Driver/Src/stm32h5xx_hal_cortex.o
                0x0801170e                HAL_NVIC_SetPriorityGrouping
 .text.HAL_NVIC_SetPriority
                0x08011724       0x34 ./Drivers/STM32H5xx_HAL_Driver/Src/stm32h5xx_hal_cortex.o
                0x08011724                HAL_NVIC_SetPriority
 .text.HAL_NVIC_EnableIRQ
                0x08011758       0x1c ./Drivers/STM32H5xx_HAL_Driver/Src/stm32h5xx_hal_cortex.o
                0x08011758                HAL_NVIC_EnableIRQ
 .text.HAL_SYSTICK_Config
                0x08011774       0x44 ./Drivers/STM32H5xx_HAL_Driver/Src/stm32h5xx_hal_cortex.o
                0x08011774                HAL_SYSTICK_Config
 .text.HAL_SYSTICK_CLKSourceConfig
                0x080117b8       0xb0 ./Drivers/STM32H5xx_HAL_Driver/Src/stm32h5xx_hal_cortex.o
                0x080117b8                HAL_SYSTICK_CLKSourceConfig
 .text.HAL_SYSTICK_GetCLKSourceConfig
                0x08011868       0x6c ./Drivers/STM32H5xx_HAL_Driver/Src/stm32h5xx_hal_cortex.o
                0x08011868                HAL_SYSTICK_GetCLKSourceConfig
 .text.HAL_DMA_Abort
                0x080118d4       0xf8 ./Drivers/STM32H5xx_HAL_Driver/Src/stm32h5xx_hal_dma.o
                0x080118d4                HAL_DMA_Abort
 .text.HAL_DMA_Abort_IT
                0x080119cc       0x52 ./Drivers/STM32H5xx_HAL_Driver/Src/stm32h5xx_hal_dma.o
                0x080119cc                HAL_DMA_Abort_IT
 *fill*         0x08011a1e        0x2 
 .text.HAL_GPIO_Init
                0x08011a20      0x2a4 ./Drivers/STM32H5xx_HAL_Driver/Src/stm32h5xx_hal_gpio.o
                0x08011a20                HAL_GPIO_Init
 .text.HAL_GPIO_ReadPin
                0x08011cc4       0x30 ./Drivers/STM32H5xx_HAL_Driver/Src/stm32h5xx_hal_gpio.o
                0x08011cc4                HAL_GPIO_ReadPin
 .text.HAL_GPIO_WritePin
                0x08011cf4       0x30 ./Drivers/STM32H5xx_HAL_Driver/Src/stm32h5xx_hal_gpio.o
                0x08011cf4                HAL_GPIO_WritePin
 .text.HAL_GPIO_TogglePin
                0x08011d24       0x34 ./Drivers/STM32H5xx_HAL_Driver/Src/stm32h5xx_hal_gpio.o
                0x08011d24                HAL_GPIO_TogglePin
 .text.HAL_GPIO_EXTI_IRQHandler
                0x08011d58       0x4c ./Drivers/STM32H5xx_HAL_Driver/Src/stm32h5xx_hal_gpio.o
                0x08011d58                HAL_GPIO_EXTI_IRQHandler
 .text.HAL_GPIO_EXTI_Rising_Callback
                0x08011da4       0x16 ./Drivers/STM32H5xx_HAL_Driver/Src/stm32h5xx_hal_gpio.o
                0x08011da4                HAL_GPIO_EXTI_Rising_Callback
 *fill*         0x08011dba        0x2 
 .text.HAL_ICACHE_ConfigAssociativityMode
                0x08011dbc       0x40 ./Drivers/STM32H5xx_HAL_Driver/Src/stm32h5xx_hal_icache.o
                0x08011dbc                HAL_ICACHE_ConfigAssociativityMode
 .text.HAL_ICACHE_Enable
                0x08011dfc       0x20 ./Drivers/STM32H5xx_HAL_Driver/Src/stm32h5xx_hal_icache.o
                0x08011dfc                HAL_ICACHE_Enable
 .text.HAL_NAND_Init
                0x08011e1c       0x94 ./Drivers/STM32H5xx_HAL_Driver/Src/stm32h5xx_hal_nand.o
                0x08011e1c                HAL_NAND_Init
 .text.HAL_NAND_Reset
                0x08011eb0       0x74 ./Drivers/STM32H5xx_HAL_Driver/Src/stm32h5xx_hal_nand.o
                0x08011eb0                HAL_NAND_Reset
 .text.HAL_NAND_Read_Page_8b
                0x08011f24      0x2b4 ./Drivers/STM32H5xx_HAL_Driver/Src/stm32h5xx_hal_nand.o
                0x08011f24                HAL_NAND_Read_Page_8b
 .text.HAL_NAND_Write_Page_8b
                0x080121d8      0x2b0 ./Drivers/STM32H5xx_HAL_Driver/Src/stm32h5xx_hal_nand.o
                0x080121d8                HAL_NAND_Write_Page_8b
 .text.HAL_NAND_Read_SpareArea_8b
                0x08012488      0x2d6 ./Drivers/STM32H5xx_HAL_Driver/Src/stm32h5xx_hal_nand.o
                0x08012488                HAL_NAND_Read_SpareArea_8b
 .text.HAL_NAND_Write_SpareArea_8b
                0x0801275e      0x2e2 ./Drivers/STM32H5xx_HAL_Driver/Src/stm32h5xx_hal_nand.o
                0x0801275e                HAL_NAND_Write_SpareArea_8b
 .text.HAL_NAND_Erase_Block
                0x08012a40      0x13a ./Drivers/STM32H5xx_HAL_Driver/Src/stm32h5xx_hal_nand.o
                0x08012a40                HAL_NAND_Erase_Block
 .text.HAL_NAND_Read_Status
                0x08012b7a       0x4a ./Drivers/STM32H5xx_HAL_Driver/Src/stm32h5xx_hal_nand.o
                0x08012b7a                HAL_NAND_Read_Status
 .text.HAL_RCC_OscConfig
                0x08012bc4      0x870 ./Drivers/STM32H5xx_HAL_Driver/Src/stm32h5xx_hal_rcc.o
                0x08012bc4                HAL_RCC_OscConfig
 .text.HAL_RCC_ClockConfig
                0x08013434      0x370 ./Drivers/STM32H5xx_HAL_Driver/Src/stm32h5xx_hal_rcc.o
                0x08013434                HAL_RCC_ClockConfig
 .text.HAL_RCC_GetSysClockFreq
                0x080137a4      0x258 ./Drivers/STM32H5xx_HAL_Driver/Src/stm32h5xx_hal_rcc.o
                0x080137a4                HAL_RCC_GetSysClockFreq
 .text.HAL_RCC_GetHCLKFreq
                0x080139fc       0x38 ./Drivers/STM32H5xx_HAL_Driver/Src/stm32h5xx_hal_rcc.o
                0x080139fc                HAL_RCC_GetHCLKFreq
 .text.HAL_RCC_GetPCLK1Freq
                0x08013a34       0x2c ./Drivers/STM32H5xx_HAL_Driver/Src/stm32h5xx_hal_rcc.o
                0x08013a34                HAL_RCC_GetPCLK1Freq
 .text.HAL_RCC_GetPCLK2Freq
                0x08013a60       0x2c ./Drivers/STM32H5xx_HAL_Driver/Src/stm32h5xx_hal_rcc.o
                0x08013a60                HAL_RCC_GetPCLK2Freq
 .text.HAL_RCC_GetPCLK3Freq
                0x08013a8c       0x2c ./Drivers/STM32H5xx_HAL_Driver/Src/stm32h5xx_hal_rcc.o
                0x08013a8c                HAL_RCC_GetPCLK3Freq
 .text.HAL_RCCEx_PeriphCLKConfig
                0x08013ab8     0x1f14 ./Drivers/STM32H5xx_HAL_Driver/Src/stm32h5xx_hal_rcc_ex.o
                0x08013ab8                HAL_RCCEx_PeriphCLKConfig
 .text.HAL_RCCEx_GetPLL1ClockFreq
                0x080159cc      0x2d4 ./Drivers/STM32H5xx_HAL_Driver/Src/stm32h5xx_hal_rcc_ex.o
                0x080159cc                HAL_RCCEx_GetPLL1ClockFreq
 .text.HAL_RCCEx_GetPLL2ClockFreq
                0x08015ca0      0x2d4 ./Drivers/STM32H5xx_HAL_Driver/Src/stm32h5xx_hal_rcc_ex.o
                0x08015ca0                HAL_RCCEx_GetPLL2ClockFreq
 .text.HAL_RCCEx_GetPLL3ClockFreq
                0x08015f74      0x2d4 ./Drivers/STM32H5xx_HAL_Driver/Src/stm32h5xx_hal_rcc_ex.o
                0x08015f74                HAL_RCCEx_GetPLL3ClockFreq
 .text.HAL_RCCEx_GetPeriphCLKFreq
                0x08016248     0x26b4 ./Drivers/STM32H5xx_HAL_Driver/Src/stm32h5xx_hal_rcc_ex.o
                0x08016248                HAL_RCCEx_GetPeriphCLKFreq
 .text.RCCEx_PLL2_Config
                0x080188fc      0x130 ./Drivers/STM32H5xx_HAL_Driver/Src/stm32h5xx_hal_rcc_ex.o
 .text.RCCEx_PLL3_Config
                0x08018a2c      0x130 ./Drivers/STM32H5xx_HAL_Driver/Src/stm32h5xx_hal_rcc_ex.o
 .text.HAL_SPI_Init
                0x08018b5c      0x2e0 ./Drivers/STM32H5xx_HAL_Driver/Src/stm32h5xx_hal_spi.o
                0x08018b5c                HAL_SPI_Init
 .text.HAL_SPI_Transmit
                0x08018e3c      0x42c ./Drivers/STM32H5xx_HAL_Driver/Src/stm32h5xx_hal_spi.o
                0x08018e3c                HAL_SPI_Transmit
 .text.HAL_SPI_Receive
                0x08019268      0x354 ./Drivers/STM32H5xx_HAL_Driver/Src/stm32h5xx_hal_spi.o
                0x08019268                HAL_SPI_Receive
 .text.SPI_CloseTransfer
                0x080195bc      0x140 ./Drivers/STM32H5xx_HAL_Driver/Src/stm32h5xx_hal_spi.o
 .text.SPI_WaitOnFlagUntilTimeout
                0x080196fc       0x5c ./Drivers/STM32H5xx_HAL_Driver/Src/stm32h5xx_hal_spi.o
 .text.SPI_GetPacketSize
                0x08019758       0x36 ./Drivers/STM32H5xx_HAL_Driver/Src/stm32h5xx_hal_spi.o
 *fill*         0x0801978e        0x2 
 .text.HAL_SRAM_Init
                0x08019790       0xa0 ./Drivers/STM32H5xx_HAL_Driver/Src/stm32h5xx_hal_sram.o
                0x08019790                HAL_SRAM_Init
 .text.HAL_SRAM_Read_8b
                0x08019830       0xb4 ./Drivers/STM32H5xx_HAL_Driver/Src/stm32h5xx_hal_sram.o
                0x08019830                HAL_SRAM_Read_8b
 .text.HAL_SRAM_Write_8b
                0x080198e4       0x88 ./Drivers/STM32H5xx_HAL_Driver/Src/stm32h5xx_hal_sram.o
                0x080198e4                HAL_SRAM_Write_8b
 .text.HAL_UART_Init
                0x0801996c       0xa0 ./Drivers/STM32H5xx_HAL_Driver/Src/stm32h5xx_hal_uart.o
                0x0801996c                HAL_UART_Init
 .text.HAL_UART_Transmit
                0x08019a0c      0x13c ./Drivers/STM32H5xx_HAL_Driver/Src/stm32h5xx_hal_uart.o
                0x08019a0c                HAL_UART_Transmit
 .text.HAL_UART_Transmit_IT
                0x08019b48      0x148 ./Drivers/STM32H5xx_HAL_Driver/Src/stm32h5xx_hal_uart.o
                0x08019b48                HAL_UART_Transmit_IT
 .text.HAL_UART_Receive_IT
                0x08019c90       0xc4 ./Drivers/STM32H5xx_HAL_Driver/Src/stm32h5xx_hal_uart.o
                0x08019c90                HAL_UART_Receive_IT
 .text.HAL_UART_IRQHandler
                0x08019d54      0x5dc ./Drivers/STM32H5xx_HAL_Driver/Src/stm32h5xx_hal_uart.o
                0x08019d54                HAL_UART_IRQHandler
 .text.HAL_UART_TxCpltCallback
                0x0801a330       0x14 ./Drivers/STM32H5xx_HAL_Driver/Src/stm32h5xx_hal_uart.o
                0x0801a330                HAL_UART_TxCpltCallback
 .text.HAL_UART_ErrorCallback
                0x0801a344       0x14 ./Drivers/STM32H5xx_HAL_Driver/Src/stm32h5xx_hal_uart.o
                0x0801a344                HAL_UART_ErrorCallback
 .text.HAL_UARTEx_RxEventCallback
                0x0801a358       0x18 ./Drivers/STM32H5xx_HAL_Driver/Src/stm32h5xx_hal_uart.o
                0x0801a358                HAL_UARTEx_RxEventCallback
 .text.UART_SetConfig
                0x0801a370      0x3dc ./Drivers/STM32H5xx_HAL_Driver/Src/stm32h5xx_hal_uart.o
                0x0801a370                UART_SetConfig
 .text.UART_AdvFeatureConfig
                0x0801a74c      0x144 ./Drivers/STM32H5xx_HAL_Driver/Src/stm32h5xx_hal_uart.o
                0x0801a74c                UART_AdvFeatureConfig
 .text.UART_CheckIdleState
                0x0801a890      0x154 ./Drivers/STM32H5xx_HAL_Driver/Src/stm32h5xx_hal_uart.o
                0x0801a890                UART_CheckIdleState
 .text.UART_WaitOnFlagUntilTimeout
                0x0801a9e4       0xda ./Drivers/STM32H5xx_HAL_Driver/Src/stm32h5xx_hal_uart.o
                0x0801a9e4                UART_WaitOnFlagUntilTimeout
 *fill*         0x0801aabe        0x2 
 .text.UART_Start_Receive_IT
                0x0801aac0      0x244 ./Drivers/STM32H5xx_HAL_Driver/Src/stm32h5xx_hal_uart.o
                0x0801aac0                UART_Start_Receive_IT
 .text.UART_EndRxTransfer
                0x0801ad04       0xcc ./Drivers/STM32H5xx_HAL_Driver/Src/stm32h5xx_hal_uart.o
 .text.UART_DMAAbortOnError
                0x0801add0       0x2c ./Drivers/STM32H5xx_HAL_Driver/Src/stm32h5xx_hal_uart.o
 .text.UART_TxISR_8BIT
                0x0801adfc       0xb8 ./Drivers/STM32H5xx_HAL_Driver/Src/stm32h5xx_hal_uart.o
 .text.UART_TxISR_16BIT
                0x0801aeb4       0xc2 ./Drivers/STM32H5xx_HAL_Driver/Src/stm32h5xx_hal_uart.o
 .text.UART_TxISR_8BIT_FIFOEN
                0x0801af76       0xe0 ./Drivers/STM32H5xx_HAL_Driver/Src/stm32h5xx_hal_uart.o
 .text.UART_TxISR_16BIT_FIFOEN
                0x0801b056       0xea ./Drivers/STM32H5xx_HAL_Driver/Src/stm32h5xx_hal_uart.o
 .text.UART_EndTransmit_IT
                0x0801b140       0x56 ./Drivers/STM32H5xx_HAL_Driver/Src/stm32h5xx_hal_uart.o
 *fill*         0x0801b196        0x2 
 .text.UART_RxISR_8BIT
                0x0801b198      0x1c4 ./Drivers/STM32H5xx_HAL_Driver/Src/stm32h5xx_hal_uart.o
 .text.UART_RxISR_16BIT
                0x0801b35c      0x1c4 ./Drivers/STM32H5xx_HAL_Driver/Src/stm32h5xx_hal_uart.o
 .text.UART_RxISR_8BIT_FIFOEN
                0x0801b520      0x370 ./Drivers/STM32H5xx_HAL_Driver/Src/stm32h5xx_hal_uart.o
 .text.UART_RxISR_16BIT_FIFOEN
                0x0801b890      0x378 ./Drivers/STM32H5xx_HAL_Driver/Src/stm32h5xx_hal_uart.o
 .text.HAL_UARTEx_WakeupCallback
                0x0801bc08       0x14 ./Drivers/STM32H5xx_HAL_Driver/Src/stm32h5xx_hal_uart_ex.o
                0x0801bc08                HAL_UARTEx_WakeupCallback
 .text.HAL_UARTEx_RxFifoFullCallback
                0x0801bc1c       0x14 ./Drivers/STM32H5xx_HAL_Driver/Src/stm32h5xx_hal_uart_ex.o
                0x0801bc1c                HAL_UARTEx_RxFifoFullCallback
 .text.HAL_UARTEx_TxFifoEmptyCallback
                0x0801bc30       0x14 ./Drivers/STM32H5xx_HAL_Driver/Src/stm32h5xx_hal_uart_ex.o
                0x0801bc30                HAL_UARTEx_TxFifoEmptyCallback
 .text.HAL_UARTEx_DisableFifoMode
                0x0801bc44       0x72 ./Drivers/STM32H5xx_HAL_Driver/Src/stm32h5xx_hal_uart_ex.o
                0x0801bc44                HAL_UARTEx_DisableFifoMode
 .text.HAL_UARTEx_SetTxFifoThreshold
                0x0801bcb6       0x7c ./Drivers/STM32H5xx_HAL_Driver/Src/stm32h5xx_hal_uart_ex.o
                0x0801bcb6                HAL_UARTEx_SetTxFifoThreshold
 .text.HAL_UARTEx_SetRxFifoThreshold
                0x0801bd32       0x7c ./Drivers/STM32H5xx_HAL_Driver/Src/stm32h5xx_hal_uart_ex.o
                0x0801bd32                HAL_UARTEx_SetRxFifoThreshold
 *fill*         0x0801bdae        0x2 
 .text.UARTEx_SetNbDataToProcess
                0x0801bdb0       0x9c ./Drivers/STM32H5xx_HAL_Driver/Src/stm32h5xx_hal_uart_ex.o
 .text.FMC_NORSRAM_Init
                0x0801be4c      0x19c ./Drivers/STM32H5xx_HAL_Driver/Src/stm32h5xx_ll_fmc.o
                0x0801be4c                FMC_NORSRAM_Init
 .text.FMC_NORSRAM_Timing_Init
                0x0801bfe8       0x9a ./Drivers/STM32H5xx_HAL_Driver/Src/stm32h5xx_ll_fmc.o
                0x0801bfe8                FMC_NORSRAM_Timing_Init
 .text.FMC_NORSRAM_Extended_Timing_Init
                0x0801c082       0x74 ./Drivers/STM32H5xx_HAL_Driver/Src/stm32h5xx_ll_fmc.o
                0x0801c082                FMC_NORSRAM_Extended_Timing_Init
 *fill*         0x0801c0f6        0x2 
 .text.FMC_NAND_Init
                0x0801c0f8       0x54 ./Drivers/STM32H5xx_HAL_Driver/Src/stm32h5xx_ll_fmc.o
                0x0801c0f8                FMC_NAND_Init
 .text.FMC_NAND_CommonSpace_Timing_Init
                0x0801c14c       0x3a ./Drivers/STM32H5xx_HAL_Driver/Src/stm32h5xx_ll_fmc.o
                0x0801c14c                FMC_NAND_CommonSpace_Timing_Init
 .text.FMC_NAND_AttributeSpace_Timing_Init
                0x0801c186       0x3a ./Drivers/STM32H5xx_HAL_Driver/Src/stm32h5xx_ll_fmc.o
                0x0801c186                FMC_NAND_AttributeSpace_Timing_Init
 .text.__cvt    0x0801c1c0       0xca C:/ST/STM32CubeIDE_1.17.0/STM32CubeIDE/plugins/com.st.stm32cube.ide.mcu.externaltools.gnu-tools-for-stm32.12.3.rel1.win32_1.1.0.202410251130/tools/bin/../lib/gcc/arm-none-eabi/12.3.1/../../../../arm-none-eabi/lib/thumb/v8-m.main+fp/hard\libc_nano.a(libc_a-nano-vfprintf_float.o)
                0x0801c1c0                __cvt
 .text.__exponent
                0x0801c28a       0x72 C:/ST/STM32CubeIDE_1.17.0/STM32CubeIDE/plugins/com.st.stm32cube.ide.mcu.externaltools.gnu-tools-for-stm32.12.3.rel1.win32_1.1.0.202410251130/tools/bin/../lib/gcc/arm-none-eabi/12.3.1/../../../../arm-none-eabi/lib/thumb/v8-m.main+fp/hard\libc_nano.a(libc_a-nano-vfprintf_float.o)
                0x0801c28a                __exponent
 .text._printf_float
                0x0801c2fc      0x454 C:/ST/STM32CubeIDE_1.17.0/STM32CubeIDE/plugins/com.st.stm32cube.ide.mcu.externaltools.gnu-tools-for-stm32.12.3.rel1.win32_1.1.0.202410251130/tools/bin/../lib/gcc/arm-none-eabi/12.3.1/../../../../arm-none-eabi/lib/thumb/v8-m.main+fp/hard\libc_nano.a(libc_a-nano-vfprintf_float.o)
                0x0801c2fc                _printf_float
 .text._printf_common
                0x0801c750       0xe4 C:/ST/STM32CubeIDE_1.17.0/STM32CubeIDE/plugins/com.st.stm32cube.ide.mcu.externaltools.gnu-tools-for-stm32.12.3.rel1.win32_1.1.0.202410251130/tools/bin/../lib/gcc/arm-none-eabi/12.3.1/../../../../arm-none-eabi/lib/thumb/v8-m.main+fp/hard\libc_nano.a(libc_a-nano-vfprintf_i.o)
                0x0801c750                _printf_common
 .text._printf_i
                0x0801c834      0x240 C:/ST/STM32CubeIDE_1.17.0/STM32CubeIDE/plugins/com.st.stm32cube.ide.mcu.externaltools.gnu-tools-for-stm32.12.3.rel1.win32_1.1.0.202410251130/tools/bin/../lib/gcc/arm-none-eabi/12.3.1/../../../../arm-none-eabi/lib/thumb/v8-m.main+fp/hard\libc_nano.a(libc_a-nano-vfprintf_i.o)
                0x0801c834                _printf_i
 .text.std      0x0801ca74       0x6c C:/ST/STM32CubeIDE_1.17.0/STM32CubeIDE/plugins/com.st.stm32cube.ide.mcu.externaltools.gnu-tools-for-stm32.12.3.rel1.win32_1.1.0.202410251130/tools/bin/../lib/gcc/arm-none-eabi/12.3.1/../../../../arm-none-eabi/lib/thumb/v8-m.main+fp/hard\libc_nano.a(libc_a-findfp.o)
 .text.stdio_exit_handler
                0x0801cae0       0x18 C:/ST/STM32CubeIDE_1.17.0/STM32CubeIDE/plugins/com.st.stm32cube.ide.mcu.externaltools.gnu-tools-for-stm32.12.3.rel1.win32_1.1.0.202410251130/tools/bin/../lib/gcc/arm-none-eabi/12.3.1/../../../../arm-none-eabi/lib/thumb/v8-m.main+fp/hard\libc_nano.a(libc_a-findfp.o)
 .text.cleanup_stdio
                0x0801caf8       0x40 C:/ST/STM32CubeIDE_1.17.0/STM32CubeIDE/plugins/com.st.stm32cube.ide.mcu.externaltools.gnu-tools-for-stm32.12.3.rel1.win32_1.1.0.202410251130/tools/bin/../lib/gcc/arm-none-eabi/12.3.1/../../../../arm-none-eabi/lib/thumb/v8-m.main+fp/hard\libc_nano.a(libc_a-findfp.o)
 .text.global_stdio_init.part.0
                0x0801cb38       0x3c C:/ST/STM32CubeIDE_1.17.0/STM32CubeIDE/plugins/com.st.stm32cube.ide.mcu.externaltools.gnu-tools-for-stm32.12.3.rel1.win32_1.1.0.202410251130/tools/bin/../lib/gcc/arm-none-eabi/12.3.1/../../../../arm-none-eabi/lib/thumb/v8-m.main+fp/hard\libc_nano.a(libc_a-findfp.o)
 .text.__sfp_lock_acquire
                0x0801cb74        0xc C:/ST/STM32CubeIDE_1.17.0/STM32CubeIDE/plugins/com.st.stm32cube.ide.mcu.externaltools.gnu-tools-for-stm32.12.3.rel1.win32_1.1.0.202410251130/tools/bin/../lib/gcc/arm-none-eabi/12.3.1/../../../../arm-none-eabi/lib/thumb/v8-m.main+fp/hard\libc_nano.a(libc_a-findfp.o)
                0x0801cb74                __sfp_lock_acquire
 .text.__sfp_lock_release
                0x0801cb80        0xc C:/ST/STM32CubeIDE_1.17.0/STM32CubeIDE/plugins/com.st.stm32cube.ide.mcu.externaltools.gnu-tools-for-stm32.12.3.rel1.win32_1.1.0.202410251130/tools/bin/../lib/gcc/arm-none-eabi/12.3.1/../../../../arm-none-eabi/lib/thumb/v8-m.main+fp/hard\libc_nano.a(libc_a-findfp.o)
                0x0801cb80                __sfp_lock_release
 .text.__sinit  0x0801cb8c       0x30 C:/ST/STM32CubeIDE_1.17.0/STM32CubeIDE/plugins/com.st.stm32cube.ide.mcu.externaltools.gnu-tools-for-stm32.12.3.rel1.win32_1.1.0.202410251130/tools/bin/../lib/gcc/arm-none-eabi/12.3.1/../../../../arm-none-eabi/lib/thumb/v8-m.main+fp/hard\libc_nano.a(libc_a-findfp.o)
                0x0801cb8c                __sinit
 .text._fwalk_sglue
                0x0801cbbc       0x3c C:/ST/STM32CubeIDE_1.17.0/STM32CubeIDE/plugins/com.st.stm32cube.ide.mcu.externaltools.gnu-tools-for-stm32.12.3.rel1.win32_1.1.0.202410251130/tools/bin/../lib/gcc/arm-none-eabi/12.3.1/../../../../arm-none-eabi/lib/thumb/v8-m.main+fp/hard\libc_nano.a(libc_a-fwalk.o)
                0x0801cbbc                _fwalk_sglue
 .text.sprintf  0x0801cbf8       0x40 C:/ST/STM32CubeIDE_1.17.0/STM32CubeIDE/plugins/com.st.stm32cube.ide.mcu.externaltools.gnu-tools-for-stm32.12.3.rel1.win32_1.1.0.202410251130/tools/bin/../lib/gcc/arm-none-eabi/12.3.1/../../../../arm-none-eabi/lib/thumb/v8-m.main+fp/hard\libc_nano.a(libc_a-sprintf.o)
                0x0801cbf8                siprintf
                0x0801cbf8                sprintf
 .text.__sread  0x0801cc38       0x22 C:/ST/STM32CubeIDE_1.17.0/STM32CubeIDE/plugins/com.st.stm32cube.ide.mcu.externaltools.gnu-tools-for-stm32.12.3.rel1.win32_1.1.0.202410251130/tools/bin/../lib/gcc/arm-none-eabi/12.3.1/../../../../arm-none-eabi/lib/thumb/v8-m.main+fp/hard\libc_nano.a(libc_a-stdio.o)
                0x0801cc38                __sread
 .text.__swrite
                0x0801cc5a       0x38 C:/ST/STM32CubeIDE_1.17.0/STM32CubeIDE/plugins/com.st.stm32cube.ide.mcu.externaltools.gnu-tools-for-stm32.12.3.rel1.win32_1.1.0.202410251130/tools/bin/../lib/gcc/arm-none-eabi/12.3.1/../../../../arm-none-eabi/lib/thumb/v8-m.main+fp/hard\libc_nano.a(libc_a-stdio.o)
                0x0801cc5a                __swrite
 .text.__sseek  0x0801cc92       0x24 C:/ST/STM32CubeIDE_1.17.0/STM32CubeIDE/plugins/com.st.stm32cube.ide.mcu.externaltools.gnu-tools-for-stm32.12.3.rel1.win32_1.1.0.202410251130/tools/bin/../lib/gcc/arm-none-eabi/12.3.1/../../../../arm-none-eabi/lib/thumb/v8-m.main+fp/hard\libc_nano.a(libc_a-stdio.o)
                0x0801cc92                __sseek
 .text.__sclose
                0x0801ccb6        0x8 C:/ST/STM32CubeIDE_1.17.0/STM32CubeIDE/plugins/com.st.stm32cube.ide.mcu.externaltools.gnu-tools-for-stm32.12.3.rel1.win32_1.1.0.202410251130/tools/bin/../lib/gcc/arm-none-eabi/12.3.1/../../../../arm-none-eabi/lib/thumb/v8-m.main+fp/hard\libc_nano.a(libc_a-stdio.o)
                0x0801ccb6                __sclose
 .text.memset   0x0801ccbe       0x10 C:/ST/STM32CubeIDE_1.17.0/STM32CubeIDE/plugins/com.st.stm32cube.ide.mcu.externaltools.gnu-tools-for-stm32.12.3.rel1.win32_1.1.0.202410251130/tools/bin/../lib/gcc/arm-none-eabi/12.3.1/../../../../arm-none-eabi/lib/thumb/v8-m.main+fp/hard\libc_nano.a(libc_a-memset.o)
                0x0801ccbe                memset
 .text.strstr   0x0801ccce       0x2c C:/ST/STM32CubeIDE_1.17.0/STM32CubeIDE/plugins/com.st.stm32cube.ide.mcu.externaltools.gnu-tools-for-stm32.12.3.rel1.win32_1.1.0.202410251130/tools/bin/../lib/gcc/arm-none-eabi/12.3.1/../../../../arm-none-eabi/lib/thumb/v8-m.main+fp/hard\libc_nano.a(libc_a-strstr.o)
                0x0801ccce                strstr
 *fill*         0x0801ccfa        0x2 
 .text._localeconv_r
                0x0801ccfc        0x8 C:/ST/STM32CubeIDE_1.17.0/STM32CubeIDE/plugins/com.st.stm32cube.ide.mcu.externaltools.gnu-tools-for-stm32.12.3.rel1.win32_1.1.0.202410251130/tools/bin/../lib/gcc/arm-none-eabi/12.3.1/../../../../arm-none-eabi/lib/thumb/v8-m.main+fp/hard\libc_nano.a(libc_a-localeconv.o)
                0x0801ccfc                _localeconv_r
 .text._close_r
                0x0801cd04       0x20 C:/ST/STM32CubeIDE_1.17.0/STM32CubeIDE/plugins/com.st.stm32cube.ide.mcu.externaltools.gnu-tools-for-stm32.12.3.rel1.win32_1.1.0.202410251130/tools/bin/../lib/gcc/arm-none-eabi/12.3.1/../../../../arm-none-eabi/lib/thumb/v8-m.main+fp/hard\libc_nano.a(libc_a-closer.o)
                0x0801cd04                _close_r
 .text._lseek_r
                0x0801cd24       0x24 C:/ST/STM32CubeIDE_1.17.0/STM32CubeIDE/plugins/com.st.stm32cube.ide.mcu.externaltools.gnu-tools-for-stm32.12.3.rel1.win32_1.1.0.202410251130/tools/bin/../lib/gcc/arm-none-eabi/12.3.1/../../../../arm-none-eabi/lib/thumb/v8-m.main+fp/hard\libc_nano.a(libc_a-lseekr.o)
                0x0801cd24                _lseek_r
 .text._read_r  0x0801cd48       0x24 C:/ST/STM32CubeIDE_1.17.0/STM32CubeIDE/plugins/com.st.stm32cube.ide.mcu.externaltools.gnu-tools-for-stm32.12.3.rel1.win32_1.1.0.202410251130/tools/bin/../lib/gcc/arm-none-eabi/12.3.1/../../../../arm-none-eabi/lib/thumb/v8-m.main+fp/hard\libc_nano.a(libc_a-readr.o)
                0x0801cd48                _read_r
 .text._write_r
                0x0801cd6c       0x24 C:/ST/STM32CubeIDE_1.17.0/STM32CubeIDE/plugins/com.st.stm32cube.ide.mcu.externaltools.gnu-tools-for-stm32.12.3.rel1.win32_1.1.0.202410251130/tools/bin/../lib/gcc/arm-none-eabi/12.3.1/../../../../arm-none-eabi/lib/thumb/v8-m.main+fp/hard\libc_nano.a(libc_a-writer.o)
                0x0801cd6c                _write_r
 .text.__errno  0x0801cd90        0xc C:/ST/STM32CubeIDE_1.17.0/STM32CubeIDE/plugins/com.st.stm32cube.ide.mcu.externaltools.gnu-tools-for-stm32.12.3.rel1.win32_1.1.0.202410251130/tools/bin/../lib/gcc/arm-none-eabi/12.3.1/../../../../arm-none-eabi/lib/thumb/v8-m.main+fp/hard\libc_nano.a(libc_a-errno.o)
                0x0801cd90                __errno
 .text.__libc_init_array
                0x0801cd9c       0x48 C:/ST/STM32CubeIDE_1.17.0/STM32CubeIDE/plugins/com.st.stm32cube.ide.mcu.externaltools.gnu-tools-for-stm32.12.3.rel1.win32_1.1.0.202410251130/tools/bin/../lib/gcc/arm-none-eabi/12.3.1/../../../../arm-none-eabi/lib/thumb/v8-m.main+fp/hard\libc_nano.a(libc_a-init.o)
                0x0801cd9c                __libc_init_array
 .text.__retarget_lock_init_recursive
                0x0801cde4        0x2 C:/ST/STM32CubeIDE_1.17.0/STM32CubeIDE/plugins/com.st.stm32cube.ide.mcu.externaltools.gnu-tools-for-stm32.12.3.rel1.win32_1.1.0.202410251130/tools/bin/../lib/gcc/arm-none-eabi/12.3.1/../../../../arm-none-eabi/lib/thumb/v8-m.main+fp/hard\libc_nano.a(libc_a-lock.o)
                0x0801cde4                __retarget_lock_init_recursive
 .text.__retarget_lock_acquire_recursive
                0x0801cde6        0x2 C:/ST/STM32CubeIDE_1.17.0/STM32CubeIDE/plugins/com.st.stm32cube.ide.mcu.externaltools.gnu-tools-for-stm32.12.3.rel1.win32_1.1.0.202410251130/tools/bin/../lib/gcc/arm-none-eabi/12.3.1/../../../../arm-none-eabi/lib/thumb/v8-m.main+fp/hard\libc_nano.a(libc_a-lock.o)
                0x0801cde6                __retarget_lock_acquire_recursive
 .text.__retarget_lock_release_recursive
                0x0801cde8        0x2 C:/ST/STM32CubeIDE_1.17.0/STM32CubeIDE/plugins/com.st.stm32cube.ide.mcu.externaltools.gnu-tools-for-stm32.12.3.rel1.win32_1.1.0.202410251130/tools/bin/../lib/gcc/arm-none-eabi/12.3.1/../../../../arm-none-eabi/lib/thumb/v8-m.main+fp/hard\libc_nano.a(libc_a-lock.o)
                0x0801cde8                __retarget_lock_release_recursive
 .text.memchr   0x0801cdea       0x1c C:/ST/STM32CubeIDE_1.17.0/STM32CubeIDE/plugins/com.st.stm32cube.ide.mcu.externaltools.gnu-tools-for-stm32.12.3.rel1.win32_1.1.0.202410251130/tools/bin/../lib/gcc/arm-none-eabi/12.3.1/../../../../arm-none-eabi/lib/thumb/v8-m.main+fp/hard\libc_nano.a(libc_a-memchr-stub.o)
                0x0801cdea                memchr
 .text.memcpy   0x0801ce06       0x1a C:/ST/STM32CubeIDE_1.17.0/STM32CubeIDE/plugins/com.st.stm32cube.ide.mcu.externaltools.gnu-tools-for-stm32.12.3.rel1.win32_1.1.0.202410251130/tools/bin/../lib/gcc/arm-none-eabi/12.3.1/../../../../arm-none-eabi/lib/thumb/v8-m.main+fp/hard\libc_nano.a(libc_a-memcpy-stub.o)
                0x0801ce06                memcpy
 .text.quorem   0x0801ce20      0x11a C:/ST/STM32CubeIDE_1.17.0/STM32CubeIDE/plugins/com.st.stm32cube.ide.mcu.externaltools.gnu-tools-for-stm32.12.3.rel1.win32_1.1.0.202410251130/tools/bin/../lib/gcc/arm-none-eabi/12.3.1/../../../../arm-none-eabi/lib/thumb/v8-m.main+fp/hard\libc_nano.a(libc_a-dtoa.o)
 *fill*         0x0801cf3a        0x6 
 .text._dtoa_r  0x0801cf40      0xb88 C:/ST/STM32CubeIDE_1.17.0/STM32CubeIDE/plugins/com.st.stm32cube.ide.mcu.externaltools.gnu-tools-for-stm32.12.3.rel1.win32_1.1.0.202410251130/tools/bin/../lib/gcc/arm-none-eabi/12.3.1/../../../../arm-none-eabi/lib/thumb/v8-m.main+fp/hard\libc_nano.a(libc_a-dtoa.o)
                0x0801cf40                _dtoa_r
 .text._free_r  0x0801dac8       0x94 C:/ST/STM32CubeIDE_1.17.0/STM32CubeIDE/plugins/com.st.stm32cube.ide.mcu.externaltools.gnu-tools-for-stm32.12.3.rel1.win32_1.1.0.202410251130/tools/bin/../lib/gcc/arm-none-eabi/12.3.1/../../../../arm-none-eabi/lib/thumb/v8-m.main+fp/hard\libc_nano.a(libc_a-freer.o)
                0x0801dac8                _free_r
 .text.malloc   0x0801db5c       0x10 C:/ST/STM32CubeIDE_1.17.0/STM32CubeIDE/plugins/com.st.stm32cube.ide.mcu.externaltools.gnu-tools-for-stm32.12.3.rel1.win32_1.1.0.202410251130/tools/bin/../lib/gcc/arm-none-eabi/12.3.1/../../../../arm-none-eabi/lib/thumb/v8-m.main+fp/hard\libc_nano.a(libc_a-malloc.o)
                0x0801db5c                malloc
 .text.sbrk_aligned
                0x0801db6c       0x44 C:/ST/STM32CubeIDE_1.17.0/STM32CubeIDE/plugins/com.st.stm32cube.ide.mcu.externaltools.gnu-tools-for-stm32.12.3.rel1.win32_1.1.0.202410251130/tools/bin/../lib/gcc/arm-none-eabi/12.3.1/../../../../arm-none-eabi/lib/thumb/v8-m.main+fp/hard\libc_nano.a(libc_a-mallocr.o)
 .text._malloc_r
                0x0801dbb0      0x100 C:/ST/STM32CubeIDE_1.17.0/STM32CubeIDE/plugins/com.st.stm32cube.ide.mcu.externaltools.gnu-tools-for-stm32.12.3.rel1.win32_1.1.0.202410251130/tools/bin/../lib/gcc/arm-none-eabi/12.3.1/../../../../arm-none-eabi/lib/thumb/v8-m.main+fp/hard\libc_nano.a(libc_a-mallocr.o)
                0x0801dbb0                _malloc_r
 .text.__malloc_lock
                0x0801dcb0        0xc C:/ST/STM32CubeIDE_1.17.0/STM32CubeIDE/plugins/com.st.stm32cube.ide.mcu.externaltools.gnu-tools-for-stm32.12.3.rel1.win32_1.1.0.202410251130/tools/bin/../lib/gcc/arm-none-eabi/12.3.1/../../../../arm-none-eabi/lib/thumb/v8-m.main+fp/hard\libc_nano.a(libc_a-mlock.o)
                0x0801dcb0                __malloc_lock
 .text.__malloc_unlock
                0x0801dcbc        0xc C:/ST/STM32CubeIDE_1.17.0/STM32CubeIDE/plugins/com.st.stm32cube.ide.mcu.externaltools.gnu-tools-for-stm32.12.3.rel1.win32_1.1.0.202410251130/tools/bin/../lib/gcc/arm-none-eabi/12.3.1/../../../../arm-none-eabi/lib/thumb/v8-m.main+fp/hard\libc_nano.a(libc_a-mlock.o)
                0x0801dcbc                __malloc_unlock
 .text._Balloc  0x0801dcc8       0x80 C:/ST/STM32CubeIDE_1.17.0/STM32CubeIDE/plugins/com.st.stm32cube.ide.mcu.externaltools.gnu-tools-for-stm32.12.3.rel1.win32_1.1.0.202410251130/tools/bin/../lib/gcc/arm-none-eabi/12.3.1/../../../../arm-none-eabi/lib/thumb/v8-m.main+fp/hard\libc_nano.a(libc_a-mprec.o)
                0x0801dcc8                _Balloc
 .text._Bfree   0x0801dd48       0x44 C:/ST/STM32CubeIDE_1.17.0/STM32CubeIDE/plugins/com.st.stm32cube.ide.mcu.externaltools.gnu-tools-for-stm32.12.3.rel1.win32_1.1.0.202410251130/tools/bin/../lib/gcc/arm-none-eabi/12.3.1/../../../../arm-none-eabi/lib/thumb/v8-m.main+fp/hard\libc_nano.a(libc_a-mprec.o)
                0x0801dd48                _Bfree
 .text.__multadd
                0x0801dd8c       0x90 C:/ST/STM32CubeIDE_1.17.0/STM32CubeIDE/plugins/com.st.stm32cube.ide.mcu.externaltools.gnu-tools-for-stm32.12.3.rel1.win32_1.1.0.202410251130/tools/bin/../lib/gcc/arm-none-eabi/12.3.1/../../../../arm-none-eabi/lib/thumb/v8-m.main+fp/hard\libc_nano.a(libc_a-mprec.o)
                0x0801dd8c                __multadd
 .text.__hi0bits
                0x0801de1c       0x3e C:/ST/STM32CubeIDE_1.17.0/STM32CubeIDE/plugins/com.st.stm32cube.ide.mcu.externaltools.gnu-tools-for-stm32.12.3.rel1.win32_1.1.0.202410251130/tools/bin/../lib/gcc/arm-none-eabi/12.3.1/../../../../arm-none-eabi/lib/thumb/v8-m.main+fp/hard\libc_nano.a(libc_a-mprec.o)
                0x0801de1c                __hi0bits
 .text.__lo0bits
                0x0801de5a       0x5a C:/ST/STM32CubeIDE_1.17.0/STM32CubeIDE/plugins/com.st.stm32cube.ide.mcu.externaltools.gnu-tools-for-stm32.12.3.rel1.win32_1.1.0.202410251130/tools/bin/../lib/gcc/arm-none-eabi/12.3.1/../../../../arm-none-eabi/lib/thumb/v8-m.main+fp/hard\libc_nano.a(libc_a-mprec.o)
                0x0801de5a                __lo0bits
 .text.__i2b    0x0801deb4       0x2c C:/ST/STM32CubeIDE_1.17.0/STM32CubeIDE/plugins/com.st.stm32cube.ide.mcu.externaltools.gnu-tools-for-stm32.12.3.rel1.win32_1.1.0.202410251130/tools/bin/../lib/gcc/arm-none-eabi/12.3.1/../../../../arm-none-eabi/lib/thumb/v8-m.main+fp/hard\libc_nano.a(libc_a-mprec.o)
                0x0801deb4                __i2b
 .text.__multiply
                0x0801dee0      0x154 C:/ST/STM32CubeIDE_1.17.0/STM32CubeIDE/plugins/com.st.stm32cube.ide.mcu.externaltools.gnu-tools-for-stm32.12.3.rel1.win32_1.1.0.202410251130/tools/bin/../lib/gcc/arm-none-eabi/12.3.1/../../../../arm-none-eabi/lib/thumb/v8-m.main+fp/hard\libc_nano.a(libc_a-mprec.o)
                0x0801dee0                __multiply
 .text.__pow5mult
                0x0801e034       0xb4 C:/ST/STM32CubeIDE_1.17.0/STM32CubeIDE/plugins/com.st.stm32cube.ide.mcu.externaltools.gnu-tools-for-stm32.12.3.rel1.win32_1.1.0.202410251130/tools/bin/../lib/gcc/arm-none-eabi/12.3.1/../../../../arm-none-eabi/lib/thumb/v8-m.main+fp/hard\libc_nano.a(libc_a-mprec.o)
                0x0801e034                __pow5mult
 .text.__lshift
                0x0801e0e8       0xd8 C:/ST/STM32CubeIDE_1.17.0/STM32CubeIDE/plugins/com.st.stm32cube.ide.mcu.externaltools.gnu-tools-for-stm32.12.3.rel1.win32_1.1.0.202410251130/tools/bin/../lib/gcc/arm-none-eabi/12.3.1/../../../../arm-none-eabi/lib/thumb/v8-m.main+fp/hard\libc_nano.a(libc_a-mprec.o)
                0x0801e0e8                __lshift
 .text.__mcmp   0x0801e1c0       0x36 C:/ST/STM32CubeIDE_1.17.0/STM32CubeIDE/plugins/com.st.stm32cube.ide.mcu.externaltools.gnu-tools-for-stm32.12.3.rel1.win32_1.1.0.202410251130/tools/bin/../lib/gcc/arm-none-eabi/12.3.1/../../../../arm-none-eabi/lib/thumb/v8-m.main+fp/hard\libc_nano.a(libc_a-mprec.o)
                0x0801e1c0                __mcmp
 *fill*         0x0801e1f6        0x2 
 .text.__mdiff  0x0801e1f8      0x130 C:/ST/STM32CubeIDE_1.17.0/STM32CubeIDE/plugins/com.st.stm32cube.ide.mcu.externaltools.gnu-tools-for-stm32.12.3.rel1.win32_1.1.0.202410251130/tools/bin/../lib/gcc/arm-none-eabi/12.3.1/../../../../arm-none-eabi/lib/thumb/v8-m.main+fp/hard\libc_nano.a(libc_a-mprec.o)
                0x0801e1f8                __mdiff
 .text.__d2b    0x0801e328       0xb0 C:/ST/STM32CubeIDE_1.17.0/STM32CubeIDE/plugins/com.st.stm32cube.ide.mcu.externaltools.gnu-tools-for-stm32.12.3.rel1.win32_1.1.0.202410251130/tools/bin/../lib/gcc/arm-none-eabi/12.3.1/../../../../arm-none-eabi/lib/thumb/v8-m.main+fp/hard\libc_nano.a(libc_a-mprec.o)
                0x0801e328                __d2b
 .text.__ssputs_r
                0x0801e3d8       0xb6 C:/ST/STM32CubeIDE_1.17.0/STM32CubeIDE/plugins/com.st.stm32cube.ide.mcu.externaltools.gnu-tools-for-stm32.12.3.rel1.win32_1.1.0.202410251130/tools/bin/../lib/gcc/arm-none-eabi/12.3.1/../../../../arm-none-eabi/lib/thumb/v8-m.main+fp/hard\libc_nano.a(libc_a-nano-svfprintf.o)
                0x0801e3d8                __ssputs_r
 *fill*         0x0801e48e        0x2 
 .text._svfprintf_r
                0x0801e490      0x1f8 C:/ST/STM32CubeIDE_1.17.0/STM32CubeIDE/plugins/com.st.stm32cube.ide.mcu.externaltools.gnu-tools-for-stm32.12.3.rel1.win32_1.1.0.202410251130/tools/bin/../lib/gcc/arm-none-eabi/12.3.1/../../../../arm-none-eabi/lib/thumb/v8-m.main+fp/hard\libc_nano.a(libc_a-nano-svfprintf.o)
                0x0801e490                _svfiprintf_r
                0x0801e490                _svfprintf_r
 .text.__sflush_r
                0x0801e688      0x108 C:/ST/STM32CubeIDE_1.17.0/STM32CubeIDE/plugins/com.st.stm32cube.ide.mcu.externaltools.gnu-tools-for-stm32.12.3.rel1.win32_1.1.0.202410251130/tools/bin/../lib/gcc/arm-none-eabi/12.3.1/../../../../arm-none-eabi/lib/thumb/v8-m.main+fp/hard\libc_nano.a(libc_a-fflush.o)
                0x0801e688                __sflush_r
 .text._fflush_r
                0x0801e790       0x50 C:/ST/STM32CubeIDE_1.17.0/STM32CubeIDE/plugins/com.st.stm32cube.ide.mcu.externaltools.gnu-tools-for-stm32.12.3.rel1.win32_1.1.0.202410251130/tools/bin/../lib/gcc/arm-none-eabi/12.3.1/../../../../arm-none-eabi/lib/thumb/v8-m.main+fp/hard\libc_nano.a(libc_a-fflush.o)
                0x0801e790                _fflush_r
 .text.memmove  0x0801e7e0       0x34 C:/ST/STM32CubeIDE_1.17.0/STM32CubeIDE/plugins/com.st.stm32cube.ide.mcu.externaltools.gnu-tools-for-stm32.12.3.rel1.win32_1.1.0.202410251130/tools/bin/../lib/gcc/arm-none-eabi/12.3.1/../../../../arm-none-eabi/lib/thumb/v8-m.main+fp/hard\libc_nano.a(libc_a-memmove.o)
                0x0801e7e0                memmove
 .text._sbrk_r  0x0801e814       0x20 C:/ST/STM32CubeIDE_1.17.0/STM32CubeIDE/plugins/com.st.stm32cube.ide.mcu.externaltools.gnu-tools-for-stm32.12.3.rel1.win32_1.1.0.202410251130/tools/bin/../lib/gcc/arm-none-eabi/12.3.1/../../../../arm-none-eabi/lib/thumb/v8-m.main+fp/hard\libc_nano.a(libc_a-sbrkr.o)
                0x0801e814                _sbrk_r
 .text.__assert_func
                0x0801e834       0x3c C:/ST/STM32CubeIDE_1.17.0/STM32CubeIDE/plugins/com.st.stm32cube.ide.mcu.externaltools.gnu-tools-for-stm32.12.3.rel1.win32_1.1.0.202410251130/tools/bin/../lib/gcc/arm-none-eabi/12.3.1/../../../../arm-none-eabi/lib/thumb/v8-m.main+fp/hard\libc_nano.a(libc_a-assert.o)
                0x0801e834                __assert_func
 .text._calloc_r
                0x0801e870       0x28 C:/ST/STM32CubeIDE_1.17.0/STM32CubeIDE/plugins/com.st.stm32cube.ide.mcu.externaltools.gnu-tools-for-stm32.12.3.rel1.win32_1.1.0.202410251130/tools/bin/../lib/gcc/arm-none-eabi/12.3.1/../../../../arm-none-eabi/lib/thumb/v8-m.main+fp/hard\libc_nano.a(libc_a-callocr.o)
                0x0801e870                _calloc_r
 .text.__ascii_mbtowc
                0x0801e898       0x24 C:/ST/STM32CubeIDE_1.17.0/STM32CubeIDE/plugins/com.st.stm32cube.ide.mcu.externaltools.gnu-tools-for-stm32.12.3.rel1.win32_1.1.0.202410251130/tools/bin/../lib/gcc/arm-none-eabi/12.3.1/../../../../arm-none-eabi/lib/thumb/v8-m.main+fp/hard\libc_nano.a(libc_a-mbtowc_r.o)
                0x0801e898                __ascii_mbtowc
 .text._realloc_r
                0x0801e8bc       0x5c C:/ST/STM32CubeIDE_1.17.0/STM32CubeIDE/plugins/com.st.stm32cube.ide.mcu.externaltools.gnu-tools-for-stm32.12.3.rel1.win32_1.1.0.202410251130/tools/bin/../lib/gcc/arm-none-eabi/12.3.1/../../../../arm-none-eabi/lib/thumb/v8-m.main+fp/hard\libc_nano.a(libc_a-reallocr.o)
                0x0801e8bc                _realloc_r
 .text.__ascii_wctomb
                0x0801e918       0x1a C:/ST/STM32CubeIDE_1.17.0/STM32CubeIDE/plugins/com.st.stm32cube.ide.mcu.externaltools.gnu-tools-for-stm32.12.3.rel1.win32_1.1.0.202410251130/tools/bin/../lib/gcc/arm-none-eabi/12.3.1/../../../../arm-none-eabi/lib/thumb/v8-m.main+fp/hard\libc_nano.a(libc_a-wctomb_r.o)
                0x0801e918                __ascii_wctomb
 *fill*         0x0801e932        0x2 
 .text.fprintf  0x0801e934       0x24 C:/ST/STM32CubeIDE_1.17.0/STM32CubeIDE/plugins/com.st.stm32cube.ide.mcu.externaltools.gnu-tools-for-stm32.12.3.rel1.win32_1.1.0.202410251130/tools/bin/../lib/gcc/arm-none-eabi/12.3.1/../../../../arm-none-eabi/lib/thumb/v8-m.main+fp/hard\libc_nano.a(libc_a-fprintf.o)
                0x0801e934                fiprintf
                0x0801e934                fprintf
 .text.abort    0x0801e958        0xe C:/ST/STM32CubeIDE_1.17.0/STM32CubeIDE/plugins/com.st.stm32cube.ide.mcu.externaltools.gnu-tools-for-stm32.12.3.rel1.win32_1.1.0.202410251130/tools/bin/../lib/gcc/arm-none-eabi/12.3.1/../../../../arm-none-eabi/lib/thumb/v8-m.main+fp/hard\libc_nano.a(libc_a-abort.o)
                0x0801e958                abort
 .text._malloc_usable_size_r
                0x0801e966       0x10 C:/ST/STM32CubeIDE_1.17.0/STM32CubeIDE/plugins/com.st.stm32cube.ide.mcu.externaltools.gnu-tools-for-stm32.12.3.rel1.win32_1.1.0.202410251130/tools/bin/../lib/gcc/arm-none-eabi/12.3.1/../../../../arm-none-eabi/lib/thumb/v8-m.main+fp/hard\libc_nano.a(libc_a-msizer.o)
                0x0801e966                _malloc_usable_size_r
 .text.__sfputc_r
                0x0801e976       0x2e C:/ST/STM32CubeIDE_1.17.0/STM32CubeIDE/plugins/com.st.stm32cube.ide.mcu.externaltools.gnu-tools-for-stm32.12.3.rel1.win32_1.1.0.202410251130/tools/bin/../lib/gcc/arm-none-eabi/12.3.1/../../../../arm-none-eabi/lib/thumb/v8-m.main+fp/hard\libc_nano.a(libc_a-nano-vfprintf.o)
 .text.__sfputs_r
                0x0801e9a4       0x24 C:/ST/STM32CubeIDE_1.17.0/STM32CubeIDE/plugins/com.st.stm32cube.ide.mcu.externaltools.gnu-tools-for-stm32.12.3.rel1.win32_1.1.0.202410251130/tools/bin/../lib/gcc/arm-none-eabi/12.3.1/../../../../arm-none-eabi/lib/thumb/v8-m.main+fp/hard\libc_nano.a(libc_a-nano-vfprintf.o)
                0x0801e9a4                __sfputs_r
 .text._vfprintf_r
                0x0801e9c8      0x230 C:/ST/STM32CubeIDE_1.17.0/STM32CubeIDE/plugins/com.st.stm32cube.ide.mcu.externaltools.gnu-tools-for-stm32.12.3.rel1.win32_1.1.0.202410251130/tools/bin/../lib/gcc/arm-none-eabi/12.3.1/../../../../arm-none-eabi/lib/thumb/v8-m.main+fp/hard\libc_nano.a(libc_a-nano-vfprintf.o)
                0x0801e9c8                _vfprintf_r
                0x0801e9c8                _vfiprintf_r
 .text.__swbuf_r
                0x0801ebf8       0x7c C:/ST/STM32CubeIDE_1.17.0/STM32CubeIDE/plugins/com.st.stm32cube.ide.mcu.externaltools.gnu-tools-for-stm32.12.3.rel1.win32_1.1.0.202410251130/tools/bin/../lib/gcc/arm-none-eabi/12.3.1/../../../../arm-none-eabi/lib/thumb/v8-m.main+fp/hard\libc_nano.a(libc_a-wbuf.o)
                0x0801ebf8                __swbuf_r
 .text.__swsetup_r
                0x0801ec74       0xac C:/ST/STM32CubeIDE_1.17.0/STM32CubeIDE/plugins/com.st.stm32cube.ide.mcu.externaltools.gnu-tools-for-stm32.12.3.rel1.win32_1.1.0.202410251130/tools/bin/../lib/gcc/arm-none-eabi/12.3.1/../../../../arm-none-eabi/lib/thumb/v8-m.main+fp/hard\libc_nano.a(libc_a-wsetup.o)
                0x0801ec74                __swsetup_r
 .text._raise_r
                0x0801ed20       0x50 C:/ST/STM32CubeIDE_1.17.0/STM32CubeIDE/plugins/com.st.stm32cube.ide.mcu.externaltools.gnu-tools-for-stm32.12.3.rel1.win32_1.1.0.202410251130/tools/bin/../lib/gcc/arm-none-eabi/12.3.1/../../../../arm-none-eabi/lib/thumb/v8-m.main+fp/hard\libc_nano.a(libc_a-signal.o)
                0x0801ed20                _raise_r
 .text.raise    0x0801ed70       0x10 C:/ST/STM32CubeIDE_1.17.0/STM32CubeIDE/plugins/com.st.stm32cube.ide.mcu.externaltools.gnu-tools-for-stm32.12.3.rel1.win32_1.1.0.202410251130/tools/bin/../lib/gcc/arm-none-eabi/12.3.1/../../../../arm-none-eabi/lib/thumb/v8-m.main+fp/hard\libc_nano.a(libc_a-signal.o)
                0x0801ed70                raise
 .text._kill_r  0x0801ed80       0x24 C:/ST/STM32CubeIDE_1.17.0/STM32CubeIDE/plugins/com.st.stm32cube.ide.mcu.externaltools.gnu-tools-for-stm32.12.3.rel1.win32_1.1.0.202410251130/tools/bin/../lib/gcc/arm-none-eabi/12.3.1/../../../../arm-none-eabi/lib/thumb/v8-m.main+fp/hard\libc_nano.a(libc_a-signalr.o)
                0x0801ed80                _kill_r
 .text._getpid_r
                0x0801eda4        0x4 C:/ST/STM32CubeIDE_1.17.0/STM32CubeIDE/plugins/com.st.stm32cube.ide.mcu.externaltools.gnu-tools-for-stm32.12.3.rel1.win32_1.1.0.202410251130/tools/bin/../lib/gcc/arm-none-eabi/12.3.1/../../../../arm-none-eabi/lib/thumb/v8-m.main+fp/hard\libc_nano.a(libc_a-signalr.o)
                0x0801eda4                _getpid_r
 .text.__swhatbuf_r
                0x0801eda8       0x4a C:/ST/STM32CubeIDE_1.17.0/STM32CubeIDE/plugins/com.st.stm32cube.ide.mcu.externaltools.gnu-tools-for-stm32.12.3.rel1.win32_1.1.0.202410251130/tools/bin/../lib/gcc/arm-none-eabi/12.3.1/../../../../arm-none-eabi/lib/thumb/v8-m.main+fp/hard\libc_nano.a(libc_a-makebuf.o)
                0x0801eda8                __swhatbuf_r
 .text.__smakebuf_r
                0x0801edf2       0x78 C:/ST/STM32CubeIDE_1.17.0/STM32CubeIDE/plugins/com.st.stm32cube.ide.mcu.externaltools.gnu-tools-for-stm32.12.3.rel1.win32_1.1.0.202410251130/tools/bin/../lib/gcc/arm-none-eabi/12.3.1/../../../../arm-none-eabi/lib/thumb/v8-m.main+fp/hard\libc_nano.a(libc_a-makebuf.o)
                0x0801edf2                __smakebuf_r
 *fill*         0x0801ee6a        0x2 
 .text._fstat_r
                0x0801ee6c       0x24 C:/ST/STM32CubeIDE_1.17.0/STM32CubeIDE/plugins/com.st.stm32cube.ide.mcu.externaltools.gnu-tools-for-stm32.12.3.rel1.win32_1.1.0.202410251130/tools/bin/../lib/gcc/arm-none-eabi/12.3.1/../../../../arm-none-eabi/lib/thumb/v8-m.main+fp/hard\libc_nano.a(libc_a-fstatr.o)
                0x0801ee6c                _fstat_r
 .text._isatty_r
                0x0801ee90       0x20 C:/ST/STM32CubeIDE_1.17.0/STM32CubeIDE/plugins/com.st.stm32cube.ide.mcu.externaltools.gnu-tools-for-stm32.12.3.rel1.win32_1.1.0.202410251130/tools/bin/../lib/gcc/arm-none-eabi/12.3.1/../../../../arm-none-eabi/lib/thumb/v8-m.main+fp/hard\libc_nano.a(libc_a-isattyr.o)
                0x0801ee90                _isatty_r
 .text.sqrt     0x0801eeb0       0x58 C:/ST/STM32CubeIDE_1.17.0/STM32CubeIDE/plugins/com.st.stm32cube.ide.mcu.externaltools.gnu-tools-for-stm32.12.3.rel1.win32_1.1.0.202410251130/tools/bin/../lib/gcc/arm-none-eabi/12.3.1/../../../../arm-none-eabi/lib/thumb/v8-m.main+fp/hard\libm.a(libm_a-w_sqrt.o)
                0x0801eeb0                sqrt
 .text.__ieee754_sqrt
                0x0801ef08      0x1bc C:/ST/STM32CubeIDE_1.17.0/STM32CubeIDE/plugins/com.st.stm32cube.ide.mcu.externaltools.gnu-tools-for-stm32.12.3.rel1.win32_1.1.0.202410251130/tools/bin/../lib/gcc/arm-none-eabi/12.3.1/../../../../arm-none-eabi/lib/thumb/v8-m.main+fp/hard\libm.a(libm_a-e_sqrt.o)
                0x0801ef08                __ieee754_sqrt
 *(.glue_7)
 .glue_7        0x0801f0c4        0x0 linker stubs
 *(.glue_7t)
 .glue_7t       0x0801f0c4        0x0 linker stubs
 *(.eh_frame)
 .eh_frame      0x0801f0c4        0x0 C:/ST/STM32CubeIDE_1.17.0/STM32CubeIDE/plugins/com.st.stm32cube.ide.mcu.externaltools.gnu-tools-for-stm32.12.3.rel1.win32_1.1.0.202410251130/tools/bin/../lib/gcc/arm-none-eabi/12.3.1/thumb/v8-m.main+fp/hard/crtbegin.o
 *(.init)
 .init          0x0801f0c4        0x4 C:/ST/STM32CubeIDE_1.17.0/STM32CubeIDE/plugins/com.st.stm32cube.ide.mcu.externaltools.gnu-tools-for-stm32.12.3.rel1.win32_1.1.0.202410251130/tools/bin/../lib/gcc/arm-none-eabi/12.3.1/thumb/v8-m.main+fp/hard/crti.o
                0x0801f0c4                _init
 .init          0x0801f0c8        0x8 C:/ST/STM32CubeIDE_1.17.0/STM32CubeIDE/plugins/com.st.stm32cube.ide.mcu.externaltools.gnu-tools-for-stm32.12.3.rel1.win32_1.1.0.202410251130/tools/bin/../lib/gcc/arm-none-eabi/12.3.1/thumb/v8-m.main+fp/hard/crtn.o
 *(.fini)
 .fini          0x0801f0d0        0x4 C:/ST/STM32CubeIDE_1.17.0/STM32CubeIDE/plugins/com.st.stm32cube.ide.mcu.externaltools.gnu-tools-for-stm32.12.3.rel1.win32_1.1.0.202410251130/tools/bin/../lib/gcc/arm-none-eabi/12.3.1/thumb/v8-m.main+fp/hard/crti.o
                0x0801f0d0                _fini
 .fini          0x0801f0d4        0x8 C:/ST/STM32CubeIDE_1.17.0/STM32CubeIDE/plugins/com.st.stm32cube.ide.mcu.externaltools.gnu-tools-for-stm32.12.3.rel1.win32_1.1.0.202410251130/tools/bin/../lib/gcc/arm-none-eabi/12.3.1/thumb/v8-m.main+fp/hard/crtn.o
                0x0801f0dc                        . = ALIGN (0x4)
                0x0801f0dc                        _etext = .

.vfp11_veneer   0x0801f0dc        0x0
 .vfp11_veneer  0x0801f0dc        0x0 linker stubs

.v4_bx          0x0801f0dc        0x0
 .v4_bx         0x0801f0dc        0x0 linker stubs

.iplt           0x0801f0dc        0x0
 .iplt          0x0801f0dc        0x0 C:/ST/STM32CubeIDE_1.17.0/STM32CubeIDE/plugins/com.st.stm32cube.ide.mcu.externaltools.gnu-tools-for-stm32.12.3.rel1.win32_1.1.0.202410251130/tools/bin/../lib/gcc/arm-none-eabi/12.3.1/thumb/v8-m.main+fp/hard/crtbegin.o

.rodata         0x0801f0e0      0x650
                0x0801f0e0                        . = ALIGN (0x4)
 *(.rodata)
 .rodata        0x0801f0e0      0x198 ./Core/Src/ATP_Mode.o
 .rodata        0x0801f278      0x108 ./Core/Src/SRAM_Operations.o
 *(.rodata*)
 .rodata.AHBPrescTable
                0x0801f380       0x10 ./Core/Src/system_stm32h5xx.o
                0x0801f380                AHBPrescTable
 .rodata.APBPrescTable
                0x0801f390        0x8 ./Core/Src/system_stm32h5xx.o
                0x0801f390                APBPrescTable
 .rodata.UARTPrescTable
                0x0801f398       0x18 ./Drivers/STM32H5xx_HAL_Driver/Src/stm32h5xx_hal_uart.o
                0x0801f398                UARTPrescTable
 .rodata.numerator.1
                0x0801f3b0        0x8 ./Drivers/STM32H5xx_HAL_Driver/Src/stm32h5xx_hal_uart_ex.o
 .rodata.denominator.0
                0x0801f3b8        0x8 ./Drivers/STM32H5xx_HAL_Driver/Src/stm32h5xx_hal_uart_ex.o
 .rodata._printf_float.str1.1
                0x0801f3c0       0x12 C:/ST/STM32CubeIDE_1.17.0/STM32CubeIDE/plugins/com.st.stm32cube.ide.mcu.externaltools.gnu-tools-for-stm32.12.3.rel1.win32_1.1.0.202410251130/tools/bin/../lib/gcc/arm-none-eabi/12.3.1/../../../../arm-none-eabi/lib/thumb/v8-m.main+fp/hard\libc_nano.a(libc_a-nano-vfprintf_float.o)
 .rodata._printf_i.str1.1
                0x0801f3d2       0x22 C:/ST/STM32CubeIDE_1.17.0/STM32CubeIDE/plugins/com.st.stm32cube.ide.mcu.externaltools.gnu-tools-for-stm32.12.3.rel1.win32_1.1.0.202410251130/tools/bin/../lib/gcc/arm-none-eabi/12.3.1/../../../../arm-none-eabi/lib/thumb/v8-m.main+fp/hard\libc_nano.a(libc_a-nano-vfprintf_i.o)
 .rodata._dtoa_r.str1.1
                0x0801f3f4       0x8d C:/ST/STM32CubeIDE_1.17.0/STM32CubeIDE/plugins/com.st.stm32cube.ide.mcu.externaltools.gnu-tools-for-stm32.12.3.rel1.win32_1.1.0.202410251130/tools/bin/../lib/gcc/arm-none-eabi/12.3.1/../../../../arm-none-eabi/lib/thumb/v8-m.main+fp/hard\libc_nano.a(libc_a-dtoa.o)
                                 0x8f (size before relaxing)
 .rodata._Balloc.str1.1
                0x0801f481       0x59 C:/ST/STM32CubeIDE_1.17.0/STM32CubeIDE/plugins/com.st.stm32cube.ide.mcu.externaltools.gnu-tools-for-stm32.12.3.rel1.win32_1.1.0.202410251130/tools/bin/../lib/gcc/arm-none-eabi/12.3.1/../../../../arm-none-eabi/lib/thumb/v8-m.main+fp/hard\libc_nano.a(libc_a-mprec.o)
                                 0x70 (size before relaxing)
 .rodata.__multadd.str1.1
                0x0801f4da       0x11 C:/ST/STM32CubeIDE_1.17.0/STM32CubeIDE/plugins/com.st.stm32cube.ide.mcu.externaltools.gnu-tools-for-stm32.12.3.rel1.win32_1.1.0.202410251130/tools/bin/../lib/gcc/arm-none-eabi/12.3.1/../../../../arm-none-eabi/lib/thumb/v8-m.main+fp/hard\libc_nano.a(libc_a-mprec.o)
 *fill*         0x0801f4da        0x2 
 .rodata.p05.0  0x0801f4dc        0xc C:/ST/STM32CubeIDE_1.17.0/STM32CubeIDE/plugins/com.st.stm32cube.ide.mcu.externaltools.gnu-tools-for-stm32.12.3.rel1.win32_1.1.0.202410251130/tools/bin/../lib/gcc/arm-none-eabi/12.3.1/../../../../arm-none-eabi/lib/thumb/v8-m.main+fp/hard\libc_nano.a(libc_a-mprec.o)
 .rodata.__mprec_bigtens
                0x0801f4e8       0x28 C:/ST/STM32CubeIDE_1.17.0/STM32CubeIDE/plugins/com.st.stm32cube.ide.mcu.externaltools.gnu-tools-for-stm32.12.3.rel1.win32_1.1.0.202410251130/tools/bin/../lib/gcc/arm-none-eabi/12.3.1/../../../../arm-none-eabi/lib/thumb/v8-m.main+fp/hard\libc_nano.a(libc_a-mprec.o)
                0x0801f4e8                __mprec_bigtens
 .rodata.__mprec_tens
                0x0801f510       0xc8 C:/ST/STM32CubeIDE_1.17.0/STM32CubeIDE/plugins/com.st.stm32cube.ide.mcu.externaltools.gnu-tools-for-stm32.12.3.rel1.win32_1.1.0.202410251130/tools/bin/../lib/gcc/arm-none-eabi/12.3.1/../../../../arm-none-eabi/lib/thumb/v8-m.main+fp/hard\libc_nano.a(libc_a-mprec.o)
                0x0801f510                __mprec_tens
 .rodata._svfprintf_r.str1.1
                0x0801f5d8       0x11 C:/ST/STM32CubeIDE_1.17.0/STM32CubeIDE/plugins/com.st.stm32cube.ide.mcu.externaltools.gnu-tools-for-stm32.12.3.rel1.win32_1.1.0.202410251130/tools/bin/../lib/gcc/arm-none-eabi/12.3.1/../../../../arm-none-eabi/lib/thumb/v8-m.main+fp/hard\libc_nano.a(libc_a-nano-svfprintf.o)
 .rodata._setlocale_r.str1.1
                0x0801f5e9        0x8 C:/ST/STM32CubeIDE_1.17.0/STM32CubeIDE/plugins/com.st.stm32cube.ide.mcu.externaltools.gnu-tools-for-stm32.12.3.rel1.win32_1.1.0.202410251130/tools/bin/../lib/gcc/arm-none-eabi/12.3.1/../../../../arm-none-eabi/lib/thumb/v8-m.main+fp/hard\libc_nano.a(libc_a-locale.o)
                                  0x9 (size before relaxing)
 .rodata.str1.1
                0x0801f5f1        0x2 C:/ST/STM32CubeIDE_1.17.0/STM32CubeIDE/plugins/com.st.stm32cube.ide.mcu.externaltools.gnu-tools-for-stm32.12.3.rel1.win32_1.1.0.202410251130/tools/bin/../lib/gcc/arm-none-eabi/12.3.1/../../../../arm-none-eabi/lib/thumb/v8-m.main+fp/hard\libc_nano.a(libc_a-locale.o)
 .rodata.__assert_func.str1.1
                0x0801f5f3       0x3c C:/ST/STM32CubeIDE_1.17.0/STM32CubeIDE/plugins/com.st.stm32cube.ide.mcu.externaltools.gnu-tools-for-stm32.12.3.rel1.win32_1.1.0.202410251130/tools/bin/../lib/gcc/arm-none-eabi/12.3.1/../../../../arm-none-eabi/lib/thumb/v8-m.main+fp/hard\libc_nano.a(libc_a-assert.o)
                                 0x3d (size before relaxing)
 .rodata._ctype_
                0x0801f62f      0x101 C:/ST/STM32CubeIDE_1.17.0/STM32CubeIDE/plugins/com.st.stm32cube.ide.mcu.externaltools.gnu-tools-for-stm32.12.3.rel1.win32_1.1.0.202410251130/tools/bin/../lib/gcc/arm-none-eabi/12.3.1/../../../../arm-none-eabi/lib/thumb/v8-m.main+fp/hard\libc_nano.a(libc_a-ctype_.o)
                0x0801f62f                _ctype_
 .rodata._vfprintf_r.str1.1
                0x0801f730       0x11 C:/ST/STM32CubeIDE_1.17.0/STM32CubeIDE/plugins/com.st.stm32cube.ide.mcu.externaltools.gnu-tools-for-stm32.12.3.rel1.win32_1.1.0.202410251130/tools/bin/../lib/gcc/arm-none-eabi/12.3.1/../../../../arm-none-eabi/lib/thumb/v8-m.main+fp/hard\libc_nano.a(libc_a-nano-vfprintf.o)
                0x0801f744                        . = ALIGN (0x4)

.ARM.extab      0x0801f730        0x0
                0x0801f730                        . = ALIGN (0x4)
 *(.ARM.extab* .gnu.linkonce.armextab.*)
                0x0801f730                        . = ALIGN (0x4)

.ARM            0x0801f730        0x8
                0x0801f730                        . = ALIGN (0x4)
                0x0801f730                        __exidx_start = .
 *(.ARM.exidx*)
 .ARM.exidx     0x0801f730        0x8 C:/ST/STM32CubeIDE_1.17.0/STM32CubeIDE/plugins/com.st.stm32cube.ide.mcu.externaltools.gnu-tools-for-stm32.12.3.rel1.win32_1.1.0.202410251130/tools/bin/../lib/gcc/arm-none-eabi/12.3.1/../../../../arm-none-eabi/lib/thumb/v8-m.main+fp/hard\libc_nano.a(libc_a-strlen.o)
 .ARM.exidx     0x0801f738        0x0 C:/ST/STM32CubeIDE_1.17.0/STM32CubeIDE/plugins/com.st.stm32cube.ide.mcu.externaltools.gnu-tools-for-stm32.12.3.rel1.win32_1.1.0.202410251130/tools/bin/../lib/gcc/arm-none-eabi/12.3.1/thumb/v8-m.main+fp/hard\libgcc.a(_udivmoddi4.o)
                                  0x8 (size before relaxing)
                0x0801f738                        __exidx_end = .
                0x0801f738                        . = ALIGN (0x4)

.rel.dyn        0x0801f738        0x0
 .rel.iplt      0x0801f738        0x0 C:/ST/STM32CubeIDE_1.17.0/STM32CubeIDE/plugins/com.st.stm32cube.ide.mcu.externaltools.gnu-tools-for-stm32.12.3.rel1.win32_1.1.0.202410251130/tools/bin/../lib/gcc/arm-none-eabi/12.3.1/thumb/v8-m.main+fp/hard/crtbegin.o

.preinit_array  0x0801f738        0x0
                0x0801f738                        . = ALIGN (0x4)
                0x0801f738                        PROVIDE (__preinit_array_start = .)
 *(.preinit_array*)
                0x0801f738                        PROVIDE (__preinit_array_end = .)
                0x0801f738                        . = ALIGN (0x4)

.init_array     0x0801f738        0x4
                0x0801f738                        . = ALIGN (0x4)
                0x0801f738                        PROVIDE (__init_array_start = .)
 *(SORT_BY_NAME(.init_array.*))
 *(.init_array*)
 .init_array    0x0801f738        0x4 C:/ST/STM32CubeIDE_1.17.0/STM32CubeIDE/plugins/com.st.stm32cube.ide.mcu.externaltools.gnu-tools-for-stm32.12.3.rel1.win32_1.1.0.202410251130/tools/bin/../lib/gcc/arm-none-eabi/12.3.1/thumb/v8-m.main+fp/hard/crtbegin.o
                0x0801f73c                        PROVIDE (__init_array_end = .)
                0x0801f73c                        . = ALIGN (0x4)

.fini_array     0x0801f73c        0x4
                0x0801f73c                        . = ALIGN (0x4)
                [!provide]                        PROVIDE (__fini_array_start = .)
 *(SORT_BY_NAME(.fini_array.*))
 *(.fini_array*)
 .fini_array    0x0801f73c        0x4 C:/ST/STM32CubeIDE_1.17.0/STM32CubeIDE/plugins/com.st.stm32cube.ide.mcu.externaltools.gnu-tools-for-stm32.12.3.rel1.win32_1.1.0.202410251130/tools/bin/../lib/gcc/arm-none-eabi/12.3.1/thumb/v8-m.main+fp/hard/crtbegin.o
                [!provide]                        PROVIDE (__fini_array_end = .)
                0x0801f740                        . = ALIGN (0x4)
                0x0801f740                        _sidata = LOADADDR (.data)

.data           0x20000000      0x290 load address 0x0801f740
                0x20000000                        . = ALIGN (0x4)
                0x20000000                        _sdata = .
 *(.data)
 *(.data*)
 .data.wait_time
                0x20000000        0x4 ./Core/Src/ADC_Operations.o
 .data.test_nbr_1
                0x20000004        0x4 ./Core/Src/ATP_Mode.o
 .data.test_nbr_2
                0x20000008        0x4 ./Core/Src/ATP_Mode.o
 .data.test_nbr_3
                0x2000000c        0x4 ./Core/Src/ATP_Mode.o
 .data.test_nbr_4
                0x20000010        0x4 ./Core/Src/ATP_Mode.o
 .data.test_nbr_5
                0x20000014        0x4 ./Core/Src/ATP_Mode.o
 .data.test_nbr_6
                0x20000018        0x4 ./Core/Src/ATP_Mode.o
 .data.test_nbr_7
                0x2000001c        0x4 ./Core/Src/ATP_Mode.o
 .data.test_nbr_8
                0x20000020        0x4 ./Core/Src/ATP_Mode.o
 .data.test_nbr_9
                0x20000024        0x4 ./Core/Src/ATP_Mode.o
 .data.test_nbr_10
                0x20000028        0x4 ./Core/Src/ATP_Mode.o
 .data.test_nbr_11
                0x2000002c        0x4 ./Core/Src/ATP_Mode.o
 .data.test_nbr_12
                0x20000030        0x4 ./Core/Src/ATP_Mode.o
 .data.test_nbr_13
                0x20000034        0x4 ./Core/Src/ATP_Mode.o
 .data.test_nbr_14
                0x20000038        0x4 ./Core/Src/ATP_Mode.o
 .data.test_nbr_15
                0x2000003c        0x4 ./Core/Src/ATP_Mode.o
 .data.test_nbr_16
                0x20000040        0x4 ./Core/Src/ATP_Mode.o
 .data.test_nbr_17
                0x20000044        0x4 ./Core/Src/ATP_Mode.o
 .data.test_nbr_18
                0x20000048        0x4 ./Core/Src/ATP_Mode.o
 .data.test_nbr_19
                0x2000004c        0x4 ./Core/Src/ATP_Mode.o
 .data.test_nbr_20
                0x20000050        0x4 ./Core/Src/ATP_Mode.o
 .data.test_nbr_21
                0x20000054        0x4 ./Core/Src/ATP_Mode.o
 .data.test_nbr_22
                0x20000058        0x4 ./Core/Src/ATP_Mode.o
 .data.test_nbr_23
                0x2000005c        0x4 ./Core/Src/ATP_Mode.o
 .data.test_nbr_24
                0x20000060        0x4 ./Core/Src/ATP_Mode.o
 .data.test_nbr_25
                0x20000064        0x4 ./Core/Src/ATP_Mode.o
 .data.test_nbr_26
                0x20000068        0x4 ./Core/Src/ATP_Mode.o
 .data.test_nbr_27
                0x2000006c        0x4 ./Core/Src/ATP_Mode.o
 .data.test_nbr_28
                0x20000070        0x4 ./Core/Src/ATP_Mode.o
 .data.test_nbr_29
                0x20000074        0x4 ./Core/Src/ATP_Mode.o
 .data.GpStatus
                0x20000078        0x4 ./Core/Src/ATP_Mode.o
 .data.NdStatus
                0x2000007c        0x4 ./Core/Src/ATP_Mode.o
 .data.NdErStatus
                0x20000080        0x4 ./Core/Src/ATP_Mode.o
 .data.sram_location
                0x20000084        0x4 ./Core/Src/SRAM_Operations.o
                0x20000084                sram_location
 .data.sram_base_location
                0x20000088        0x4 ./Core/Src/SRAM_Operations.o
                0x20000088                sram_base_location
 .data.sramAddr_base_addr
                0x2000008c        0x4 ./Core/Src/SRAM_Operations.o
                0x2000008c                sramAddr_base_addr
 .data.sramAddr_NandCyclic
                0x20000090        0x4 ./Core/Src/SRAM_Operations.o
                0x20000090                sramAddr_NandCyclic
 .data.Last_sramAddr
                0x20000094        0x4 ./Core/Src/SRAM_Operations.o
                0x20000094                Last_sramAddr
 .data.sec_addr
                0x20000098        0x4 ./Core/Src/SRAM_Operations.o
                0x20000098                sec_addr
 .data.unused_sramAddr
                0x2000009c        0x4 ./Core/Src/SRAM_Operations.o
                0x2000009c                unused_sramAddr
 .data.unused   0x200000a0        0x1 ./Core/Src/SRAM_Operations.o
                0x200000a0                unused
 .data.pSrcBuffer
                0x200000a1        0x1 ./Core/Src/SRAM_Operations.o
                0x200000a1                pSrcBuffer
 *fill*         0x200000a2        0x2 
 .data.BufferSize
                0x200000a4        0x4 ./Core/Src/SRAM_Operations.o
                0x200000a4                BufferSize
 .data.SystemCoreClock
                0x200000a8        0x4 ./Core/Src/system_stm32h5xx.o
                0x200000a8                SystemCoreClock
 .data.uwTickPrio
                0x200000ac        0x4 ./Drivers/STM32H5xx_HAL_Driver/Src/stm32h5xx_hal.o
                0x200000ac                uwTickPrio
 .data.uwTickFreq
                0x200000b0        0x1 ./Drivers/STM32H5xx_HAL_Driver/Src/stm32h5xx_hal.o
                0x200000b0                uwTickFreq
 *fill*         0x200000b1        0x3 
 .data.__sglue  0x200000b4        0xc C:/ST/STM32CubeIDE_1.17.0/STM32CubeIDE/plugins/com.st.stm32cube.ide.mcu.externaltools.gnu-tools-for-stm32.12.3.rel1.win32_1.1.0.202410251130/tools/bin/../lib/gcc/arm-none-eabi/12.3.1/../../../../arm-none-eabi/lib/thumb/v8-m.main+fp/hard\libc_nano.a(libc_a-findfp.o)
                0x200000b4                __sglue
 .data._impure_ptr
                0x200000c0        0x4 C:/ST/STM32CubeIDE_1.17.0/STM32CubeIDE/plugins/com.st.stm32cube.ide.mcu.externaltools.gnu-tools-for-stm32.12.3.rel1.win32_1.1.0.202410251130/tools/bin/../lib/gcc/arm-none-eabi/12.3.1/../../../../arm-none-eabi/lib/thumb/v8-m.main+fp/hard\libc_nano.a(libc_a-impure.o)
                0x200000c0                _impure_ptr
 .data._impure_data
                0x200000c4       0x4c C:/ST/STM32CubeIDE_1.17.0/STM32CubeIDE/plugins/com.st.stm32cube.ide.mcu.externaltools.gnu-tools-for-stm32.12.3.rel1.win32_1.1.0.202410251130/tools/bin/../lib/gcc/arm-none-eabi/12.3.1/../../../../arm-none-eabi/lib/thumb/v8-m.main+fp/hard\libc_nano.a(libc_a-impure.o)
                0x200000c4                _impure_data
 .data.__global_locale
                0x20000110      0x16c C:/ST/STM32CubeIDE_1.17.0/STM32CubeIDE/plugins/com.st.stm32cube.ide.mcu.externaltools.gnu-tools-for-stm32.12.3.rel1.win32_1.1.0.202410251130/tools/bin/../lib/gcc/arm-none-eabi/12.3.1/../../../../arm-none-eabi/lib/thumb/v8-m.main+fp/hard\libc_nano.a(libc_a-locale.o)
                0x20000110                __global_locale
 *fill*         0x2000027c        0x4 
 .data.tiny     0x20000280        0x8 C:/ST/STM32CubeIDE_1.17.0/STM32CubeIDE/plugins/com.st.stm32cube.ide.mcu.externaltools.gnu-tools-for-stm32.12.3.rel1.win32_1.1.0.202410251130/tools/bin/../lib/gcc/arm-none-eabi/12.3.1/../../../../arm-none-eabi/lib/thumb/v8-m.main+fp/hard\libm.a(libm_a-e_sqrt.o)
 .data.one      0x20000288        0x8 C:/ST/STM32CubeIDE_1.17.0/STM32CubeIDE/plugins/com.st.stm32cube.ide.mcu.externaltools.gnu-tools-for-stm32.12.3.rel1.win32_1.1.0.202410251130/tools/bin/../lib/gcc/arm-none-eabi/12.3.1/../../../../arm-none-eabi/lib/thumb/v8-m.main+fp/hard\libm.a(libm_a-e_sqrt.o)
 *(.RamFunc)
 *(.RamFunc*)
                0x20000290                        . = ALIGN (0x4)
                0x20000290                        _edata = .

.igot.plt       0x20000290        0x0 load address 0x0801f9d0
 .igot.plt      0x20000290        0x0 C:/ST/STM32CubeIDE_1.17.0/STM32CubeIDE/plugins/com.st.stm32cube.ide.mcu.externaltools.gnu-tools-for-stm32.12.3.rel1.win32_1.1.0.202410251130/tools/bin/../lib/gcc/arm-none-eabi/12.3.1/thumb/v8-m.main+fp/hard/crtbegin.o
                0x20000290                        . = ALIGN (0x4)

.bss            0x20000290     0x5ab0 load address 0x0801f9d0
                0x20000290                        _sbss = .