../Core/Src/main.c:134:5:main	8	static
../Core/Src/main.c:257:6:SystemClock_Config	120	static
../Core/Src/main.c:314:13:MX_ICACHE_Init	8	static
../Core/Src/main.c:346:13:MX_SPI2_Init	8	static
../Core/Src/main.c:394:13:MX_SPI3_Init	8	static
../Core/Src/main.c:442:13:MX_SPI5_Init	8	static
../Core/Src/main.c:490:13:MX_UART4_Init	8	static
../Core/Src/main.c:538:13:MX_UART5_Init	8	static
../Core/Src/main.c:586:13:MX_UART8_Init	8	static
../Core/Src/main.c:634:13:MX_USART10_UART_Init	8	static
../Core/Src/main.c:678:13:MX_FMC_Init	72	static
../Core/Src/main.c:776:13:MX_GPIO_Init	64	static
../Core/Src/main.c:952:6:UART_InitAllHandlers	8	static
../Core/Src/main.c:960:6:HAL_UART_RxCpltCallback	16	static
../Core/Src/main.c:1190:6:NAND_DieSwitch	16	static
../Core/Src/main.c:1220:6:Error_Handler	4	static,ignoring_inline_asm
