../Core/Src/SRAM_Operations.c:76:9:SRAM_operation	552	static
../Core/Src/SRAM_Operations.c:234:6:get_NAND_data	8208	static
../Core/Src/SRAM_Operations.c:248:9:get_NAND_address	8	static
../Core/Src/SRAM_Operations.c:279:6:update_NAND_addr	8	static
../Core/Src/SRAM_Operations.c:287:6:update_NAND_CyclicAddr	8	static
../Core/Src/SRAM_Operations.c:295:9:get_NAND_CyclicAddr	8	static
../Core/Src/SRAM_Operations.c:304:6:update_SRAM_Addr	8	static
../Core/Src/SRAM_Operations.c:317:10:get_SRAM_Addr	16	static
../Core/Src/SRAM_Operations.c:340:9:Init_NAND_addr	8	static
../Core/Src/SRAM_Operations.c:369:9:Decimal_to_BCD	16	static
../Core/Src/SRAM_Operations.c:377:6:time_setter	8	static
