../Core/Src/stm32h5xx_hal_msp.c:63:6:HAL_MspInit	4	static
../Core/Src/stm32h5xx_hal_msp.c:83:6:HAL_SPI_MspInit	328	static
../Core/Src/stm32h5xx_hal_msp.c:201:6:HAL_SPI_MspDeInit	16	static
../Core/Src/stm32h5xx_hal_msp.c:269:6:HAL_UART_MspInit	336	static
../Core/Src/stm32h5xx_hal_msp.c:432:6:HAL_UART_MspDeInit	16	static
../Core/Src/stm32h5xx_hal_msp.c:519:13:HAL_FMC_MspInit	32	static
../Core/Src/stm32h5xx_hal_msp.c:626:6:HAL_SRAM_MspInit	16	static
../Core/Src/stm32h5xx_hal_msp.c:636:6:HAL_NAND_MspInit	16	static
../Core/Src/stm32h5xx_hal_msp.c:648:13:HAL_FMC_MspDeInit	8	static
../Core/Src/stm32h5xx_hal_msp.c:716:6:HAL_SRAM_MspDeInit	16	static
../Core/Src/stm32h5xx_hal_msp.c:726:6:HAL_NAND_MspDeInit	16	static
