../Core/Src/main.c:92:5:main	8	static
../Core/Src/main.c:165:6:SystemClock_Config	120	static
../Core/Src/main.c:222:13:MX_UART5_Init	8	static
../Core/Src/main.c:270:13:MX_GPIO_Init	48	static
../Core/Src/main.c:301:6:UART_InitAllHandlers	8	static
../Core/Src/main.c:308:6:JumpToApplication	24	static,ignoring_inline_asm
../Core/Src/main.c:327:6:BootloaderMain	296	static
../Core/Src/main.c:401:6:WriteQuadWordToFlash	32	static
../Core/Src/main.c:416:6:EraseFlash	40	static
../Core/Src/main.c:439:6:IsBootloaderMode	8	static
../Core/Src/main.c:450:6:HAL_UART_RxCpltCallback	16	static
../Core/Src/main.c:461:6:circular_buffer_init	16	static
../Core/Src/main.c:469:6:circular_buffer_write	16	static
../Core/Src/main.c:491:6:Error_Handler	4	static,ignoring_inline_asm
