../Core/Src/stm32h5xx_it.c:70:6:NMI_Handler	16	static,ignoring_inline_asm
../Core/Src/stm32h5xx_it.c:113:6:HardFault_Handler	8	static
../Core/Src/stm32h5xx_it.c:130:6:MemManage_Handler	4	static
../Core/Src/stm32h5xx_it.c:145:6:BusFault_Handler	4	static
../Core/Src/stm32h5xx_it.c:160:6:UsageFault_Handler	4	static
../Core/Src/stm32h5xx_it.c:175:6:SVC_Handler	4	static
../Core/Src/stm32h5xx_it.c:188:6:DebugMon_Handler	4	static
../Core/Src/stm32h5xx_it.c:201:6:PendSV_Handler	4	static
../Core/Src/stm32h5xx_it.c:214:6:SysTick_Handler	8	static
../Core/Src/stm32h5xx_it.c:235:6:UART5_IRQHandler	8	static
